<html>
<body>
<pre>
<h1>µVision Build Log</h1>
<h2>Tool Versions:</h2>
IDE-Version: ¦ÌVision V5.41.0.0
Copyright (C) 2024 ARM Ltd and ARM Germany GmbH. All rights reserved.
License Information: 1 1, 1, LIC=FYKYW-QITG8-567Q2-9HQRF-VDYAG-0QK7C
 
Tool Versions:
Toolchain:       MDK-ARM Plus  Version: 5.41.0.0
Toolchain Path:  D:\Keil5\ARM\ARMCC\Bin
C Compiler:      Armcc.exe V5.06 update 6 (build 750)
Assembler:       Armasm.exe V5.06 update 6 (build 750)
Linker/Locator:  ArmLink.exe V5.06 update 6 (build 750)
Library Manager: ArmAr.exe V5.06 update 6 (build 750)
Hex Converter:   FromElf.exe V5.06 update 6 (build 750)
CPU DLL:         SARMCM3.DLL V5.41.0.0
Dialog DLL:      DCM.DLL V1.17.5.0
Target DLL:      CMSIS_AGDI.dll V1.33.21.0
Dialog DLL:      TCM.DLL V1.56.4.0
 
<h2>Project:</h2>
E:\MyPrograms\GitRepositories\STM32Project\Project\project.uvprojx
Project File Date:  04/26/2025

<h2>Output:</h2>
*** Using Compiler 'V5.06 update 6 (build 750)', folder: 'D:\Keil5\ARM\ARMCC\Bin'
Rebuild target 'Target 1'
assembling startup_stm32f10x_md.s...
compiling core_cm3.c...
compiling stm32f10x_bkp.c...
compiling stm32f10x_dbgmcu.c...
compiling stm32f10x_dac.c...
compiling stm32f10x_can.c...
compiling stm32f10x_cec.c...
compiling stm32f10x_adc.c...
compiling system_stm32f10x.c...
compiling misc.c...
compiling stm32f10x_dma.c...
compiling stm32f10x_crc.c...
compiling stm32f10x_exti.c...
compiling stm32f10x_flash.c...
compiling stm32f10x_gpio.c...
compiling stm32f10x_fsmc.c...
compiling stm32f10x_i2c.c...
compiling stm32f10x_iwdg.c...
compiling stm32f10x_pwr.c...
compiling stm32f10x_rcc.c...
compiling stm32f10x_rtc.c...
compiling stm32f10x_sdio.c...
compiling stm32f10x_spi.c...
compiling stm32f10x_tim.c...
compiling stm32f10x_usart.c...
compiling stm32f10x_wwdg.c...
compiling cJSON.c...
System\cJSON.c(60): warning:  #1293-D: assignment in condition
  	if (!(copy = (char *)cJSON_malloc(len)))
System\cJSON.c(431): warning:  #1293-D: assignment in condition
  	while ((token = *ptr) && ++len)
System\cJSON.c(555): warning:  #111-D: statement is unreachable
  	return p.buffer;
System\cJSON.c(700): warning:  #1293-D: assignment in condition
  		if (!(new_item = cJSON_New_Item()))
System\cJSON.c(873): warning:  #1293-D: assignment in condition
  		if (!(new_item = cJSON_New_Item()))
System\cJSON.c: 5 warnings, 0 errors
compiling Delay.c...
compiling Fonts.c...
compiling RTC.c...
compiling FreeRTOSTask.c...
compiling Key.c...
compiling Buzzer.c...
compiling LED.c...
compiling DHT11.c...
compiling DMA.c...
compiling Serial.c...
compiling croutine.c...
compiling RD03.c...
compiling event_groups.c...
compiling list.c...
compiling W25Q64.c...
compiling MPU6050.c...
compiling queue.c...
compiling stream_buffer.c...
compiling ESP8266.c...
compiling LCD.c...
compiling stm32f10x_it.c...
compiling main.c...
compiling timers.c...
compiling heap_4.c...
compiling tasks.c...
compiling port.c...
linking...
Program Size: Code=4172 RO-data=1788 RW-data=120 ZI-data=2352  
".\Objects\project.axf" - 0 Error(s), 5 Warning(s).

<h2>Software Packages used:</h2>

Package Vendor: Keil
                http://www.keil.com/pack/Keil.STM32F1xx_DFP.1.0.5.pack
                Keil::STM32F1xx_DFP@1.0.5
                STMicroelectronics STM32F1 Series Device Support, Drivers and Examples

<h2>Collection of Component include folders:</h2>
  D:/Keil5/Keil/STM32F1xx_DFP/1.0.5/Device/Include

<h2>Collection of Component Files used:</h2>
Build Time Elapsed:  00:00:02
</pre>
</body>
</html>
