Component: ARM Compiler 5.06 update 6 (build 750) Tool: armlink [4d35ed]

==============================================================================

Section Cross References

    startup_stm32f10x_md.o(RESET) refers to startup_stm32f10x_md.o(STACK) for __initial_sp
    startup_stm32f10x_md.o(RESET) refers to startup_stm32f10x_md.o(.text) for Reset_Handler
    startup_stm32f10x_md.o(RESET) refers to stm32f10x_it.o(i.NMI_Handler) for NMI_Handler
    startup_stm32f10x_md.o(RESET) refers to stm32f10x_it.o(i.HardFault_Handler) for HardFault_Handler
    startup_stm32f10x_md.o(RESET) refers to stm32f10x_it.o(i.MemManage_Handler) for MemManage_Handler
    startup_stm32f10x_md.o(RESET) refers to stm32f10x_it.o(i.BusFault_Handler) for BusFault_Handler
    startup_stm32f10x_md.o(RESET) refers to stm32f10x_it.o(i.UsageFault_Handler) for UsageFault_Handler
    startup_stm32f10x_md.o(RESET) refers to port.o(.emb_text) for SVC_Handler
    startup_stm32f10x_md.o(RESET) refers to stm32f10x_it.o(i.DebugMon_Handler) for DebugMon_Handler
    startup_stm32f10x_md.o(RESET) refers to stm32f10x_it.o(i.SysTick_Handler) for SysTick_Handler
    startup_stm32f10x_md.o(RESET) refers to serial.o(i.USART1_IRQHandler) for USART1_IRQHandler
    startup_stm32f10x_md.o(RESET) refers to rd03.o(i.USART2_IRQHandler) for USART2_IRQHandler
    startup_stm32f10x_md.o(RESET) refers to esp8266.o(i.USART3_IRQHandler) for USART3_IRQHandler
    startup_stm32f10x_md.o(.text) refers to system_stm32f10x.o(i.SystemInit) for SystemInit
    startup_stm32f10x_md.o(.text) refers to entry.o(.ARM.Collect$$$$00000000) for __main
    system_stm32f10x.o(i.SetSysClock) refers to system_stm32f10x.o(i.SetSysClockTo72) for SetSysClockTo72
    system_stm32f10x.o(i.SystemCoreClockUpdate) refers to system_stm32f10x.o(.data) for .data
    system_stm32f10x.o(i.SystemInit) refers to system_stm32f10x.o(i.SetSysClock) for SetSysClock
    stm32f10x_adc.o(i.ADC_DeInit) refers to stm32f10x_rcc.o(i.RCC_APB2PeriphResetCmd) for RCC_APB2PeriphResetCmd
    stm32f10x_bkp.o(i.BKP_DeInit) refers to stm32f10x_rcc.o(i.RCC_BackupResetCmd) for RCC_BackupResetCmd
    stm32f10x_can.o(i.CAN_DeInit) refers to stm32f10x_rcc.o(i.RCC_APB1PeriphResetCmd) for RCC_APB1PeriphResetCmd
    stm32f10x_can.o(i.CAN_GetITStatus) refers to stm32f10x_can.o(i.CheckITStatus) for CheckITStatus
    stm32f10x_cec.o(i.CEC_DeInit) refers to stm32f10x_rcc.o(i.RCC_APB1PeriphResetCmd) for RCC_APB1PeriphResetCmd
    stm32f10x_dac.o(i.DAC_DeInit) refers to stm32f10x_rcc.o(i.RCC_APB1PeriphResetCmd) for RCC_APB1PeriphResetCmd
    stm32f10x_flash.o(i.FLASH_EnableWriteProtection) refers to stm32f10x_flash.o(i.FLASH_WaitForLastOperation) for FLASH_WaitForLastOperation
    stm32f10x_flash.o(i.FLASH_EraseAllBank1Pages) refers to stm32f10x_flash.o(i.FLASH_WaitForLastBank1Operation) for FLASH_WaitForLastBank1Operation
    stm32f10x_flash.o(i.FLASH_EraseAllPages) refers to stm32f10x_flash.o(i.FLASH_WaitForLastOperation) for FLASH_WaitForLastOperation
    stm32f10x_flash.o(i.FLASH_EraseOptionBytes) refers to stm32f10x_flash.o(i.FLASH_GetReadOutProtectionStatus) for FLASH_GetReadOutProtectionStatus
    stm32f10x_flash.o(i.FLASH_EraseOptionBytes) refers to stm32f10x_flash.o(i.FLASH_WaitForLastOperation) for FLASH_WaitForLastOperation
    stm32f10x_flash.o(i.FLASH_ErasePage) refers to stm32f10x_flash.o(i.FLASH_WaitForLastOperation) for FLASH_WaitForLastOperation
    stm32f10x_flash.o(i.FLASH_ProgramHalfWord) refers to stm32f10x_flash.o(i.FLASH_WaitForLastOperation) for FLASH_WaitForLastOperation
    stm32f10x_flash.o(i.FLASH_ProgramOptionByteData) refers to stm32f10x_flash.o(i.FLASH_WaitForLastOperation) for FLASH_WaitForLastOperation
    stm32f10x_flash.o(i.FLASH_ProgramWord) refers to stm32f10x_flash.o(i.FLASH_WaitForLastOperation) for FLASH_WaitForLastOperation
    stm32f10x_flash.o(i.FLASH_ReadOutProtection) refers to stm32f10x_flash.o(i.FLASH_WaitForLastOperation) for FLASH_WaitForLastOperation
    stm32f10x_flash.o(i.FLASH_UserOptionByteConfig) refers to stm32f10x_flash.o(i.FLASH_WaitForLastOperation) for FLASH_WaitForLastOperation
    stm32f10x_flash.o(i.FLASH_WaitForLastBank1Operation) refers to stm32f10x_flash.o(i.FLASH_GetBank1Status) for FLASH_GetBank1Status
    stm32f10x_flash.o(i.FLASH_WaitForLastOperation) refers to stm32f10x_flash.o(i.FLASH_GetBank1Status) for FLASH_GetBank1Status
    stm32f10x_gpio.o(i.GPIO_AFIODeInit) refers to stm32f10x_rcc.o(i.RCC_APB2PeriphResetCmd) for RCC_APB2PeriphResetCmd
    stm32f10x_gpio.o(i.GPIO_DeInit) refers to stm32f10x_rcc.o(i.RCC_APB2PeriphResetCmd) for RCC_APB2PeriphResetCmd
    stm32f10x_i2c.o(i.I2C_DeInit) refers to stm32f10x_rcc.o(i.RCC_APB1PeriphResetCmd) for RCC_APB1PeriphResetCmd
    stm32f10x_i2c.o(i.I2C_Init) refers to stm32f10x_rcc.o(i.RCC_GetClocksFreq) for RCC_GetClocksFreq
    stm32f10x_pwr.o(i.PWR_DeInit) refers to stm32f10x_rcc.o(i.RCC_APB1PeriphResetCmd) for RCC_APB1PeriphResetCmd
    stm32f10x_rcc.o(i.RCC_GetClocksFreq) refers to stm32f10x_rcc.o(.data) for .data
[...]
    Removing stm32f10x_rtc.o(i.RTC_SetAlarm), (32 bytes).
    Removing stm32f10x_rtc.o(i.RTC_SetCounter), (32 bytes).
    Removing stm32f10x_rtc.o(i.RTC_SetPrescaler), (32 bytes).
    Removing stm32f10x_rtc.o(i.RTC_WaitForLastTask), (16 bytes).
    Removing stm32f10x_rtc.o(i.RTC_WaitForSynchro), (24 bytes).
    Removing stm32f10x_sdio.o(i.SDIO_CEATAITCmd), (16 bytes).
    Removing stm32f10x_sdio.o(i.SDIO_ClearFlag), (12 bytes).
    Removing stm32f10x_sdio.o(i.SDIO_ClearITPendingBit), (12 bytes).
    Removing stm32f10x_sdio.o(i.SDIO_ClockCmd), (12 bytes).
    Removing stm32f10x_sdio.o(i.SDIO_CmdStructInit), (14 bytes).
    Removing stm32f10x_sdio.o(i.SDIO_CommandCompletionCmd), (12 bytes).
    Removing stm32f10x_sdio.o(i.SDIO_DMACmd), (12 bytes).
    Removing stm32f10x_sdio.o(i.SDIO_DataConfig), (44 bytes).
    Removing stm32f10x_sdio.o(i.SDIO_DataStructInit), (20 bytes).
    Removing stm32f10x_sdio.o(i.SDIO_DeInit), (36 bytes).
    Removing stm32f10x_sdio.o(i.SDIO_GetCommandResponse), (12 bytes).
    Removing stm32f10x_sdio.o(i.SDIO_GetDataCounter), (12 bytes).
    Removing stm32f10x_sdio.o(i.SDIO_GetFIFOCount), (12 bytes).
    Removing stm32f10x_sdio.o(i.SDIO_GetFlagStatus), (20 bytes).
    Removing stm32f10x_sdio.o(i.SDIO_GetITStatus), (20 bytes).
    Removing stm32f10x_sdio.o(i.SDIO_GetPowerState), (16 bytes).
    Removing stm32f10x_sdio.o(i.SDIO_GetResponse), (20 bytes).
    Removing stm32f10x_sdio.o(i.SDIO_ITConfig), (28 bytes).
    Removing stm32f10x_sdio.o(i.SDIO_Init), (44 bytes).
    Removing stm32f10x_sdio.o(i.SDIO_ReadData), (12 bytes).
    Removing stm32f10x_sdio.o(i.SDIO_SendCEATACmd), (12 bytes).
    Removing stm32f10x_sdio.o(i.SDIO_SendCommand), (40 bytes).
    Removing stm32f10x_sdio.o(i.SDIO_SendSDIOSuspendCmd), (12 bytes).
    Removing stm32f10x_sdio.o(i.SDIO_SetPowerState), (12 bytes).
    Removing stm32f10x_sdio.o(i.SDIO_SetSDIOOperation), (12 bytes).
    Removing stm32f10x_sdio.o(i.SDIO_SetSDIOReadWaitMode), (12 bytes).
    Removing stm32f10x_sdio.o(i.SDIO_StartSDIOReadWait), (12 bytes).
    Removing stm32f10x_sdio.o(i.SDIO_StopSDIOReadWait), (12 bytes).
    Removing stm32f10x_sdio.o(i.SDIO_StructInit), (16 bytes).
    Removing stm32f10x_sdio.o(i.SDIO_WriteData), (12 bytes).
    Removing stm32f10x_spi.o(i.I2S_Cmd), (24 bytes).
    Removing stm32f10x_spi.o(i.I2S_Init), (168 bytes).
    Removing stm32f10x_spi.o(i.I2S_StructInit), (18 bytes).
    Removing stm32f10x_spi.o(i.SPI_BiDirectionalLineConfig), (26 bytes).
    Removing stm32f10x_spi.o(i.SPI_CalculateCRC), (24 bytes).
    Removing stm32f10x_spi.o(i.SPI_Cmd), (24 bytes).
    Removing stm32f10x_spi.o(i.SPI_DataSizeConfig), (16 bytes).
    Removing stm32f10x_spi.o(i.SPI_GetCRC), (12 bytes).
    Removing stm32f10x_spi.o(i.SPI_GetCRCPolynomial), (4 bytes).
    Removing stm32f10x_spi.o(i.SPI_I2S_ClearFlag), (6 bytes).
    Removing stm32f10x_spi.o(i.SPI_I2S_ClearITPendingBit), (14 bytes).
    Removing stm32f10x_spi.o(i.SPI_I2S_DMACmd), (20 bytes).
    Removing stm32f10x_spi.o(i.SPI_I2S_DeInit), (100 bytes).
    Removing stm32f10x_spi.o(i.SPI_I2S_GetFlagStatus), (14 bytes).
    Removing stm32f10x_spi.o(i.SPI_I2S_GetITStatus), (44 bytes).
    Removing stm32f10x_spi.o(i.SPI_I2S_ITConfig), (28 bytes).
    Removing stm32f10x_spi.o(i.SPI_I2S_ReceiveData), (4 bytes).
    Removing stm32f10x_spi.o(i.SPI_I2S_SendData), (4 bytes).
    Removing stm32f10x_spi.o(i.SPI_Init), (56 bytes).
    Removing stm32f10x_spi.o(i.SPI_NSSInternalSoftwareConfig), (28 bytes).
    Removing stm32f10x_spi.o(i.SPI_SSOutputCmd), (24 bytes).
    Removing stm32f10x_spi.o(i.SPI_StructInit), (24 bytes).
    Removing stm32f10x_spi.o(i.SPI_TransmitCRC), (10 bytes).
    Removing stm32f10x_tim.o(i.TI1_Config), (116 bytes).
    Removing stm32f10x_tim.o(i.TI2_Config), (124 bytes).
    Removing stm32f10x_tim.o(i.TI3_Config), (120 bytes).
    Removing stm32f10x_tim.o(i.TI4_Config), (124 bytes).
    Removing stm32f10x_tim.o(i.TIM_ARRPreloadConfig), (24 bytes).
    Removing stm32f10x_tim.o(i.TIM_BDTRConfig), (34 bytes).
    Removing stm32f10x_tim.o(i.TIM_BDTRStructInit), (18 bytes).
    Removing stm32f10x_tim.o(i.TIM_CCPreloadControl), (24 bytes).
    Removing stm32f10x_tim.o(i.TIM_CCxCmd), (22 bytes).
    Removing stm32f10x_tim.o(i.TIM_CCxNCmd), (22 bytes).
    Removing stm32f10x_tim.o(i.TIM_ClearFlag), (6 bytes).
    Removing stm32f10x_tim.o(i.TIM_ClearITPendingBit), (6 bytes).
    Removing stm32f10x_tim.o(i.TIM_ClearOC1Ref), (12 bytes).
    Removing stm32f10x_tim.o(i.TIM_ClearOC2Ref), (20 bytes).
    Removing stm32f10x_tim.o(i.TIM_ClearOC3Ref), (12 bytes).
    Removing stm32f10x_tim.o(i.TIM_ClearOC4Ref), (20 bytes).
    Removing stm32f10x_tim.o(i.TIM_Cmd), (24 bytes).
    Removing stm32f10x_tim.o(i.TIM_CounterModeConfig), (12 bytes).
    Removing stm32f10x_tim.o(i.TIM_CtrlPWMOutputs), (28 bytes).
    Removing stm32f10x_tim.o(i.TIM_DMACmd), (20 bytes).
    Removing stm32f10x_tim.o(i.TIM_DMAConfig), (8 bytes).
    Removing stm32f10x_tim.o(i.TIM_DeInit), (528 bytes).
    Removing stm32f10x_tim.o(i.TIM_ETRClockMode1Config), (32 bytes).
    Removing stm32f10x_tim.o(i.TIM_ETRClockMode2Config), (20 bytes).
    Removing stm32f10x_tim.o(i.TIM_ETRConfig), (24 bytes).
    Removing stm32f10x_tim.o(i.TIM_EncoderInterfaceConfig), (50 bytes).
    Removing stm32f10x_tim.o(i.TIM_ForcedOC1Config), (12 bytes).
    Removing stm32f10x_tim.o(i.TIM_ForcedOC2Config), (20 bytes).
    Removing stm32f10x_tim.o(i.TIM_ForcedOC3Config), (12 bytes).
    Removing stm32f10x_tim.o(i.TIM_ForcedOC4Config), (20 bytes).
    Removing stm32f10x_tim.o(i.TIM_GenerateEvent), (4 bytes).
    Removing stm32f10x_tim.o(i.TIM_GetCapture1), (4 bytes).
    Removing stm32f10x_tim.o(i.TIM_GetCapture2), (4 bytes).
    Removing stm32f10x_tim.o(i.TIM_GetCapture3), (4 bytes).
    Removing stm32f10x_tim.o(i.TIM_GetCapture4), (6 bytes).
    Removing stm32f10x_tim.o(i.TIM_GetCounter), (4 bytes).
    Removing stm32f10x_tim.o(i.TIM_GetFlagStatus), (14 bytes).
    Removing stm32f10x_tim.o(i.TIM_GetITStatus), (24 bytes).
    Removing stm32f10x_tim.o(i.TIM_GetPrescaler), (4 bytes).
    Removing stm32f10x_tim.o(i.TIM_ICInit), (140 bytes).
    Removing stm32f10x_tim.o(i.TIM_ICStructInit), (16 bytes).
    Removing stm32f10x_tim.o(i.TIM_ITConfig), (20 bytes).
    Removing stm32f10x_tim.o(i.TIM_ITRxExternalClockConfig), (20 bytes).
    Removing stm32f10x_tim.o(i.TIM_InternalClockConfig), (10 bytes).
    Removing stm32f10x_tim.o(i.TIM_OC1FastConfig), (12 bytes).
    Removing stm32f10x_tim.o(i.TIM_OC1Init), (136 bytes).
    Removing stm32f10x_tim.o(i.TIM_OC1NPolarityConfig), (12 bytes).
    Removing stm32f10x_tim.o(i.TIM_OC1PolarityConfig), (12 bytes).
    Removing stm32f10x_tim.o(i.TIM_OC1PreloadConfig), (12 bytes).
    Removing stm32f10x_tim.o(i.TIM_OC2FastConfig), (20 bytes).
    Removing stm32f10x_tim.o(i.TIM_OC2Init), (136 bytes).
    Removing stm32f10x_tim.o(i.TIM_OC2NPolarityConfig), (20 bytes).
    Removing stm32f10x_tim.o(i.TIM_OC2PolarityConfig), (20 bytes).
    Removing stm32f10x_tim.o(i.TIM_OC2PreloadConfig), (20 bytes).
    Removing stm32f10x_tim.o(i.TIM_OC3FastConfig), (12 bytes).
    Removing stm32f10x_tim.o(i.TIM_OC3Init), (132 bytes).
    Removing stm32f10x_tim.o(i.TIM_OC3NPolarityConfig), (20 bytes).
    Removing stm32f10x_tim.o(i.TIM_OC3PolarityConfig), (20 bytes).
    Removing stm32f10x_tim.o(i.TIM_OC3PreloadConfig), (12 bytes).
    Removing stm32f10x_tim.o(i.TIM_OC4FastConfig), (20 bytes).
    Removing stm32f10x_tim.o(i.TIM_OC4Init), (104 bytes).
    Removing stm32f10x_tim.o(i.TIM_OC4PolarityConfig), (20 bytes).
    Removing stm32f10x_tim.o(i.TIM_OC4PreloadConfig), (20 bytes).
    Removing stm32f10x_tim.o(i.TIM_OCStructInit), (20 bytes).
    Removing stm32f10x_tim.o(i.TIM_PWMIConfig), (110 bytes).
    Removing stm32f10x_tim.o(i.TIM_PrescalerConfig), (6 bytes).
    Removing stm32f10x_tim.o(i.TIM_SelectCCDMA), (24 bytes).
    Removing stm32f10x_tim.o(i.TIM_SelectCOM), (24 bytes).
    Removing stm32f10x_tim.o(i.TIM_SelectHallSensor), (24 bytes).
    Removing stm32f10x_tim.o(i.TIM_SelectInputTrigger), (12 bytes).
    Removing stm32f10x_tim.o(i.TIM_SelectMasterSlaveMode), (16 bytes).
    Removing stm32f10x_tim.o(i.TIM_SelectOCxM), (76 bytes).
    Removing stm32f10x_tim.o(i.TIM_SelectOnePulseMode), (16 bytes).
    Removing stm32f10x_tim.o(i.TIM_SelectOutputTrigger), (16 bytes).
    Removing stm32f10x_tim.o(i.TIM_SelectSlaveMode), (16 bytes).
    Removing stm32f10x_tim.o(i.TIM_SetAutoreload), (4 bytes).
    Removing stm32f10x_tim.o(i.TIM_SetClockDivision), (16 bytes).
    Removing stm32f10x_tim.o(i.TIM_SetCompare1), (4 bytes).
    Removing stm32f10x_tim.o(i.TIM_SetCompare2), (4 bytes).
    Removing stm32f10x_tim.o(i.TIM_SetCompare3), (4 bytes).
    Removing stm32f10x_tim.o(i.TIM_SetCompare4), (6 bytes).
    Removing stm32f10x_tim.o(i.TIM_SetCounter), (4 bytes).
    Removing stm32f10x_tim.o(i.TIM_SetIC1Prescaler), (16 bytes).
    Removing stm32f10x_tim.o(i.TIM_SetIC2Prescaler), (24 bytes).
    Removing stm32f10x_tim.o(i.TIM_SetIC3Prescaler), (16 bytes).
    Removing stm32f10x_tim.o(i.TIM_SetIC4Prescaler), (24 bytes).
    Removing stm32f10x_tim.o(i.TIM_TIxExternalClockConfig), (48 bytes).
    Removing stm32f10x_tim.o(i.TIM_TimeBaseInit), (156 bytes).
    Removing stm32f10x_tim.o(i.TIM_TimeBaseStructInit), (18 bytes).
    Removing stm32f10x_tim.o(i.TIM_UpdateDisableConfig), (24 bytes).
    Removing stm32f10x_tim.o(i.TIM_UpdateRequestConfig), (24 bytes).
    Removing stm32f10x_usart.o(i.USART_ClearFlag), (8 bytes).
    Removing stm32f10x_usart.o(i.USART_ClockInit), (30 bytes).
    Removing stm32f10x_usart.o(i.USART_ClockStructInit), (12 bytes).
    Removing stm32f10x_usart.o(i.USART_DMACmd), (20 bytes).
    Removing stm32f10x_usart.o(i.USART_DeInit), (164 bytes).
    Removing stm32f10x_usart.o(i.USART_HalfDuplexCmd), (24 bytes).
    Removing stm32f10x_usart.o(i.USART_IrDACmd), (24 bytes).
    Removing stm32f10x_usart.o(i.USART_IrDAConfig), (16 bytes).
    Removing stm32f10x_usart.o(i.USART_LINBreakDetectLengthConfig), (16 bytes).
    Removing stm32f10x_usart.o(i.USART_LINCmd), (24 bytes).
    Removing stm32f10x_usart.o(i.USART_OneBitMethodCmd), (24 bytes).
    Removing stm32f10x_usart.o(i.USART_OverSampling8Cmd), (24 bytes).
    Removing stm32f10x_usart.o(i.USART_ReceiverWakeUpCmd), (24 bytes).
    Removing stm32f10x_usart.o(i.USART_SendBreak), (10 bytes).
    Removing stm32f10x_usart.o(i.USART_SetAddress), (16 bytes).
    Removing stm32f10x_usart.o(i.USART_SetGuardTime), (16 bytes).
    Removing stm32f10x_usart.o(i.USART_SetPrescaler), (16 bytes).
    Removing stm32f10x_usart.o(i.USART_SmartCardCmd), (24 bytes).
    Removing stm32f10x_usart.o(i.USART_SmartCardNACKCmd), (24 bytes).
    Removing stm32f10x_usart.o(i.USART_StructInit), (22 bytes).
    Removing stm32f10x_usart.o(i.USART_WakeUpConfig), (16 bytes).
    Removing stm32f10x_wwdg.o(i.WWDG_ClearFlag), (12 bytes).
    Removing stm32f10x_wwdg.o(i.WWDG_DeInit), (24 bytes).
    Removing stm32f10x_wwdg.o(i.WWDG_Enable), (16 bytes).
    Removing stm32f10x_wwdg.o(i.WWDG_EnableIT), (12 bytes).
    Removing stm32f10x_wwdg.o(i.WWDG_GetFlagStatus), (12 bytes).
    Removing stm32f10x_wwdg.o(i.WWDG_SetCounter), (16 bytes).
    Removing stm32f10x_wwdg.o(i.WWDG_SetPrescaler), (20 bytes).
    Removing stm32f10x_wwdg.o(i.WWDG_SetWindowValue), (32 bytes).
    Removing delay.o(i.Delay_s), (24 bytes).
    Removing rtc.o(i.RTC_GetTime), (72 bytes).
    Removing rtc.o(i.RTC_Init), (108 bytes).
    Removing rtc.o(i.RTC_SetTime), (64 bytes).
    Removing rtc.o(.data), (12 bytes).
    Removing cjson.o(i.cJSON_AddItemReferenceToArray), (22 bytes).
    Removing cjson.o(i.cJSON_AddItemReferenceToObject), (26 bytes).
    Removing cjson.o(i.cJSON_AddItemToArray), (28 bytes).
    Removing cjson.o(i.cJSON_AddItemToObject), (48 bytes).
    Removing cjson.o(i.cJSON_AddItemToObjectCS), (56 bytes).
    Removing cjson.o(i.cJSON_CreateArray), (16 bytes).
    Removing cjson.o(i.cJSON_CreateBool), (24 bytes).
    Removing cjson.o(i.cJSON_CreateDoubleArray), (62 bytes).
    Removing cjson.o(i.cJSON_CreateFalse), (16 bytes).
    Removing cjson.o(i.cJSON_CreateFloatArray), (64 bytes).
    Removing cjson.o(i.cJSON_CreateIntArray), (64 bytes).
    Removing cjson.o(i.cJSON_CreateNull), (16 bytes).
    Removing cjson.o(i.cJSON_CreateNumber), (36 bytes).
    Removing cjson.o(i.cJSON_CreateObject), (16 bytes).
    Removing cjson.o(i.cJSON_CreateString), (28 bytes).
    Removing cjson.o(i.cJSON_CreateStringArray), (62 bytes).
    Removing cjson.o(i.cJSON_CreateTrue), (16 bytes).
    Removing cjson.o(i.cJSON_Delete), (72 bytes).
    Removing cjson.o(i.cJSON_DeleteItemFromArray), (14 bytes).
    Removing cjson.o(i.cJSON_DeleteItemFromObject), (14 bytes).
    Removing cjson.o(i.cJSON_DetachItemFromArray), (56 bytes).
    Removing cjson.o(i.cJSON_DetachItemFromObject), (52 bytes).
    Removing cjson.o(i.cJSON_Duplicate), (152 bytes).
    Removing cjson.o(i.cJSON_GetArrayItem), (18 bytes).
    Removing cjson.o(i.cJSON_GetArraySize), (16 bytes).
    Removing cjson.o(i.cJSON_GetErrorPtr), (12 bytes).
    Removing cjson.o(i.cJSON_GetObjectItem), (28 bytes).
    Removing cjson.o(i.cJSON_InitHooks), (48 bytes).
    Removing cjson.o(i.cJSON_InsertItemInArray), (54 bytes).
    Removing cjson.o(i.cJSON_Minify), (158 bytes).
    Removing cjson.o(i.cJSON_New_Item), (32 bytes).
    Removing cjson.o(i.cJSON_Parse), (8 bytes).
    Removing cjson.o(i.cJSON_ParseWithOpts), (100 bytes).
    Removing cjson.o(i.cJSON_Print), (10 bytes).
    Removing cjson.o(i.cJSON_PrintBuffered), (44 bytes).
    Removing cjson.o(i.cJSON_PrintUnformatted), (10 bytes).
    Removing cjson.o(i.cJSON_ReplaceItemInArray), (64 bytes).
    Removing cjson.o(i.cJSON_ReplaceItemInObject), (64 bytes).
    Removing cjson.o(i.cJSON_strcasecmp), (76 bytes).
    Removing cjson.o(i.cJSON_strdup), (48 bytes).
    Removing cjson.o(i.create_reference), (46 bytes).
    Removing cjson.o(i.ensure), (96 bytes).
    Removing cjson.o(i.parse_array), (156 bytes).
    Removing cjson.o(i.parse_hex4), (190 bytes).
    Removing cjson.o(i.parse_number), (384 bytes).
    Removing cjson.o(i.parse_object), (240 bytes).
    Removing cjson.o(i.parse_string), (380 bytes).
    Removing cjson.o(i.parse_value), (188 bytes).
    Removing cjson.o(i.pow2gt), (26 bytes).
    Removing cjson.o(i.print_array), (516 bytes).
    Removing cjson.o(i.print_number), (392 bytes).
    Removing cjson.o(i.print_object), (928 bytes).
    Removing cjson.o(i.print_string), (6 bytes).
    Removing cjson.o(i.print_string_ptr), (428 bytes).
    Removing cjson.o(i.print_value), (256 bytes).
    Removing cjson.o(i.skip), (20 bytes).
    Removing cjson.o(i.suffix_object), (6 bytes).
    Removing cjson.o(i.update), (30 bytes).
    Removing cjson.o(.constdata), (7 bytes).
    Removing cjson.o(.data), (12 bytes).
    Removing key.o(i.Key1_GetState), (52 bytes).
    Removing key.o(i.Key2_GetState), (56 bytes).
    Removing key.o(i.Key_GPIO_Init), (72 bytes).
    Removing key.o(i.Key_Init), (4 bytes).
    Removing led.o(i.LEDB_GetState), (28 bytes).
    Removing led.o(i.LEDG_GetState), (28 bytes).
    Removing led.o(i.LEDG_Turn), (44 bytes).
    Removing led.o(i.LEDR_GetState), (28 bytes).
    Removing led.o(i.LEDR_Turn), (44 bytes).
    Removing buzzer.o(i.Buzzer_GPIO_Init), (52 bytes).
    Removing buzzer.o(i.Buzzer_GetState), (28 bytes).
    Removing buzzer.o(i.Buzzer_Init), (4 bytes).
    Removing buzzer.o(i.Buzzer_Turn), (48 bytes).
    Removing serial.o(i.Serial_GetRxFlag), (24 bytes).
    Removing serial.o(i.Serial_Pow), (16 bytes).
    Removing serial.o(i.Serial_SendArray), (26 bytes).
    Removing serial.o(i.Serial_SendNumber), (54 bytes).
    Removing serial.o(i.fputc), (14 bytes).
    Removing serial.o(.bss), (100 bytes).
    Removing serial.o(.data), (4 bytes).
    Removing dht11.o(i.DHT11_GET_Byte), (72 bytes).
    Removing dht11.o(i.DHT11_GET_Data), (140 bytes).
    Removing dht11.o(i.DHT11_Init_IN), (44 bytes).
    Removing dht11.o(i.DHT11_Init_OUT), (44 bytes).
    Removing dht11.o(i.DHT11_Start), (64 bytes).
    Removing dht11.o(.data), (5 bytes).
    Removing dma.o(i.DMA1_Init_Normal), (84 bytes).
    Removing dma.o(i.DMA1_Start), (60 bytes).
    Removing dma.o(.data), (2 bytes).
    Removing rd03.o(i.RD03_DMA_Init), (80 bytes).
    Removing rd03.o(i.RD03_GPIO_Init), (68 bytes).
    Removing rd03.o(i.RD03_GetRange), (120 bytes).
    Removing rd03.o(i.RD03_GetRxFlag), (24 bytes).
    Removing rd03.o(i.RD03_Init), (18 bytes).
    Removing rd03.o(i.RD03_ResetDMA), (48 bytes).
    Removing rd03.o(i.RD03_USART_Init), (120 bytes).
    Removing rd03.o(.bss), (16 bytes).
    Removing w25q64.o(i.W25Q64_GPIO_Init), (96 bytes).
    Removing w25q64.o(i.W25Q64_GetID), (76 bytes).
    Removing w25q64.o(i.W25Q64_Init), (28 bytes).
    Removing w25q64.o(i.W25Q64_PageProgram), (92 bytes).
    Removing w25q64.o(i.W25Q64_ReadData), (84 bytes).
    Removing w25q64.o(i.W25Q64_SPI_Init), (88 bytes).
    Removing w25q64.o(i.W25Q64_SectorErase), (68 bytes).
    Removing w25q64.o(i.W25Q64_Swap_Byte), (52 bytes).
    Removing w25q64.o(i.W25Q64_WaitBusy), (56 bytes).
    Removing w25q64.o(i.W25Q64_WriteEnable), (36 bytes).
    Removing esp8266.o(i.ESP8266_ConnServer), (212 bytes).
    Removing esp8266.o(i.ESP8266_GPIO_Init), (84 bytes).
    Removing esp8266.o(i.ESP8266_GetCIFSR), (72 bytes).
    Removing esp8266.o(i.ESP8266_Init), (26 bytes).
    Removing esp8266.o(i.ESP8266_MQTTCLEAN), (56 bytes).
    Removing esp8266.o(i.ESP8266_MQTTCONN), (68 bytes).
    Removing esp8266.o(i.ESP8266_MQTTPUB), (72 bytes).
    Removing esp8266.o(i.ESP8266_MQTTSUB), (64 bytes).
    Removing esp8266.o(i.ESP8266_MQTTUSERCFG), (84 bytes).
    Removing esp8266.o(i.ESP8266_PrintfLog), (72 bytes).
    Removing esp8266.o(i.ESP8266_RST), (40 bytes).
    Removing esp8266.o(i.ESP8266_RecvData), (4 bytes).
    Removing esp8266.o(i.ESP8266_SendCmd), (132 bytes).
    Removing esp8266.o(i.ESP8266_SendData), (4 bytes).
    Removing esp8266.o(i.ESP8266_SendString), (44 bytes).
    Removing esp8266.o(i.ESP8266_SetCWJAP), (64 bytes).
    Removing esp8266.o(i.ESP8266_SetCWMODE), (116 bytes).
    Removing esp8266.o(i.ESP8266_USART_Init), (120 bytes).
    Removing mpu6050.o(i.MPU6050_GPIO_Init), (44 bytes).
    Removing mpu6050.o(i.MPU6050_GetData), (146 bytes).
    Removing mpu6050.o(i.MPU6050_GetID), (6 bytes).
    Removing mpu6050.o(i.MPU6050_I2C_Init), (76 bytes).
    Removing mpu6050.o(i.MPU6050_Init), (62 bytes).
    Removing mpu6050.o(i.MPU6050_ReadReg), (152 bytes).
    Removing mpu6050.o(i.MPU6050_WaitEvent), (32 bytes).
    Removing mpu6050.o(i.MPU6050_WriteReg), (104 bytes).
    Removing lcd.o(i.LCD_GetBackColor), (12 bytes).
    Removing lcd.o(i.LCD_GetFont), (12 bytes).
    Removing lcd.o(i.LCD_GetTextColor), (12 bytes).
    Removing lcd.o(i.LCD_SetBackColor), (12 bytes).
    Removing lcd.o(i.LCD_SetFont), (12 bytes).
    Removing lcd.o(i.LCD_SetTextColor), (12 bytes).
    Removing event_groups.o(i.prvTestWaitCondition), (24 bytes).
    Removing event_groups.o(i.vEventGroupClearBitsCallback), (4 bytes).
    Removing event_groups.o(i.vEventGroupDelete), (44 bytes).
    Removing event_groups.o(i.vEventGroupSetBitsCallback), (4 bytes).
    Removing event_groups.o(i.xEventGroupClearBits), (26 bytes).
    Removing event_groups.o(i.xEventGroupCreate), (26 bytes).
    Removing event_groups.o(i.xEventGroupGetBitsFromISR), (26 bytes).
    Removing event_groups.o(i.xEventGroupSetBits), (118 bytes).
    Removing event_groups.o(i.xEventGroupSync), (136 bytes).
    Removing event_groups.o(i.xEventGroupWaitBits), (188 bytes).
    Removing list.o(i.uxListRemove), (36 bytes).
    Removing list.o(i.vListInitialise), (22 bytes).
    Removing list.o(i.vListInitialiseItem), (6 bytes).
    Removing list.o(i.vListInsert), (48 bytes).
    Removing list.o(i.vListInsertEnd), (24 bytes).
    Removing queue.o(i.prvCopyDataFromQueue), (40 bytes).
    Removing queue.o(i.prvCopyDataToQueue), (92 bytes).
    Removing queue.o(i.prvInitialiseNewQueue), (24 bytes).
    Removing queue.o(i.prvIsQueueEmpty), (26 bytes).
    Removing queue.o(i.prvIsQueueFull), (30 bytes).
    Removing queue.o(i.prvUnlockQueue), (106 bytes).
    Removing queue.o(i.uxQueueGetQueueItemSize), (4 bytes).
    Removing queue.o(i.uxQueueGetQueueLength), (4 bytes).
    Removing queue.o(i.uxQueueMessagesWaiting), (18 bytes).
    Removing queue.o(i.uxQueueMessagesWaitingFromISR), (4 bytes).
    Removing queue.o(i.uxQueueSpacesAvailable), (22 bytes).
    Removing queue.o(i.vQueueDelete), (4 bytes).
    Removing queue.o(i.xQueueGenericCreate), (64 bytes).
    Removing queue.o(i.xQueueGenericReset), (148 bytes).
    Removing queue.o(i.xQueueGenericSend), (248 bytes).
    Removing queue.o(i.xQueueGenericSendFromISR), (112 bytes).
    Removing queue.o(i.xQueueGiveFromISR), (102 bytes).
    Removing queue.o(i.xQueueIsQueueEmptyFromISR), (14 bytes).
    Removing queue.o(i.xQueueIsQueueFullFromISR), (16 bytes).
    Removing queue.o(i.xQueuePeek), (240 bytes).
    Removing queue.o(i.xQueuePeekFromISR), (50 bytes).
    Removing queue.o(i.xQueueReceive), (240 bytes).
    Removing queue.o(i.xQueueReceiveFromISR), (110 bytes).
    Removing queue.o(i.xQueueSemaphoreTake), (232 bytes).
    Removing stream_buffer.o(i.prvBytesInBuffer), (18 bytes).
    Removing stream_buffer.o(i.prvInitialiseNewStreamBuffer), (42 bytes).
    Removing stream_buffer.o(i.prvReadBytesFromBuffer), (64 bytes).
    Removing stream_buffer.o(i.prvReadMessageFromBuffer), (72 bytes).
    Removing stream_buffer.o(i.prvWriteBytesToBuffer), (64 bytes).
    Removing stream_buffer.o(i.prvWriteMessageToBuffer), (70 bytes).
    Removing stream_buffer.o(i.uxStreamBufferGetStreamBufferNotificationIndex), (4 bytes).
    Removing stream_buffer.o(i.vStreamBufferDelete), (16 bytes).
    Removing stream_buffer.o(i.vStreamBufferSetStreamBufferNotificationIndex), (4 bytes).
    Removing stream_buffer.o(i.xStreamBufferBytesAvailable), (4 bytes).
    Removing stream_buffer.o(i.xStreamBufferGenericCreate), (88 bytes).
    Removing stream_buffer.o(i.xStreamBufferIsEmpty), (16 bytes).
    Removing stream_buffer.o(i.xStreamBufferIsFull), (30 bytes).
    Removing stream_buffer.o(i.xStreamBufferNextMessageLengthBytes), (44 bytes).
    Removing stream_buffer.o(i.xStreamBufferReceive), (180 bytes).
    Removing stream_buffer.o(i.xStreamBufferReceiveCompletedFromISR), (60 bytes).
    Removing stream_buffer.o(i.xStreamBufferReceiveFromISR), (110 bytes).
    Removing stream_buffer.o(i.xStreamBufferReset), (50 bytes).
    Removing stream_buffer.o(i.xStreamBufferResetFromISR), (62 bytes).
    Removing stream_buffer.o(i.xStreamBufferSend), (200 bytes).
    Removing stream_buffer.o(i.xStreamBufferSendCompletedFromISR), (60 bytes).
    Removing stream_buffer.o(i.xStreamBufferSendFromISR), (116 bytes).
    Removing stream_buffer.o(i.xStreamBufferSetTriggerLevel), (22 bytes).
    Removing stream_buffer.o(i.xStreamBufferSpacesAvailable), (32 bytes).
    Removing tasks.o(i.pcTaskGetName), (16 bytes).
    Removing tasks.o(i.prvAddCurrentTaskToDelayedList), (148 bytes).
    Removing tasks.o(i.prvAddNewTaskToReadyList), (168 bytes).
    Removing tasks.o(i.prvCheckTasksWaitingTermination), (60 bytes).
    Removing tasks.o(i.prvCreateIdleTasks), (80 bytes).
    Removing tasks.o(i.prvCreateTask), (92 bytes).
    Removing tasks.o(i.prvDeleteTCB), (20 bytes).
    Removing tasks.o(i.prvIdleTask), (40 bytes).
    Removing tasks.o(i.prvInitialiseNewTask), (110 bytes).
    Removing tasks.o(i.prvInitialiseTaskLists), (88 bytes).
    Removing tasks.o(i.prvTaskIsTaskSuspended), (52 bytes).
    Removing tasks.o(i.ulTaskGenericNotifyTake), (156 bytes).
    Removing tasks.o(i.ulTaskGenericNotifyValueClear), (48 bytes).
    Removing tasks.o(i.uxTaskGetNumberOfTasks), (12 bytes).
    Removing tasks.o(i.uxTaskPriorityGet), (28 bytes).
    Removing tasks.o(i.uxTaskPriorityGetFromISR), (40 bytes).
    Removing tasks.o(i.uxTaskResetEventItemValue), (24 bytes).
    Removing tasks.o(i.vTaskDelay), (52 bytes).
    Removing tasks.o(i.vTaskDelete), (172 bytes).
    Removing tasks.o(i.vTaskEndScheduler), (60 bytes).
    Removing tasks.o(i.vTaskGenericNotifyGiveFromISR), (236 bytes).
    Removing tasks.o(i.vTaskInternalSetTimeOutState), (16 bytes).
    Removing tasks.o(i.vTaskMissedYield), (12 bytes).
    Removing tasks.o(i.vTaskPlaceOnEventList), (32 bytes).
    Removing tasks.o(i.vTaskPlaceOnUnorderedEventList), (64 bytes).
    Removing tasks.o(i.vTaskPrioritySet), (208 bytes).
    Removing tasks.o(i.vTaskRemoveFromUnorderedEventList), (168 bytes).
    Removing tasks.o(i.vTaskResetState), (48 bytes).
    Removing tasks.o(i.vTaskResume), (148 bytes).
    Removing tasks.o(i.vTaskSetTimeOutState), (32 bytes).
    Removing tasks.o(i.vTaskStartScheduler), (52 bytes).
    Removing tasks.o(i.vTaskSuspend), (176 bytes).
    Removing tasks.o(i.vTaskSuspendAll), (16 bytes).
    Removing tasks.o(i.xTaskCatchUpTicks), (36 bytes).
    Removing tasks.o(i.xTaskCheckForTimeOut), (88 bytes).
    Removing tasks.o(i.xTaskCreate), (30 bytes).
    Removing tasks.o(i.xTaskDelayUntil), (92 bytes).
    Removing tasks.o(i.xTaskGenericNotify), (248 bytes).
    Removing tasks.o(i.xTaskGenericNotifyFromISR), (340 bytes).
    Removing tasks.o(i.xTaskGenericNotifyStateClear), (56 bytes).
    Removing tasks.o(i.xTaskGenericNotifyWait), (188 bytes).
    Removing tasks.o(i.xTaskGetCurrentTaskHandle), (12 bytes).
    Removing tasks.o(i.xTaskGetCurrentTaskHandleForCore), (20 bytes).
    Removing tasks.o(i.xTaskGetTickCount), (12 bytes).
    Removing tasks.o(i.xTaskGetTickCountFromISR), (12 bytes).
    Removing tasks.o(i.xTaskRemoveFromEventList), (204 bytes).
    Removing tasks.o(i.xTaskResumeAll), (300 bytes).
    Removing tasks.o(i.xTaskResumeFromISR), (172 bytes).
    Removing port.o(i.prvTaskExitError), (16 bytes).
    Removing port.o(i.pxPortInitialiseStack), (28 bytes).
    Removing port.o(i.vPortEndScheduler), (2 bytes).
    Removing port.o(i.vPortEnterCritical), (28 bytes).
    Removing port.o(i.vPortExitCritical), (24 bytes).
    Removing port.o(i.vPortSetupTimerInterrupt), (24 bytes).
    Removing port.o(i.xPortStartScheduler), (48 bytes).
    Removing port.o(.data), (4 bytes).
    Removing heap_4.o(i.prvHeapInit), (72 bytes).
    Removing heap_4.o(i.prvInsertBlockIntoFreeList), (84 bytes).
    Removing heap_4.o(i.pvPortCalloc), (42 bytes).
    Removing heap_4.o(i.pvPortMalloc), (176 bytes).
    Removing heap_4.o(i.vPortFree), (68 bytes).
    Removing heap_4.o(i.vPortGetHeapStats), (112 bytes).
    Removing heap_4.o(i.vPortHeapResetState), (20 bytes).
    Removing heap_4.o(i.vPortInitialiseBlocks), (2 bytes).
    Removing heap_4.o(i.xPortGetFreeHeapSize), (12 bytes).
    Removing heap_4.o(i.xPortGetMinimumEverFreeHeapSize), (12 bytes).
    Removing heap_4.o(.bss), (17408 bytes).
    Removing heap_4.o(.data), (28 bytes).
    Removing dflti.o(.text), (34 bytes).
    Removing dfixi.o(.text), (62 bytes).
    Removing f2d.o(.text), (38 bytes).
    Removing cdcmple.o(.text), (48 bytes).
    Removing dscalb.o(.text), (46 bytes).
    Removing dsqrt.o(.text), (162 bytes).

737 unused section(s) (total 53676 bytes) removed from the image.

==============================================================================

Image Symbol Table

    Local Symbols

    Symbol Name                              Value     Ov Type        Size  Object(Section)

    ../clib/microlib/ctype/ctype.c           0x00000000   Number         0  isprint_o.o ABSOLUTE
    ../clib/microlib/ctype/ctype.c           0x00000000   Number         0  isblank_o.o ABSOLUTE
    ../clib/microlib/ctype/ctype.c           0x00000000   Number         0  iscntrl_o.o ABSOLUTE
    ../clib/microlib/ctype/ctype.c           0x00000000   Number         0  isxdigit_o.o ABSOLUTE
    ../clib/microlib/ctype/ctype.c           0x00000000   Number         0  isupper_o.o ABSOLUTE
    ../clib/microlib/ctype/ctype.c           0x00000000   Number         0  isspace_o.o ABSOLUTE
    ../clib/microlib/ctype/ctype.c           0x00000000   Number         0  ispunct_o.o ABSOLUTE
    ../clib/microlib/ctype/ctype.c           0x00000000   Number         0  isalpha_o.o ABSOLUTE
    ../clib/microlib/ctype/ctype.c           0x00000000   Number         0  isalnum_o.o ABSOLUTE
    ../clib/microlib/ctype/ctype.c           0x00000000   Number         0  ctype_o.o ABSOLUTE
    ../clib/microlib/ctype/ctype.c           0x00000000   Number         0  islower_o.o ABSOLUTE
    ../clib/microlib/ctype/ctype.c           0x00000000   Number         0  isgraph_o.o ABSOLUTE
    ../clib/microlib/ctype/ctype.c           0x00000000   Number         0  isdigit_o.o ABSOLUTE
    ../clib/microlib/ctype/tolower.c         0x00000000   Number         0  tolower.o ABSOLUTE
    ../clib/microlib/division.c              0x00000000   Number         0  uldiv.o ABSOLUTE
    ../clib/microlib/division.c              0x00000000   Number         0  uidiv.o ABSOLUTE
    ../clib/microlib/errno.c                 0x00000000   Number         0  errno.o ABSOLUTE
    ../clib/microlib/init/entry.s            0x00000000   Number         0  entry11b.o ABSOLUTE
    ../clib/microlib/init/entry.s            0x00000000   Number         0  entry11a.o ABSOLUTE
    ../clib/microlib/init/entry.s            0x00000000   Number         0  entry10a.o ABSOLUTE
    ../clib/microlib/init/entry.s            0x00000000   Number         0  entry9b.o ABSOLUTE
    ../clib/microlib/init/entry.s            0x00000000   Number         0  entry9a.o ABSOLUTE
    ../clib/microlib/init/entry.s            0x00000000   Number         0  entry.o ABSOLUTE
    ../clib/microlib/init/entry.s            0x00000000   Number         0  entry8b.o ABSOLUTE
    ../clib/microlib/init/entry.s            0x00000000   Number         0  entry5.o ABSOLUTE
    ../clib/microlib/init/entry.s            0x00000000   Number         0  entry8a.o ABSOLUTE
    ../clib/microlib/init/entry.s            0x00000000   Number         0  entry7b.o ABSOLUTE
    ../clib/microlib/init/entry.s            0x00000000   Number         0  entry7a.o ABSOLUTE
    ../clib/microlib/init/entry.s            0x00000000   Number         0  entry2.o ABSOLUTE
    ../clib/microlib/init/entry.s            0x00000000   Number         0  entry10b.o ABSOLUTE
    ../clib/microlib/longlong.c              0x00000000   Number         0  llsshr.o ABSOLUTE
    ../clib/microlib/longlong.c              0x00000000   Number         0  llushr.o ABSOLUTE
    ../clib/microlib/longlong.c              0x00000000   Number         0  llshl.o ABSOLUTE
    ../clib/microlib/malloc/malloc.c         0x00000000   Number         0  malloc.o ABSOLUTE
    ../clib/microlib/malloc/malloc.c         0x00000000   Number         0  mallocra.o ABSOLUTE
    ../clib/microlib/malloc/malloc.c         0x00000000   Number         0  malloca.o ABSOLUTE
    ../clib/microlib/malloc/malloc.c         0x00000000   Number         0  mallocr.o ABSOLUTE
    ../clib/microlib/malloc/mvars.c          0x00000000   Number         0  mvars.o ABSOLUTE
    ../clib/microlib/printf/printf.c         0x00000000   Number         0  printfa.o ABSOLUTE
    ../clib/microlib/printf/printf.c         0x00000000   Number         0  printf2.o ABSOLUTE
    ../clib/microlib/printf/printf.c         0x00000000   Number         0  printf3.o ABSOLUTE
    ../clib/microlib/printf/printf.c         0x00000000   Number         0  printf4.o ABSOLUTE
    ../clib/microlib/printf/printf.c         0x00000000   Number         0  printfb.o ABSOLUTE
    ../clib/microlib/printf/printf.c         0x00000000   Number         0  printf0.o ABSOLUTE
    ../clib/microlib/printf/printf.c         0x00000000   Number         0  printf5.o ABSOLUTE
    ../clib/microlib/printf/printf.c         0x00000000   Number         0  printf1.o ABSOLUTE
    ../clib/microlib/printf/printf.c         0x00000000   Number         0  printf6.o ABSOLUTE
    ../clib/microlib/printf/printf.c         0x00000000   Number         0  printf7.o ABSOLUTE
    ../clib/microlib/printf/printf.c         0x00000000   Number         0  printf8.o ABSOLUTE
    ../clib/microlib/printf/stubs.s          0x00000000   Number         0  stubs.o ABSOLUTE
    ../clib/microlib/stdio/streams.c         0x00000000   Number         0  stdout.o ABSOLUTE
    ../clib/microlib/string/memcpy.c         0x00000000   Number         0  memcpyb.o ABSOLUTE
    ../clib/microlib/string/memcpy.c         0x00000000   Number         0  memcpya.o ABSOLUTE
    ../clib/microlib/string/memset.c         0x00000000   Number         0  memseta.o ABSOLUTE
    ../clib/microlib/string/strchr.c         0x00000000   Number         0  strchr.o ABSOLUTE
    ../clib/microlib/string/strcmp.c         0x00000000   Number         0  strcmp.o ABSOLUTE
    ../clib/microlib/string/strcpy.c         0x00000000   Number         0  strcpy.o ABSOLUTE
    ../clib/microlib/string/strlen.c         0x00000000   Number         0  strlen.o ABSOLUTE
    ../clib/microlib/string/strncmp.c        0x00000000   Number         0  strncmp.o ABSOLUTE
    ../clib/microlib/string/strstr.c         0x00000000   Number         0  strstr.o ABSOLUTE
    ../clib/microlib/stubs.s                 0x00000000   Number         0  iusefp.o ABSOLUTE
    ../clib/microlib/time/localtime.c        0x00000000   Number         0  localtime_i.o ABSOLUTE
    ../clib/microlib/time/localtime.c        0x00000000   Number         0  localtime_w.o ABSOLUTE
    ../clib/microlib/time/localtime.c        0x00000000   Number         0  localtime.o ABSOLUTE
    ../clib/microlib/time/mktime.c           0x00000000   Number         0  mktime.o ABSOLUTE
    ../clib/scanf.c                          0x00000000   Number         0  strtol.o ABSOLUTE
    ../clib/scanf.c                          0x00000000   Number         0  atoi.o ABSOLUTE
    ../clib/scanf.c                          0x00000000   Number         0  _strtoul.o ABSOLUTE
    ../clib/scanf.c                          0x00000000   Number         0  _chval.o ABSOLUTE
    ../fplib/microlib/f2d.c                  0x00000000   Number         0  f2d.o ABSOLUTE
    ../fplib/microlib/fpadd.c                0x00000000   Number         0  dadd.o ABSOLUTE
    ../fplib/microlib/fpdiv.c                0x00000000   Number         0  ddiv.o ABSOLUTE
    ../fplib/microlib/fpepilogue.c           0x00000000   Number         0  depilogue.o ABSOLUTE
    ../fplib/microlib/fpfix.c                0x00000000   Number         0  dfixul.o ABSOLUTE
    ../fplib/microlib/fpfix.c                0x00000000   Number         0  dfixi.o ABSOLUTE
    ../fplib/microlib/fpflt.c                0x00000000   Number         0  dflti.o ABSOLUTE
    ../fplib/microlib/fpmul.c                0x00000000   Number         0  dmul.o ABSOLUTE
    ../fplib/microlib/fpscalb.c              0x00000000   Number         0  dscalb.o ABSOLUTE
    ../fplib/microlib/fpsqrt.c               0x00000000   Number         0  dsqrt.o ABSOLUTE
    ../mathlib/dunder.c                      0x00000000   Number         0  dunder.o ABSOLUTE
    ../mathlib/floor.c                       0x00000000   Number         0  floor.o ABSOLUTE
    ../mathlib/fpclassify.c                  0x00000000   Number         0  fpclassify.o ABSOLUTE
    ../mathlib/poly.c                        0x00000000   Number         0  poly.o ABSOLUTE
    ../mathlib/pow.c                         0x00000000   Number         0  pow_x.o ABSOLUTE
    ../mathlib/pow.c                         0x00000000   Number         0  pow.o ABSOLUTE
    ../mathlib/qnan.c                        0x00000000   Number         0  qnan.o ABSOLUTE
    ../mathlib/sqrt.c                        0x00000000   Number         0  sqrt.o ABSOLUTE
    ../mathlib/sqrt.c                        0x00000000   Number         0  sqrt_x.o ABSOLUTE
    FreeRTOS\\portable\\RVDS\\ARM_CM3\\port.c 0x00000000   Number         0  port.o ABSOLUTE
    FreeRTOS\portable\MemMang\heap_4.c       0x00000000   Number         0  heap_4.o ABSOLUTE
    FreeRTOS\portable\RVDS\ARM_CM3\port.c    0x00000000   Number         0  port.o ABSOLUTE
    FreeRTOS\source\croutine.c               0x00000000   Number         0  croutine.o ABSOLUTE
    FreeRTOS\source\event_groups.c           0x00000000   Number         0  event_groups.o ABSOLUTE
    FreeRTOS\source\list.c                   0x00000000   Number         0  list.o ABSOLUTE
    FreeRTOS\source\queue.c                  0x00000000   Number         0  queue.o ABSOLUTE
    FreeRTOS\source\stream_buffer.c          0x00000000   Number         0  stream_buffer.o ABSOLUTE
    FreeRTOS\source\tasks.c                  0x00000000   Number         0  tasks.o ABSOLUTE
    FreeRTOS\source\timers.c                 0x00000000   Number         0  timers.o ABSOLUTE
    Hardware\Buzzer.c                        0x00000000   Number         0  buzzer.o ABSOLUTE
    Hardware\DHT11.c                         0x00000000   Number         0  dht11.o ABSOLUTE
    Hardware\ESP8266.c                       0x00000000   Number         0  esp8266.o ABSOLUTE
    Hardware\Key.c                           0x00000000   Number         0  key.o ABSOLUTE
    Hardware\LCD.c                           0x00000000   Number         0  lcd.o ABSOLUTE
    Hardware\LED.c                           0x00000000   Number         0  led.o ABSOLUTE
    Hardware\MPU6050.c                       0x00000000   Number         0  mpu6050.o ABSOLUTE
    Hardware\RD03.c                          0x00000000   Number         0  rd03.o ABSOLUTE
    Hardware\Serial.c                        0x00000000   Number         0  serial.o ABSOLUTE
    Hardware\W25Q64.c                        0x00000000   Number         0  w25q64.o ABSOLUTE
    Library\src\misc.c                       0x00000000   Number         0  misc.o ABSOLUTE
    Library\src\stm32f10x_adc.c              0x00000000   Number         0  stm32f10x_adc.o ABSOLUTE
    Library\src\stm32f10x_bkp.c              0x00000000   Number         0  stm32f10x_bkp.o ABSOLUTE
    Library\src\stm32f10x_can.c              0x00000000   Number         0  stm32f10x_can.o ABSOLUTE
    Library\src\stm32f10x_cec.c              0x00000000   Number         0  stm32f10x_cec.o ABSOLUTE
    Library\src\stm32f10x_crc.c              0x00000000   Number         0  stm32f10x_crc.o ABSOLUTE
    Library\src\stm32f10x_dac.c              0x00000000   Number         0  stm32f10x_dac.o ABSOLUTE
    Library\src\stm32f10x_dbgmcu.c           0x00000000   Number         0  stm32f10x_dbgmcu.o ABSOLUTE
    Library\src\stm32f10x_dma.c              0x00000000   Number         0  stm32f10x_dma.o ABSOLUTE
    Library\src\stm32f10x_exti.c             0x00000000   Number         0  stm32f10x_exti.o ABSOLUTE
    Library\src\stm32f10x_flash.c            0x00000000   Number         0  stm32f10x_flash.o ABSOLUTE
    Library\src\stm32f10x_fsmc.c             0x00000000   Number         0  stm32f10x_fsmc.o ABSOLUTE
    Library\src\stm32f10x_gpio.c             0x00000000   Number         0  stm32f10x_gpio.o ABSOLUTE
    Library\src\stm32f10x_i2c.c              0x00000000   Number         0  stm32f10x_i2c.o ABSOLUTE
    Library\src\stm32f10x_iwdg.c             0x00000000   Number         0  stm32f10x_iwdg.o ABSOLUTE
    Library\src\stm32f10x_pwr.c              0x00000000   Number         0  stm32f10x_pwr.o ABSOLUTE
    Library\src\stm32f10x_rcc.c              0x00000000   Number         0  stm32f10x_rcc.o ABSOLUTE
    Library\src\stm32f10x_rtc.c              0x00000000   Number         0  stm32f10x_rtc.o ABSOLUTE
    Library\src\stm32f10x_sdio.c             0x00000000   Number         0  stm32f10x_sdio.o ABSOLUTE
    Library\src\stm32f10x_spi.c              0x00000000   Number         0  stm32f10x_spi.o ABSOLUTE
    Library\src\stm32f10x_tim.c              0x00000000   Number         0  stm32f10x_tim.o ABSOLUTE
    Library\src\stm32f10x_usart.c            0x00000000   Number         0  stm32f10x_usart.o ABSOLUTE
    Library\src\stm32f10x_wwdg.c             0x00000000   Number         0  stm32f10x_wwdg.o ABSOLUTE
    Start\\core_cm3.c                        0x00000000   Number         0  core_cm3.o ABSOLUTE
    Start\core_cm3.c                         0x00000000   Number         0  core_cm3.o ABSOLUTE
    Start\startup_stm32f10x_md.s             0x00000000   Number         0  startup_stm32f10x_md.o ABSOLUTE
    Start\system_stm32f10x.c                 0x00000000   Number         0  system_stm32f10x.o ABSOLUTE
    System\DMA.c                             0x00000000   Number         0  dma.o ABSOLUTE
    System\Delay.c                           0x00000000   Number         0  delay.o ABSOLUTE
    System\Fonts.c                           0x00000000   Number         0  fonts.o ABSOLUTE
    System\FreeRTOSTask.c                    0x00000000   Number         0  freertostask.o ABSOLUTE
    System\RTC.c                             0x00000000   Number         0  rtc.o ABSOLUTE
    System\cJSON.c                           0x00000000   Number         0  cjson.o ABSOLUTE
    User\main.c                              0x00000000   Number         0  main.o ABSOLUTE
    User\stm32f10x_it.c                      0x00000000   Number         0  stm32f10x_it.o ABSOLUTE
    cdcmple.s                                0x00000000   Number         0  cdcmple.o ABSOLUTE
    cdrcmple.s                               0x00000000   Number         0  cdrcmple.o ABSOLUTE
    dc.s                                     0x00000000   Number         0  dc.o ABSOLUTE
    handlers.s                               0x00000000   Number         0  handlers.o ABSOLUTE
    init.s                                   0x00000000   Number         0  init.o ABSOLUTE
    RESET                                    0x08000000   Section      236  startup_stm32f10x_md.o(RESET)
    .ARM.Collect$$$$00000000                 0x080000ec   Section        0  entry.o(.ARM.Collect$$$$00000000)
    .ARM.Collect$$$$00000001                 0x080000ec   Section        4  entry2.o(.ARM.Collect$$$$00000001)
    .ARM.Collect$$$$00000004                 0x080000f0   Section        4  entry5.o(.ARM.Collect$$$$00000004)
    .ARM.Collect$$$$00000008                 0x080000f4   Section        0  entry7b.o(.ARM.Collect$$$$00000008)
    .ARM.Collect$$$$0000000A                 0x080000f4   Section        0  entry8b.o(.ARM.Collect$$$$0000000A)
    .ARM.Collect$$$$0000000B                 0x080000f4   Section        8  entry9a.o(.ARM.Collect$$$$0000000B)
    .ARM.Collect$$$$0000000D                 0x080000fc   Section        0  entry10a.o(.ARM.Collect$$$$0000000D)
    .ARM.Collect$$$$0000000F                 0x080000fc   Section        0  entry11a.o(.ARM.Collect$$$$0000000F)
    .ARM.Collect$$$$00002712                 0x080000fc   Section        4  entry2.o(.ARM.Collect$$$$00002712)
    __lit__00000000                          0x080000fc   Data           4  entry2.o(.ARM.Collect$$$$00002712)
    .emb_text                                0x08000100   Section      150  port.o(.emb_text)
    .text                                    0x08000198   Section       36  startup_stm32f10x_md.o(.text)
    .text                                    0x080001bc   Section        0  dadd.o(.text)
    .text                                    0x0800030a   Section        0  dmul.o(.text)
    .text                                    0x080003f0   Section       48  cdrcmple.o(.text)
    .text                                    0x08000420   Section        0  uidiv.o(.text)
    .text                                    0x0800044c   Section        0  uldiv.o(.text)
    .text                                    0x080004ae   Section        0  llshl.o(.text)
    .text                                    0x080004cc   Section        0  llushr.o(.text)
    .text                                    0x080004ec   Section        0  llsshr.o(.text)
    .text                                    0x08000510   Section        0  depilogue.o(.text)
    .text                                    0x08000510   Section        0  iusefp.o(.text)
    .text                                    0x080005ca   Section        0  ddiv.o(.text)
    .text                                    0x080006a8   Section        0  dfixul.o(.text)
    .text                                    0x080006d8   Section       36  init.o(.text)
    i.BusFault_Handler                       0x080006fc   Section        0  stm32f10x_it.o(i.BusFault_Handler)
    i.DMA_GetCurrDataCounter                 0x080006fe   Section        0  stm32f10x_dma.o(i.DMA_GetCurrDataCounter)
    i.DebugMon_Handler                       0x08000704   Section        0  stm32f10x_it.o(i.DebugMon_Handler)
    i.Delay_ms                               0x08000706   Section        0  delay.o(i.Delay_ms)
    i.Delay_us                               0x0800071e   Section        0  delay.o(i.Delay_us)
    i.FSMC_NORSRAMCmd                        0x08000740   Section        0  stm32f10x_fsmc.o(i.FSMC_NORSRAMCmd)
    i.FSMC_NORSRAMInit                       0x08000764   Section        0  stm32f10x_fsmc.o(i.FSMC_NORSRAMInit)
    i.GPIO_Init                              0x0800082e   Section        0  stm32f10x_gpio.o(i.GPIO_Init)
    i.GPIO_ReadOutputDataBit                 0x080008d4   Section        0  stm32f10x_gpio.o(i.GPIO_ReadOutputDataBit)
    i.GPIO_ResetBits                         0x080008e2   Section        0  stm32f10x_gpio.o(i.GPIO_ResetBits)
    i.GPIO_SetBits                           0x080008e6   Section        0  stm32f10x_gpio.o(i.GPIO_SetBits)
    i.HardFault_Handler                      0x080008ea   Section        0  stm32f10x_it.o(i.HardFault_Handler)
    i.LCD_Backlight_Config                   0x080008ec   Section        0  lcd.o(i.LCD_Backlight_Config)
    LCD_Backlight_Config                     0x080008ed   Thumb Code    22  lcd.o(i.LCD_Backlight_Config)
    i.LCD_Clear                              0x08000908   Section        0  lcd.o(i.LCD_Clear)
    i.LCD_DisplayChar_EN                     0x0800093c   Section        0  lcd.o(i.LCD_DisplayChar_EN)
    i.LCD_DisplayString_EN                   0x080009a8   Section        0  lcd.o(i.LCD_DisplayString_EN)
    i.LCD_FSMC_Init                          0x080009f8   Section        0  lcd.o(i.LCD_FSMC_Init)
    LCD_FSMC_Init                            0x080009f9   Thumb Code    88  lcd.o(i.LCD_FSMC_Init)
    i.LCD_GPIO_Init                          0x08000a50   Section        0  lcd.o(i.LCD_GPIO_Init)
    LCD_GPIO_Init                            0x08000a51   Thumb Code   332  lcd.o(i.LCD_GPIO_Init)
    i.LCD_Init                               0x08000ba4   Section        0  lcd.o(i.LCD_Init)
    i.LCD_OpenWindow                         0x08000bd8   Section        0  lcd.o(i.LCD_OpenWindow)
    LCD_OpenWindow                           0x08000bd9   Thumb Code    58  lcd.o(i.LCD_OpenWindow)
    i.LCD_REG_Config                         0x08000c18   Section        0  lcd.o(i.LCD_REG_Config)
    LCD_REG_Config                           0x08000c19   Thumb Code   368  lcd.o(i.LCD_REG_Config)
    i.LCD_Rst                                0x08000d8c   Section        0  lcd.o(i.LCD_Rst)
    LCD_Rst                                  0x08000d8d   Thumb Code    36  lcd.o(i.LCD_Rst)
    i.LCD_SetScanMode                        0x08000db4   Section        0  lcd.o(i.LCD_SetScanMode)
    LCD_SetScanMode                          0x08000db5   Thumb Code   102  lcd.o(i.LCD_SetScanMode)
    i.LEDB_Turn                              0x08000e24   Section        0  led.o(i.LEDB_Turn)
    i.LED_GPIO_Init                          0x08000e50   Section        0  led.o(i.LED_GPIO_Init)
    LED_GPIO_Init                            0x08000e51   Thumb Code    48  led.o(i.LED_GPIO_Init)
    i.LED_Init                               0x08000e84   Section        0  led.o(i.LED_Init)
    i.MemManage_Handler                      0x08000e88   Section        0  stm32f10x_it.o(i.MemManage_Handler)
    i.NMI_Handler                            0x08000e8a   Section        0  stm32f10x_it.o(i.NMI_Handler)
    i.NVIC_Init                              0x08000e8c   Section        0  misc.o(i.NVIC_Init)
    i.NVIC_PriorityGroupConfig               0x08000ef0   Section        0  misc.o(i.NVIC_PriorityGroupConfig)
    i.RCC_AHBPeriphClockCmd                  0x08000f04   Section        0  stm32f10x_rcc.o(i.RCC_AHBPeriphClockCmd)
    i.RCC_APB2PeriphClockCmd                 0x08000f20   Section        0  stm32f10x_rcc.o(i.RCC_APB2PeriphClockCmd)
    i.RCC_GetClocksFreq                      0x08000f3c   Section        0  stm32f10x_rcc.o(i.RCC_GetClocksFreq)
    i.Serial_GPIO_Init                       0x08000fe8   Section        0  serial.o(i.Serial_GPIO_Init)
    Serial_GPIO_Init                         0x08000fe9   Thumb Code    66  serial.o(i.Serial_GPIO_Init)
    i.Serial_Init                            0x08001030   Section        0  serial.o(i.Serial_Init)
    i.Serial_Printf                          0x0800103e   Section        0  serial.o(i.Serial_Printf)
    i.Serial_SendByte                        0x0800105c   Section        0  serial.o(i.Serial_SendByte)
    i.Serial_SendString                      0x0800107c   Section        0  serial.o(i.Serial_SendString)
    i.Serial_USART_Init                      0x08001094   Section        0  serial.o(i.Serial_USART_Init)
    Serial_USART_Init                        0x08001095   Thumb Code   110  serial.o(i.Serial_USART_Init)
    i.SetSysClock                            0x08001108   Section        0  system_stm32f10x.o(i.SetSysClock)
    SetSysClock                              0x08001109   Thumb Code     4  system_stm32f10x.o(i.SetSysClock)
    i.SetSysClockTo72                        0x0800110c   Section        0  system_stm32f10x.o(i.SetSysClockTo72)
    SetSysClockTo72                          0x0800110d   Thumb Code   166  system_stm32f10x.o(i.SetSysClockTo72)
    i.SysTick_Handler                        0x080011bc   Section        0  stm32f10x_it.o(i.SysTick_Handler)
    i.SystemInit                             0x080011d0   Section        0  system_stm32f10x.o(i.SystemInit)
    i.USART1_IRQHandler                      0x08001220   Section        0  serial.o(i.USART1_IRQHandler)
    i.USART2_IRQHandler                      0x080012e0   Section        0  rd03.o(i.USART2_IRQHandler)
    i.USART3_IRQHandler                      0x0800131c   Section        0  esp8266.o(i.USART3_IRQHandler)
    i.USART_ClearITPendingBit                0x0800138c   Section        0  stm32f10x_usart.o(i.USART_ClearITPendingBit)
    i.USART_Cmd                              0x0800139c   Section        0  stm32f10x_usart.o(i.USART_Cmd)
    i.USART_GetFlagStatus                    0x080013b4   Section        0  stm32f10x_usart.o(i.USART_GetFlagStatus)
    i.USART_GetITStatus                      0x080013c2   Section        0  stm32f10x_usart.o(i.USART_GetITStatus)
    i.USART_ITConfig                         0x08001402   Section        0  stm32f10x_usart.o(i.USART_ITConfig)
    i.USART_Init                             0x08001438   Section        0  stm32f10x_usart.o(i.USART_Init)
    i.USART_ReceiveData                      0x080014f4   Section        0  stm32f10x_usart.o(i.USART_ReceiveData)
    i.USART_SendData                         0x080014fc   Section        0  stm32f10x_usart.o(i.USART_SendData)
    i.UsageFault_Handler                     0x08001504   Section        0  stm32f10x_it.o(i.UsageFault_Handler)
    i.__0vsprintf                            0x08001508   Section        0  printfa.o(i.__0vsprintf)
    i.__scatterload_copy                     0x0800152c   Section       14  handlers.o(i.__scatterload_copy)
    i.__scatterload_null                     0x0800153a   Section        2  handlers.o(i.__scatterload_null)
    i.__scatterload_zeroinit                 0x0800153c   Section       14  handlers.o(i.__scatterload_zeroinit)
    i._fp_digits                             0x0800154c   Section        0  printfa.o(i._fp_digits)
    _fp_digits                               0x0800154d   Thumb Code   366  printfa.o(i._fp_digits)
    i._printf_core                           0x080016d0   Section        0  printfa.o(i._printf_core)
    _printf_core                             0x080016d1   Thumb Code  1744  printfa.o(i._printf_core)
    i._printf_post_padding                   0x08001dac   Section        0  printfa.o(i._printf_post_padding)
    _printf_post_padding                     0x08001dad   Thumb Code    36  printfa.o(i._printf_post_padding)
    i._printf_pre_padding                    0x08001dd0   Section        0  printfa.o(i._printf_pre_padding)
    _printf_pre_padding                      0x08001dd1   Thumb Code    46  printfa.o(i._printf_pre_padding)
    i._sputc                                 0x08001dfe   Section        0  printfa.o(i._sputc)
    _sputc                                   0x08001dff   Thumb Code    10  printfa.o(i._sputc)
    i.main                                   0x08001e08   Section        0  main.o(i.main)
    i.prvResetNextTaskUnblockTime            0x08001e4c   Section        0  tasks.o(i.prvResetNextTaskUnblockTime)
    prvResetNextTaskUnblockTime              0x08001e4d   Thumb Code    28  tasks.o(i.prvResetNextTaskUnblockTime)
    i.vTaskSwitchContext                     0x08001e6c   Section        0  tasks.o(i.vTaskSwitchContext)
    i.xPortSysTickHandler                    0x08001ebc   Section        0  port.o(i.xPortSysTickHandler)
    i.xTaskGetSchedulerState                 0x08001ee8   Section        0  tasks.o(i.xTaskGetSchedulerState)
    i.xTaskIncrementTick                     0x08001f04   Section        0  tasks.o(i.xTaskIncrementTick)
    .constdata                               0x08002024   Section     1520  fonts.o(.constdata)
    .data                                    0x20000000   Section       20  stm32f10x_rcc.o(.data)
    ADCPrescTable                            0x20000000   Data           4  stm32f10x_rcc.o(.data)
    APBAHBPrescTable                         0x20000004   Data          16  stm32f10x_rcc.o(.data)
    .data                                    0x20000014   Section        8  fonts.o(.data)
    .data                                    0x2000001c   Section        8  serial.o(.data)
    RxState                                  0x2000001c   Data           1  serial.o(.data)
    RxPacketNum                              0x2000001d   Data           1  serial.o(.data)
    .data                                    0x20000024   Section        3  rd03.o(.data)
    .data                                    0x20000028   Section       16  lcd.o(.data)
    LCD_TextColor                            0x2000002e   Data           2  lcd.o(.data)
    LCD_BackColor                            0x20000030   Data           2  lcd.o(.data)
    LCD_TextFont                             0x20000034   Data           4  lcd.o(.data)
    .data                                    0x20000038   Section       64  tasks.o(.data)
    uxDeletedTasksWaitingCleanUp             0x2000003c   Data           4  tasks.o(.data)
    uxCurrentNumberOfTasks                   0x20000040   Data           4  tasks.o(.data)
    xTickCount                               0x20000044   Data           4  tasks.o(.data)
    uxTopReadyPriority                       0x20000048   Data           4  tasks.o(.data)
    xSchedulerRunning                        0x2000004c   Data           4  tasks.o(.data)
    xPendedTicks                             0x20000050   Data           4  tasks.o(.data)
    xYieldPendings                           0x20000054   Data           4  tasks.o(.data)
    xNumOfOverflows                          0x20000058   Data           4  tasks.o(.data)
    uxTaskNumber                             0x2000005c   Data           4  tasks.o(.data)
    xNextTaskUnblockTime                     0x20000060   Data           4  tasks.o(.data)
    uxTopUsedPriority                        0x20000064   Data           4  tasks.o(.data)
    uxSchedulerSuspended                     0x20000068   Data           4  tasks.o(.data)
    pxDelayedTaskList                        0x2000006c   Data           4  tasks.o(.data)
    pxOverflowDelayedTaskList                0x20000070   Data           4  tasks.o(.data)
    xIdleTaskHandles                         0x20000074   Data           4  tasks.o(.data)
    .bss                                     0x20000078   Section      100  serial.o(.bss)
    .bss                                     0x200000dc   Section     1026  esp8266.o(.bss)
    .bss                                     0x200004e0   Section      200  tasks.o(.bss)
    pxReadyTasksLists                        0x200004e0   Data         100  tasks.o(.bss)
    xDelayedTaskList1                        0x20000544   Data          20  tasks.o(.bss)
    xDelayedTaskList2                        0x20000558   Data          20  tasks.o(.bss)
    xPendingReadyList                        0x2000056c   Data          20  tasks.o(.bss)
    xTasksWaitingTermination                 0x20000580   Data          20  tasks.o(.bss)
    xSuspendedTaskList                       0x20000594   Data          20  tasks.o(.bss)
    STACK                                    0x200005a8   Section     1024  startup_stm32f10x_md.o(STACK)

    Global Symbols

    Symbol Name                              Value     Ov Type        Size  Object(Section)

    BuildAttributes$$THM_ISAv4$P$D$K$B$S$PE$A:L22UL41UL21$X:L11$S22US41US21$IEEE1$IW$USESV6$~STKCKD$USESV7$~SHL$OTIME$ROPI$IEEEX$EBA8$MICROLIB$REQ8$PRES8$EABIv2 0x00000000   Number         0  anon$$obj.o ABSOLUTE
    __ARM_use_no_argv                        0x00000000   Number         0  main.o ABSOLUTE
    _printf_a                                0x00000000   Number         0  stubs.o ABSOLUTE
    _printf_c                                0x00000000   Number         0  stubs.o ABSOLUTE
    _printf_charcount                        0x00000000   Number         0  stubs.o ABSOLUTE
    _printf_d                                0x00000000   Number         0  stubs.o ABSOLUTE
    _printf_e                                0x00000000   Number         0  stubs.o ABSOLUTE
    _printf_f                                0x00000000   Number         0  stubs.o ABSOLUTE
    _printf_flags                            0x00000000   Number         0  stubs.o ABSOLUTE
    _printf_fp_dec                           0x00000000   Number         0  stubs.o ABSOLUTE
    _printf_fp_hex                           0x00000000   Number         0  stubs.o ABSOLUTE
    _printf_g                                0x00000000   Number         0  stubs.o ABSOLUTE
    _printf_i                                0x00000000   Number         0  stubs.o ABSOLUTE
    _printf_int_dec                          0x00000000   Number         0  stubs.o ABSOLUTE
    _printf_l                                0x00000000   Number         0  stubs.o ABSOLUTE
    _printf_lc                               0x00000000   Number         0  stubs.o ABSOLUTE
    _printf_ll                               0x00000000   Number         0  stubs.o ABSOLUTE
    _printf_lld                              0x00000000   Number         0  stubs.o ABSOLUTE
    _printf_lli                              0x00000000   Number         0  stubs.o ABSOLUTE
    _printf_llo                              0x00000000   Number         0  stubs.o ABSOLUTE
    _printf_llu                              0x00000000   Number         0  stubs.o ABSOLUTE
    _printf_llx                              0x00000000   Number         0  stubs.o ABSOLUTE
    _printf_longlong_dec                     0x00000000   Number         0  stubs.o ABSOLUTE
    _printf_longlong_hex                     0x00000000   Number         0  stubs.o ABSOLUTE
    _printf_longlong_oct                     0x00000000   Number         0  stubs.o ABSOLUTE
    _printf_ls                               0x00000000   Number         0  stubs.o ABSOLUTE
    _printf_mbtowc                           0x00000000   Number         0  stubs.o ABSOLUTE
    _printf_n                                0x00000000   Number         0  stubs.o ABSOLUTE
    _printf_o                                0x00000000   Number         0  stubs.o ABSOLUTE
    _printf_p                                0x00000000   Number         0  stubs.o ABSOLUTE
    _printf_percent                          0x00000000   Number         0  stubs.o ABSOLUTE
    _printf_pre_padding                      0x00000000   Number         0  stubs.o ABSOLUTE
    _printf_return_value                     0x00000000   Number         0  stubs.o ABSOLUTE
    _printf_s                                0x00000000   Number         0  stubs.o ABSOLUTE
    _printf_sizespec                         0x00000000   Number         0  stubs.o ABSOLUTE
    _printf_str                              0x00000000   Number         0  stubs.o ABSOLUTE
    _printf_truncate_signed                  0x00000000   Number         0  stubs.o ABSOLUTE
    _printf_truncate_unsigned                0x00000000   Number         0  stubs.o ABSOLUTE
    _printf_u                                0x00000000   Number         0  stubs.o ABSOLUTE
    _printf_wc                               0x00000000   Number         0  stubs.o ABSOLUTE
    _printf_wctomb                           0x00000000   Number         0  stubs.o ABSOLUTE
    _printf_widthprec                        0x00000000   Number         0  stubs.o ABSOLUTE
    _printf_x                                0x00000000   Number         0  stubs.o ABSOLUTE
    __cpp_initialize__aeabi_                  - Undefined Weak Reference
    __cxa_finalize                            - Undefined Weak Reference
    __decompress                              - Undefined Weak Reference
    _clock_init                               - Undefined Weak Reference
    _microlib_exit                            - Undefined Weak Reference
    __Vectors_Size                           0x000000ec   Number         0  startup_stm32f10x_md.o ABSOLUTE
    __Vectors                                0x08000000   Data           4  startup_stm32f10x_md.o(RESET)
    __Vectors_End                            0x080000ec   Data           0  startup_stm32f10x_md.o(RESET)
    __main                                   0x080000ed   Thumb Code     0  entry.o(.ARM.Collect$$$$00000000)
    _main_stk                                0x080000ed   Thumb Code     0  entry2.o(.ARM.Collect$$$$00000001)
    _main_scatterload                        0x080000f1   Thumb Code     0  entry5.o(.ARM.Collect$$$$00000004)
    __main_after_scatterload                 0x080000f5   Thumb Code     0  entry5.o(.ARM.Collect$$$$00000004)
    _main_clock                              0x080000f5   Thumb Code     0  entry7b.o(.ARM.Collect$$$$00000008)
    _main_cpp_init                           0x080000f5   Thumb Code     0  entry8b.o(.ARM.Collect$$$$0000000A)
    _main_init                               0x080000f5   Thumb Code     0  entry9a.o(.ARM.Collect$$$$0000000B)
    __rt_final_cpp                           0x080000fd   Thumb Code     0  entry10a.o(.ARM.Collect$$$$0000000D)
    __rt_final_exit                          0x080000fd   Thumb Code     0  entry11a.o(.ARM.Collect$$$$0000000F)
    SVC_Handler                              0x08000101   Thumb Code    32  port.o(.emb_text)
    __asm___6_port_c_39a90d8d__prvStartFirstTask 0x08000125   Thumb Code    28  port.o(.emb_text)
    PendSV_Handler                           0x08000145   Thumb Code    72  port.o(.emb_text)
    vPortGetIPSR                             0x08000191   Thumb Code     6  port.o(.emb_text)
    Reset_Handler                            0x08000199   Thumb Code     8  startup_stm32f10x_md.o(.text)
    ADC1_2_IRQHandler                        0x080001b3   Thumb Code     0  startup_stm32f10x_md.o(.text)
    CAN1_RX1_IRQHandler                      0x080001b3   Thumb Code     0  startup_stm32f10x_md.o(.text)
    CAN1_SCE_IRQHandler                      0x080001b3   Thumb Code     0  startup_stm32f10x_md.o(.text)
    DMA1_Channel1_IRQHandler                 0x080001b3   Thumb Code     0  startup_stm32f10x_md.o(.text)
    DMA1_Channel2_IRQHandler                 0x080001b3   Thumb Code     0  startup_stm32f10x_md.o(.text)
    DMA1_Channel3_IRQHandler                 0x080001b3   Thumb Code     0  startup_stm32f10x_md.o(.text)
    DMA1_Channel4_IRQHandler                 0x080001b3   Thumb Code     0  startup_stm32f10x_md.o(.text)
    DMA1_Channel5_IRQHandler                 0x080001b3   Thumb Code     0  startup_stm32f10x_md.o(.text)
    DMA1_Channel6_IRQHandler                 0x080001b3   Thumb Code     0  startup_stm32f10x_md.o(.text)
    DMA1_Channel7_IRQHandler                 0x080001b3   Thumb Code     0  startup_stm32f10x_md.o(.text)
    EXTI0_IRQHandler                         0x080001b3   Thumb Code     0  startup_stm32f10x_md.o(.text)
    EXTI15_10_IRQHandler                     0x080001b3   Thumb Code     0  startup_stm32f10x_md.o(.text)
    EXTI1_IRQHandler                         0x080001b3   Thumb Code     0  startup_stm32f10x_md.o(.text)
    EXTI2_IRQHandler                         0x080001b3   Thumb Code     0  startup_stm32f10x_md.o(.text)
    EXTI3_IRQHandler                         0x080001b3   Thumb Code     0  startup_stm32f10x_md.o(.text)
    EXTI4_IRQHandler                         0x080001b3   Thumb Code     0  startup_stm32f10x_md.o(.text)
    EXTI9_5_IRQHandler                       0x080001b3   Thumb Code     0  startup_stm32f10x_md.o(.text)
    FLASH_IRQHandler                         0x080001b3   Thumb Code     0  startup_stm32f10x_md.o(.text)
    I2C1_ER_IRQHandler                       0x080001b3   Thumb Code     0  startup_stm32f10x_md.o(.text)
    I2C1_EV_IRQHandler                       0x080001b3   Thumb Code     0  startup_stm32f10x_md.o(.text)
    I2C2_ER_IRQHandler                       0x080001b3   Thumb Code     0  startup_stm32f10x_md.o(.text)
    I2C2_EV_IRQHandler                       0x080001b3   Thumb Code     0  startup_stm32f10x_md.o(.text)
    PVD_IRQHandler                           0x080001b3   Thumb Code     0  startup_stm32f10x_md.o(.text)
    RCC_IRQHandler                           0x080001b3   Thumb Code     0  startup_stm32f10x_md.o(.text)
    RTCAlarm_IRQHandler                      0x080001b3   Thumb Code     0  startup_stm32f10x_md.o(.text)
    RTC_IRQHandler                           0x080001b3   Thumb Code     0  startup_stm32f10x_md.o(.text)
    SPI1_IRQHandler                          0x080001b3   Thumb Code     0  startup_stm32f10x_md.o(.text)
    SPI2_IRQHandler                          0x080001b3   Thumb Code     0  startup_stm32f10x_md.o(.text)
    TAMPER_IRQHandler                        0x080001b3   Thumb Code     0  startup_stm32f10x_md.o(.text)
    TIM1_BRK_IRQHandler                      0x080001b3   Thumb Code     0  startup_stm32f10x_md.o(.text)
    TIM1_CC_IRQHandler                       0x080001b3   Thumb Code     0  startup_stm32f10x_md.o(.text)
    TIM1_TRG_COM_IRQHandler                  0x080001b3   Thumb Code     0  startup_stm32f10x_md.o(.text)
    TIM1_UP_IRQHandler                       0x080001b3   Thumb Code     0  startup_stm32f10x_md.o(.text)
    TIM2_IRQHandler                          0x080001b3   Thumb Code     0  startup_stm32f10x_md.o(.text)
    TIM3_IRQHandler                          0x080001b3   Thumb Code     0  startup_stm32f10x_md.o(.text)
    TIM4_IRQHandler                          0x080001b3   Thumb Code     0  startup_stm32f10x_md.o(.text)
    USBWakeUp_IRQHandler                     0x080001b3   Thumb Code     0  startup_stm32f10x_md.o(.text)
    USB_HP_CAN1_TX_IRQHandler                0x080001b3   Thumb Code     0  startup_stm32f10x_md.o(.text)
    USB_LP_CAN1_RX0_IRQHandler               0x080001b3   Thumb Code     0  startup_stm32f10x_md.o(.text)
    WWDG_IRQHandler                          0x080001b3   Thumb Code     0  startup_stm32f10x_md.o(.text)
    __aeabi_dadd                             0x080001bd   Thumb Code   322  dadd.o(.text)
    __aeabi_dsub                             0x080002ff   Thumb Code     6  dadd.o(.text)
    __aeabi_drsub                            0x08000305   Thumb Code     6  dadd.o(.text)
    __aeabi_dmul                             0x0800030b   Thumb Code   228  dmul.o(.text)
    __aeabi_cdrcmple                         0x080003f1   Thumb Code    48  cdrcmple.o(.text)
    __aeabi_uidiv                            0x08000421   Thumb Code     0  uidiv.o(.text)
    __aeabi_uidivmod                         0x08000421   Thumb Code    44  uidiv.o(.text)
    __aeabi_uldivmod                         0x0800044d   Thumb Code    98  uldiv.o(.text)
    __aeabi_llsl                             0x080004af   Thumb Code    30  llshl.o(.text)
    _ll_shift_l                              0x080004af   Thumb Code     0  llshl.o(.text)
    __aeabi_llsr                             0x080004cd   Thumb Code    32  llushr.o(.text)
    _ll_ushift_r                             0x080004cd   Thumb Code     0  llushr.o(.text)
    __aeabi_lasr                             0x080004ed   Thumb Code    36  llsshr.o(.text)
    _ll_sshift_r                             0x080004ed   Thumb Code     0  llsshr.o(.text)
    __I$use$fp                               0x08000511   Thumb Code     0  iusefp.o(.text)
    _double_round                            0x08000511   Thumb Code    30  depilogue.o(.text)
    _double_epilogue                         0x0800052f   Thumb Code   156  depilogue.o(.text)
    __aeabi_ddiv                             0x080005cb   Thumb Code   222  ddiv.o(.text)
    __aeabi_d2ulz                            0x080006a9   Thumb Code    48  dfixul.o(.text)
    __scatterload                            0x080006d9   Thumb Code    28  init.o(.text)
    __scatterload_rt2                        0x080006d9   Thumb Code     0  init.o(.text)
    BusFault_Handler                         0x080006fd   Thumb Code     2  stm32f10x_it.o(i.BusFault_Handler)
    DMA_GetCurrDataCounter                   0x080006ff   Thumb Code     6  stm32f10x_dma.o(i.DMA_GetCurrDataCounter)
    DebugMon_Handler                         0x08000705   Thumb Code     2  stm32f10x_it.o(i.DebugMon_Handler)
    Delay_ms                                 0x08000707   Thumb Code    24  delay.o(i.Delay_ms)
    Delay_us                                 0x0800071f   Thumb Code    32  delay.o(i.Delay_us)
    FSMC_NORSRAMCmd                          0x08000741   Thumb Code    30  stm32f10x_fsmc.o(i.FSMC_NORSRAMCmd)
    FSMC_NORSRAMInit                         0x08000765   Thumb Code   202  stm32f10x_fsmc.o(i.FSMC_NORSRAMInit)
    GPIO_Init                                0x0800082f   Thumb Code   166  stm32f10x_gpio.o(i.GPIO_Init)
    GPIO_ReadOutputDataBit                   0x080008d5   Thumb Code    14  stm32f10x_gpio.o(i.GPIO_ReadOutputDataBit)
    GPIO_ResetBits                           0x080008e3   Thumb Code     4  stm32f10x_gpio.o(i.GPIO_ResetBits)
    GPIO_SetBits                             0x080008e7   Thumb Code     4  stm32f10x_gpio.o(i.GPIO_SetBits)
    HardFault_Handler                        0x080008eb   Thumb Code     2  stm32f10x_it.o(i.HardFault_Handler)
    LCD_Clear                                0x08000909   Thumb Code    42  lcd.o(i.LCD_Clear)
    LCD_DisplayChar_EN                       0x0800093d   Thumb Code   100  lcd.o(i.LCD_DisplayChar_EN)
    LCD_DisplayString_EN                     0x080009a9   Thumb Code    76  lcd.o(i.LCD_DisplayString_EN)
    LCD_Init                                 0x08000ba5   Thumb Code    48  lcd.o(i.LCD_Init)
    LEDB_Turn                                0x08000e25   Thumb Code    40  led.o(i.LEDB_Turn)
    LED_Init                                 0x08000e85   Thumb Code     4  led.o(i.LED_Init)
    MemManage_Handler                        0x08000e89   Thumb Code     2  stm32f10x_it.o(i.MemManage_Handler)
    NMI_Handler                              0x08000e8b   Thumb Code     2  stm32f10x_it.o(i.NMI_Handler)
    NVIC_Init                                0x08000e8d   Thumb Code    96  misc.o(i.NVIC_Init)
    NVIC_PriorityGroupConfig                 0x08000ef1   Thumb Code    10  misc.o(i.NVIC_PriorityGroupConfig)
    RCC_AHBPeriphClockCmd                    0x08000f05   Thumb Code    22  stm32f10x_rcc.o(i.RCC_AHBPeriphClockCmd)
    RCC_APB2PeriphClockCmd                   0x08000f21   Thumb Code    22  stm32f10x_rcc.o(i.RCC_APB2PeriphClockCmd)
    RCC_GetClocksFreq                        0x08000f3d   Thumb Code   154  stm32f10x_rcc.o(i.RCC_GetClocksFreq)
    Serial_Init                              0x08001031   Thumb Code    14  serial.o(i.Serial_Init)
    Serial_Printf                            0x0800103f   Thumb Code    28  serial.o(i.Serial_Printf)
    Serial_SendByte                          0x0800105d   Thumb Code    26  serial.o(i.Serial_SendByte)
    Serial_SendString                        0x0800107d   Thumb Code    24  serial.o(i.Serial_SendString)
    SysTick_Handler                          0x080011bd   Thumb Code    20  stm32f10x_it.o(i.SysTick_Handler)
    SystemInit                               0x080011d1   Thumb Code    64  system_stm32f10x.o(i.SystemInit)
    USART1_IRQHandler                        0x08001221   Thumb Code   178  serial.o(i.USART1_IRQHandler)
    USART2_IRQHandler                        0x080012e1   Thumb Code    48  rd03.o(i.USART2_IRQHandler)
    USART3_IRQHandler                        0x0800131d   Thumb Code   104  esp8266.o(i.USART3_IRQHandler)
    USART_ClearITPendingBit                  0x0800138d   Thumb Code    16  stm32f10x_usart.o(i.USART_ClearITPendingBit)
    USART_Cmd                                0x0800139d   Thumb Code    24  stm32f10x_usart.o(i.USART_Cmd)
    USART_GetFlagStatus                      0x080013b5   Thumb Code    14  stm32f10x_usart.o(i.USART_GetFlagStatus)
    USART_GetITStatus                        0x080013c3   Thumb Code    64  stm32f10x_usart.o(i.USART_GetITStatus)
    USART_ITConfig                           0x08001403   Thumb Code    54  stm32f10x_usart.o(i.USART_ITConfig)
    USART_Init                               0x08001439   Thumb Code   182  stm32f10x_usart.o(i.USART_Init)
    USART_ReceiveData                        0x080014f5   Thumb Code     8  stm32f10x_usart.o(i.USART_ReceiveData)
    USART_SendData                           0x080014fd   Thumb Code     8  stm32f10x_usart.o(i.USART_SendData)
    UsageFault_Handler                       0x08001505   Thumb Code     2  stm32f10x_it.o(i.UsageFault_Handler)
    __0vsprintf                              0x08001509   Thumb Code    30  printfa.o(i.__0vsprintf)
    __1vsprintf                              0x08001509   Thumb Code     0  printfa.o(i.__0vsprintf)
    __2vsprintf                              0x08001509   Thumb Code     0  printfa.o(i.__0vsprintf)
    __c89vsprintf                            0x08001509   Thumb Code     0  printfa.o(i.__0vsprintf)
    vsprintf                                 0x08001509   Thumb Code     0  printfa.o(i.__0vsprintf)
    __scatterload_copy                       0x0800152d   Thumb Code    14  handlers.o(i.__scatterload_copy)
    __scatterload_null                       0x0800153b   Thumb Code     2  handlers.o(i.__scatterload_null)
    __scatterload_zeroinit                   0x0800153d   Thumb Code    14  handlers.o(i.__scatterload_zeroinit)
    main                                     0x08001e09   Thumb Code    44  main.o(i.main)
    vTaskSwitchContext                       0x08001e6d   Thumb Code    70  tasks.o(i.vTaskSwitchContext)
    xPortSysTickHandler                      0x08001ebd   Thumb Code    38  port.o(i.xPortSysTickHandler)
    xTaskGetSchedulerState                   0x08001ee9   Thumb Code    24  tasks.o(i.xTaskGetSchedulerState)
    xTaskIncrementTick                       0x08001f05   Thumb Code   278  tasks.o(i.xTaskIncrementTick)
    ASCII8x16_Table                          0x08002024   Data        1520  fonts.o(.constdata)
    Region$$Table$$Base                      0x08002614   Number         0  anon$$obj.o(Region$$Table)
    Region$$Table$$Limit                     0x08002634   Number         0  anon$$obj.o(Region$$Table)
    Font8x16                                 0x20000014   Data           8  fonts.o(.data)
    Serial_RxFlag                            0x2000001e   Data           1  serial.o(.data)
    Serial_Mode_Flag                         0x2000001f   Data           1  serial.o(.data)
    Serial_RxHexPacket                       0x20000020   Data           4  serial.o(.data)
    RD03_RxFlag                              0x20000024   Data           1  rd03.o(.data)
    RD03_RxIndex                             0x20000025   Data           1  rd03.o(.data)
    RD03_Range                               0x20000026   Data           1  rd03.o(.data)
    LCD_SCAN_MODE                            0x20000028   Data           1  lcd.o(.data)
    LCD_X_LENGTH                             0x2000002a   Data           2  lcd.o(.data)
    LCD_Y_LENGTH                             0x2000002c   Data           2  lcd.o(.data)
    pxCurrentTCB                             0x20000038   Data           4  tasks.o(.data)
    Serial_RxTextPacket                      0x20000078   Data         100  serial.o(.bss)
    ESP8266_Data                             0x200000dc   Data        1026  esp8266.o(.bss)
    __initial_sp                             0x200009a8   Data           0  startup_stm32f10x_md.o(STACK)



==============================================================================

Memory Map of the image

  Image Entry point : 0x080000ed

  Load Region LR_IROM1 (Base: 0x08000000, Size: 0x000026ac, Max: 0x00080000, ABSOLUTE)

    Execution Region ER_IROM1 (Exec base: 0x08000000, Load base: 0x08000000, Size: 0x00002634, Max: 0x00080000, ABSOLUTE)

    Exec Addr    Load Addr    Size         Type   Attr      Idx    E Section Name        Object

    0x08000000   0x08000000   0x000000ec   Data   RO            3    RESET               startup_stm32f10x_md.o
    0x080000ec   0x080000ec   0x00000000   Code   RO         5335  * .ARM.Collect$$$$00000000  mc_w.l(entry.o)
    0x080000ec   0x080000ec   0x00000004   Code   RO         5697    .ARM.Collect$$$$00000001  mc_w.l(entry2.o)
    0x080000f0   0x080000f0   0x00000004   Code   RO         5700    .ARM.Collect$$$$00000004  mc_w.l(entry5.o)
    0x080000f4   0x080000f4   0x00000000   Code   RO         5702    .ARM.Collect$$$$00000008  mc_w.l(entry7b.o)
    0x080000f4   0x080000f4   0x00000000   Code   RO         5704    .ARM.Collect$$$$0000000A  mc_w.l(entry8b.o)
    0x080000f4   0x080000f4   0x00000008   Code   RO         5705    .ARM.Collect$$$$0000000B  mc_w.l(entry9a.o)
    0x080000fc   0x080000fc   0x00000000   Code   RO         5707    .ARM.Collect$$$$0000000D  mc_w.l(entry10a.o)
    0x080000fc   0x080000fc   0x00000000   Code   RO         5709    .ARM.Collect$$$$0000000F  mc_w.l(entry11a.o)
    0x080000fc   0x080000fc   0x00000004   Code   RO         5698    .ARM.Collect$$$$00002712  mc_w.l(entry2.o)
    0x08000100   0x08000100   0x00000096   Code   RO         5183    .emb_text           port.o
    0x08000196   0x08000196   0x00000002   PAD
    0x08000198   0x08000198   0x00000024   Code   RO            4    .text               startup_stm32f10x_md.o
    0x080001bc   0x080001bc   0x0000014e   Code   RO         5656    .text               mf_w.l(dadd.o)
    0x0800030a   0x0800030a   0x000000e4   Code   RO         5658    .text               mf_w.l(dmul.o)
    0x080003ee   0x080003ee   0x00000002   PAD
    0x080003f0   0x080003f0   0x00000030   Code   RO         5668    .text               mf_w.l(cdrcmple.o)
    0x08000420   0x08000420   0x0000002c   Code   RO         5712    .text               mc_w.l(uidiv.o)
    0x0800044c   0x0800044c   0x00000062   Code   RO         5714    .text               mc_w.l(uldiv.o)
    0x080004ae   0x080004ae   0x0000001e   Code   RO         5716    .text               mc_w.l(llshl.o)
    0x080004cc   0x080004cc   0x00000020   Code   RO         5718    .text               mc_w.l(llushr.o)
    0x080004ec   0x080004ec   0x00000024   Code   RO         5720    .text               mc_w.l(llsshr.o)
    0x08000510   0x08000510   0x00000000   Code   RO         5739    .text               mc_w.l(iusefp.o)
    0x08000510   0x08000510   0x000000ba   Code   RO         5740    .text               mf_w.l(depilogue.o)
    0x080005ca   0x080005ca   0x000000de   Code   RO         5742    .text               mf_w.l(ddiv.o)
    0x080006a8   0x080006a8   0x00000030   Code   RO         5746    .text               mf_w.l(dfixul.o)
    0x080006d8   0x080006d8   0x00000024   Code   RO         5748    .text               mc_w.l(init.o)
    0x080006fc   0x080006fc   0x00000002   Code   RO         4351    i.BusFault_Handler  stm32f10x_it.o
    0x080006fe   0x080006fe   0x00000006   Code   RO          889    i.DMA_GetCurrDataCounter  stm32f10x_dma.o
    0x08000704   0x08000704   0x00000002   Code   RO         4352    i.DebugMon_Handler  stm32f10x_it.o
    0x08000706   0x08000706   0x00000018   Code   RO         3193    i.Delay_ms          delay.o
    0x0800071e   0x0800071e   0x00000020   Code   RO         3195    i.Delay_us          delay.o
    0x0800073e   0x0800073e   0x00000002   PAD
    0x08000740   0x08000740   0x00000024   Code   RO         1196    i.FSMC_NORSRAMCmd   stm32f10x_fsmc.o
    0x08000764   0x08000764   0x000000ca   Code   RO         1198    i.FSMC_NORSRAMInit  stm32f10x_fsmc.o
    0x0800082e   0x0800082e   0x000000a6   Code   RO         1311    i.GPIO_Init         stm32f10x_gpio.o
    0x080008d4   0x080008d4   0x0000000e   Code   RO         1317    i.GPIO_ReadOutputDataBit  stm32f10x_gpio.o
    0x080008e2   0x080008e2   0x00000004   Code   RO         1318    i.GPIO_ResetBits    stm32f10x_gpio.o
    0x080008e6   0x080008e6   0x00000004   Code   RO         1319    i.GPIO_SetBits      stm32f10x_gpio.o
    0x080008ea   0x080008ea   0x00000002   Code   RO         4353    i.HardFault_Handler  stm32f10x_it.o
    0x080008ec   0x080008ec   0x0000001c   Code   RO         4215    i.LCD_Backlight_Config  lcd.o
    0x08000908   0x08000908   0x00000034   Code   RO         4216    i.LCD_Clear         lcd.o
    0x0800093c   0x0800093c   0x0000006c   Code   RO         4217    i.LCD_DisplayChar_EN  lcd.o
    0x080009a8   0x080009a8   0x00000050   Code   RO         4218    i.LCD_DisplayString_EN  lcd.o
    0x080009f8   0x080009f8   0x00000058   Code   RO         4219    i.LCD_FSMC_Init     lcd.o
    0x08000a50   0x08000a50   0x00000154   Code   RO         4220    i.LCD_GPIO_Init     lcd.o
    0x08000ba4   0x08000ba4   0x00000034   Code   RO         4224    i.LCD_Init          lcd.o
    0x08000bd8   0x08000bd8   0x00000040   Code   RO         4225    i.LCD_OpenWindow    lcd.o
    0x08000c18   0x08000c18   0x00000174   Code   RO         4226    i.LCD_REG_Config    lcd.o
    0x08000d8c   0x08000d8c   0x00000028   Code   RO         4227    i.LCD_Rst           lcd.o
    0x08000db4   0x08000db4   0x00000070   Code   RO         4230    i.LCD_SetScanMode   lcd.o
    0x08000e24   0x08000e24   0x0000002c   Code   RO         3664    i.LEDB_Turn         led.o
    0x08000e50   0x08000e50   0x00000034   Code   RO         3669    i.LED_GPIO_Init     led.o
    0x08000e84   0x08000e84   0x00000004   Code   RO         3670    i.LED_Init          led.o
    0x08000e88   0x08000e88   0x00000002   Code   RO         4354    i.MemManage_Handler  stm32f10x_it.o
    0x08000e8a   0x08000e8a   0x00000002   Code   RO         4355    i.NMI_Handler       stm32f10x_it.o
    0x08000e8c   0x08000e8c   0x00000064   Code   RO          137    i.NVIC_Init         misc.o
    0x08000ef0   0x08000ef0   0x00000014   Code   RO          138    i.NVIC_PriorityGroupConfig  misc.o
    0x08000f04   0x08000f04   0x0000001c   Code   RO         1726    i.RCC_AHBPeriphClockCmd  stm32f10x_rcc.o
    0x08000f20   0x08000f20   0x0000001c   Code   RO         1729    i.RCC_APB2PeriphClockCmd  stm32f10x_rcc.o
    0x08000f3c   0x08000f3c   0x000000ac   Code   RO         1737    i.RCC_GetClocksFreq  stm32f10x_rcc.o
    0x08000fe8   0x08000fe8   0x00000048   Code   RO         3751    i.Serial_GPIO_Init  serial.o
    0x08001030   0x08001030   0x0000000e   Code   RO         3753    i.Serial_Init       serial.o
    0x0800103e   0x0800103e   0x0000001c   Code   RO         3755    i.Serial_Printf     serial.o
    0x0800105a   0x0800105a   0x00000002   PAD
    0x0800105c   0x0800105c   0x00000020   Code   RO         3757    i.Serial_SendByte   serial.o
    0x0800107c   0x0800107c   0x00000018   Code   RO         3759    i.Serial_SendString  serial.o
    0x08001094   0x08001094   0x00000074   Code   RO         3760    i.Serial_USART_Init  serial.o
    0x08001108   0x08001108   0x00000004   Code   RO           24    i.SetSysClock       system_stm32f10x.o
    0x0800110c   0x0800110c   0x000000b0   Code   RO           25    i.SetSysClockTo72   system_stm32f10x.o
    0x080011bc   0x080011bc   0x00000014   Code   RO         4356    i.SysTick_Handler   stm32f10x_it.o
    0x080011d0   0x080011d0   0x00000050   Code   RO           27    i.SystemInit        system_stm32f10x.o
    0x08001220   0x08001220   0x000000c0   Code   RO         3761    i.USART1_IRQHandler  serial.o
    0x080012e0   0x080012e0   0x0000003c   Code   RO         3912    i.USART2_IRQHandler  rd03.o
    0x0800131c   0x0800131c   0x00000070   Code   RO         4044    i.USART3_IRQHandler  esp8266.o
    0x0800138c   0x0800138c   0x00000010   Code   RO         2894    i.USART_ClearITPendingBit  stm32f10x_usart.o
    0x0800139c   0x0800139c   0x00000018   Code   RO         2897    i.USART_Cmd         stm32f10x_usart.o
    0x080013b4   0x080013b4   0x0000000e   Code   RO         2900    i.USART_GetFlagStatus  stm32f10x_usart.o
    0x080013c2   0x080013c2   0x00000040   Code   RO         2901    i.USART_GetITStatus  stm32f10x_usart.o
    0x08001402   0x08001402   0x00000036   Code   RO         2903    i.USART_ITConfig    stm32f10x_usart.o
    0x08001438   0x08001438   0x000000bc   Code   RO         2904    i.USART_Init        stm32f10x_usart.o
    0x080014f4   0x080014f4   0x00000008   Code   RO         2911    i.USART_ReceiveData  stm32f10x_usart.o
    0x080014fc   0x080014fc   0x00000008   Code   RO         2914    i.USART_SendData    stm32f10x_usart.o
    0x08001504   0x08001504   0x00000002   Code   RO         4357    i.UsageFault_Handler  stm32f10x_it.o
    0x08001506   0x08001506   0x00000002   PAD
    0x08001508   0x08001508   0x00000024   Code   RO         5604    i.__0vsprintf       mc_w.l(printfa.o)
    0x0800152c   0x0800152c   0x0000000e   Code   RO         5786    i.__scatterload_copy  mc_w.l(handlers.o)
    0x0800153a   0x0800153a   0x00000002   Code   RO         5787    i.__scatterload_null  mc_w.l(handlers.o)
    0x0800153c   0x0800153c   0x0000000e   Code   RO         5788    i.__scatterload_zeroinit  mc_w.l(handlers.o)
    0x0800154a   0x0800154a   0x00000002   PAD
    0x0800154c   0x0800154c   0x00000184   Code   RO         5605    i._fp_digits        mc_w.l(printfa.o)
    0x080016d0   0x080016d0   0x000006dc   Code   RO         5606    i._printf_core      mc_w.l(printfa.o)
    0x08001dac   0x08001dac   0x00000024   Code   RO         5607    i._printf_post_padding  mc_w.l(printfa.o)
    0x08001dd0   0x08001dd0   0x0000002e   Code   RO         5608    i._printf_pre_padding  mc_w.l(printfa.o)
    0x08001dfe   0x08001dfe   0x0000000a   Code   RO         5610    i._sputc            mc_w.l(printfa.o)
    0x08001e08   0x08001e08   0x00000044   Code   RO         4336    i.main              main.o
    0x08001e4c   0x08001e4c   0x00000020   Code   RO         4858    i.prvResetNextTaskUnblockTime  tasks.o
    0x08001e6c   0x08001e6c   0x00000050   Code   RO         4882    i.vTaskSwitchContext  tasks.o
    0x08001ebc   0x08001ebc   0x0000002c   Code   RO         5191    i.xPortSysTickHandler  port.o
    0x08001ee8   0x08001ee8   0x0000001c   Code   RO         4893    i.xTaskGetSchedulerState  tasks.o
    0x08001f04   0x08001f04   0x00000120   Code   RO         4896    i.xTaskIncrementTick  tasks.o
    0x08002024   0x08002024   0x000005f0   Data   RO         3612    .constdata          fonts.o
    0x08002614   0x08002614   0x00000020   Data   RO         5784    Region$$Table       anon$$obj.o


    Execution Region RW_IRAM1 (Exec base: 0x20000000, Load base: 0x08002634, Size: 0x000009a8, Max: 0x00010000, ABSOLUTE)

    Exec Addr    Load Addr    Size         Type   Attr      Idx    E Section Name        Object

    0x20000000   0x08002634   0x00000014   Data   RW         1757    .data               stm32f10x_rcc.o
    0x20000014   0x08002648   0x00000008   Data   RW         3613    .data               fonts.o
    0x2000001c   0x08002650   0x00000008   Data   RW         3765    .data               serial.o
    0x20000024   0x08002658   0x00000003   Data   RW         3914    .data               rd03.o
    0x20000027   0x0800265b   0x00000001   PAD
    0x20000028   0x0800265c   0x00000010   Data   RW         4232    .data               lcd.o
    0x20000038   0x0800266c   0x00000040   Data   RW         4901    .data               tasks.o
    0x20000078        -       0x00000064   Zero   RW         3764    .bss                serial.o
    0x200000dc        -       0x00000402   Zero   RW         4045    .bss                esp8266.o
    0x200004de   0x080026ac   0x00000002   PAD
    0x200004e0        -       0x000000c8   Zero   RW         4900    .bss                tasks.o
    0x200005a8        -       0x00000400   Zero   RW            1    STACK               startup_stm32f10x_md.o


==============================================================================

Image component sizes


      Code (inc. data)   RO Data    RW Data    ZI Data      Debug   Object Name

         0          0          0          0          0       4500   core_cm3.o
        56          0          0          0          0        914   delay.o
       112          8          0          0       1026       1891   esp8266.o
         0          0       1520          8          0        859   fonts.o
         0          0          0          0          0       2488   freertostask.o
      1336         64          0         16          0      14642   lcd.o
       100          8          0          0          0       1299   led.o
        68         24          0          0          0        443   main.o
       120         14          0          0          0     207767   misc.o
       194         18          0          0          0       3766   port.o
        60         12          0          3          0       1193   rd03.o
       478         32          0          8        100       5215   serial.o
        36          8        236          0       1024        808   startup_stm32f10x_md.o
         6          0          0          0          0       2093   stm32f10x_dma.o
       238          6          0          0          0       1773   stm32f10x_fsmc.o
       188          0          0          0          0       3557   stm32f10x_gpio.o
        32          0          0          0          0       2915   stm32f10x_it.o
       228         30          0         20          0       4445   stm32f10x_rcc.o
       376          6          0          0          0       6783   stm32f10x_usart.o
       260         26          0          0          0      42493   system_stm32f10x.o
       428         28          0         64        200      20046   tasks.o

    ----------------------------------------------------------------------
      4324        284       1788        120       2352     329890   Object Totals
         0          0         32          0          0          0   (incl. Generated)
         8          0          0          1          2          0   (incl. Padding)

    ----------------------------------------------------------------------

      Code (inc. data)   RO Data    RW Data    ZI Data      Debug   Library Member Name

         0          0          0          0          0          0   entry.o
         0          0          0          0          0          0   entry10a.o
         0          0          0          0          0          0   entry11a.o
         8          4          0          0          0          0   entry2.o
         4          0          0          0          0          0   entry5.o
         0          0          0          0          0          0   entry7b.o
         0          0          0          0          0          0   entry8b.o
         8          4          0          0          0          0   entry9a.o
        30          0          0          0          0          0   handlers.o
        36          8          0          0          0         68   init.o
         0          0          0          0          0          0   iusefp.o
        30          0          0          0          0         68   llshl.o
        36          0          0          0          0         68   llsshr.o
        32          0          0          0          0         68   llushr.o
      2272         86          0          0          0        516   printfa.o
        44          0          0          0          0         80   uidiv.o
        98          0          0          0          0         92   uldiv.o
        48          0          0          0          0         68   cdrcmple.o
       334          0          0          0          0        148   dadd.o
       222          0          0          0          0        100   ddiv.o
       186          0          0          0          0        176   depilogue.o
        48          0          0          0          0         68   dfixul.o
       228          0          0          0          0         96   dmul.o

    ----------------------------------------------------------------------
      3668        102          0          0          0       1616   Library Totals
         4          0          0          0          0          0   (incl. Padding)

    ----------------------------------------------------------------------

      Code (inc. data)   RO Data    RW Data    ZI Data      Debug   Library Name

      2598        102          0          0          0        960   mc_w.l
      1066          0          0          0          0        656   mf_w.l

    ----------------------------------------------------------------------
      3668        102          0          0          0       1616   Library Totals

    ----------------------------------------------------------------------

==============================================================================


      Code (inc. data)   RO Data    RW Data    ZI Data      Debug   

      7992        386       1788        120       2352     327810   Grand Totals
      7992        386       1788        120       2352     327810   ELF Image Totals
      7992        386       1788        120          0          0   ROM Totals

==============================================================================

    Total RO  Size (Code + RO Data)                 9780 (   9.55kB)
    Total RW  Size (RW Data + ZI Data)              2472 (   2.41kB)
    Total ROM Size (Code + RO Data + RW Data)       9900 (   9.67kB)

==============================================================================

