Component: ARM Compiler 5.06 update 6 (build 750) Tool: armlink [4d35ed]

==============================================================================

Section Cross References

    startup_stm32f10x_md.o(RESET) refers to startup_stm32f10x_md.o(STACK) for __initial_sp
    startup_stm32f10x_md.o(RESET) refers to startup_stm32f10x_md.o(.text) for Reset_Handler
    startup_stm32f10x_md.o(RESET) refers to stm32f10x_it.o(i.NMI_Handler) for NMI_Handler
    startup_stm32f10x_md.o(RESET) refers to stm32f10x_it.o(i.HardFault_Handler) for HardFault_Handler
    startup_stm32f10x_md.o(RESET) refers to stm32f10x_it.o(i.MemManage_Handler) for MemManage_Handler
    startup_stm32f10x_md.o(RESET) refers to stm32f10x_it.o(i.BusFault_Handler) for BusFault_Handler
    startup_stm32f10x_md.o(RESET) refers to stm32f10x_it.o(i.UsageFault_Handler) for UsageFault_Handler
    startup_stm32f10x_md.o(RESET) refers to port.o(.emb_text) for SVC_Handler
    startup_stm32f10x_md.o(RESET) refers to stm32f10x_it.o(i.DebugMon_Handler) for DebugMon_Handler
    startup_stm32f10x_md.o(RESET) refers to stm32f10x_it.o(i.SysTick_Handler) for SysTick_Handler
    startup_stm32f10x_md.o(RESET) refers to serial.o(i.USART1_IRQHandler) for USART1_IRQHandler
    startup_stm32f10x_md.o(RESET) refers to rd03.o(i.USART2_IRQHandler) for USART2_IRQHandler
    startup_stm32f10x_md.o(RESET) refers to esp8266.o(i.USART3_IRQHandler) for USART3_IRQHandler
    startup_stm32f10x_md.o(.text) refers to system_stm32f10x.o(i.SystemInit) for SystemInit
    startup_stm32f10x_md.o(.text) refers to entry.o(.ARM.Collect$$$$00000000) for __main
    system_stm32f10x.o(i.SetSysClock) refers to system_stm32f10x.o(i.SetSysClockTo72) for SetSysClockTo72
    system_stm32f10x.o(i.SystemCoreClockUpdate) refers to system_stm32f10x.o(.data) for .data
    system_stm32f10x.o(i.SystemInit) refers to system_stm32f10x.o(i.SetSysClock) for SetSysClock
    stm32f10x_adc.o(i.ADC_DeInit) refers to stm32f10x_rcc.o(i.RCC_APB2PeriphResetCmd) for RCC_APB2PeriphResetCmd
    stm32f10x_bkp.o(i.BKP_DeInit) refers to stm32f10x_rcc.o(i.RCC_BackupResetCmd) for RCC_BackupResetCmd
    stm32f10x_can.o(i.CAN_DeInit) refers to stm32f10x_rcc.o(i.RCC_APB1PeriphResetCmd) for RCC_APB1PeriphResetCmd
    stm32f10x_can.o(i.CAN_GetITStatus) refers to stm32f10x_can.o(i.CheckITStatus) for CheckITStatus
    stm32f10x_cec.o(i.CEC_DeInit) refers to stm32f10x_rcc.o(i.RCC_APB1PeriphResetCmd) for RCC_APB1PeriphResetCmd
    stm32f10x_dac.o(i.DAC_DeInit) refers to stm32f10x_rcc.o(i.RCC_APB1PeriphResetCmd) for RCC_APB1PeriphResetCmd
    stm32f10x_flash.o(i.FLASH_EnableWriteProtection) refers to stm32f10x_flash.o(i.FLASH_WaitForLastOperation) for FLASH_WaitForLastOperation
    stm32f10x_flash.o(i.FLASH_EraseAllBank1Pages) refers to stm32f10x_flash.o(i.FLASH_WaitForLastBank1Operation) for FLASH_WaitForLastBank1Operation
    stm32f10x_flash.o(i.FLASH_EraseAllPages) refers to stm32f10x_flash.o(i.FLASH_WaitForLastOperation) for FLASH_WaitForLastOperation
    stm32f10x_flash.o(i.FLASH_EraseOptionBytes) refers to stm32f10x_flash.o(i.FLASH_GetReadOutProtectionStatus) for FLASH_GetReadOutProtectionStatus
    stm32f10x_flash.o(i.FLASH_EraseOptionBytes) refers to stm32f10x_flash.o(i.FLASH_WaitForLastOperation) for FLASH_WaitForLastOperation
    stm32f10x_flash.o(i.FLASH_ErasePage) refers to stm32f10x_flash.o(i.FLASH_WaitForLastOperation) for FLASH_WaitForLastOperation
    stm32f10x_flash.o(i.FLASH_ProgramHalfWord) refers to stm32f10x_flash.o(i.FLASH_WaitForLastOperation) for FLASH_WaitForLastOperation
    stm32f10x_flash.o(i.FLASH_ProgramOptionByteData) refers to stm32f10x_flash.o(i.FLASH_WaitForLastOperation) for FLASH_WaitForLastOperation
    stm32f10x_flash.o(i.FLASH_ProgramWord) refers to stm32f10x_flash.o(i.FLASH_WaitForLastOperation) for FLASH_WaitForLastOperation
    stm32f10x_flash.o(i.FLASH_ReadOutProtection) refers to stm32f10x_flash.o(i.FLASH_WaitForLastOperation) for FLASH_WaitForLastOperation
    stm32f10x_flash.o(i.FLASH_UserOptionByteConfig) refers to stm32f10x_flash.o(i.FLASH_WaitForLastOperation) for FLASH_WaitForLastOperation
    stm32f10x_flash.o(i.FLASH_WaitForLastBank1Operation) refers to stm32f10x_flash.o(i.FLASH_GetBank1Status) for FLASH_GetBank1Status
    stm32f10x_flash.o(i.FLASH_WaitForLastOperation) refers to stm32f10x_flash.o(i.FLASH_GetBank1Status) for FLASH_GetBank1Status
    stm32f10x_gpio.o(i.GPIO_AFIODeInit) refers to stm32f10x_rcc.o(i.RCC_APB2PeriphResetCmd) for RCC_APB2PeriphResetCmd
    stm32f10x_gpio.o(i.GPIO_DeInit) refers to stm32f10x_rcc.o(i.RCC_APB2PeriphResetCmd) for RCC_APB2PeriphResetCmd
    stm32f10x_i2c.o(i.I2C_DeInit) refers to stm32f10x_rcc.o(i.RCC_APB1PeriphResetCmd) for RCC_APB1PeriphResetCmd
    stm32f10x_i2c.o(i.I2C_Init) refers to stm32f10x_rcc.o(i.RCC_GetClocksFreq) for RCC_GetClocksFreq
    stm32f10x_pwr.o(i.PWR_DeInit) refers to stm32f10x_rcc.o(i.RCC_APB1PeriphResetCmd) for RCC_APB1PeriphResetCmd
    stm32f10x_rcc.o(i.RCC_GetClocksFreq) refers to stm32f10x_rcc.o(.data) for .data
[...]
    Removing stm32f10x_tim.o(i.TIM_GetCapture1), (4 bytes).
    Removing stm32f10x_tim.o(i.TIM_GetCapture2), (4 bytes).
    Removing stm32f10x_tim.o(i.TIM_GetCapture3), (4 bytes).
    Removing stm32f10x_tim.o(i.TIM_GetCapture4), (6 bytes).
    Removing stm32f10x_tim.o(i.TIM_GetCounter), (4 bytes).
    Removing stm32f10x_tim.o(i.TIM_GetFlagStatus), (14 bytes).
    Removing stm32f10x_tim.o(i.TIM_GetITStatus), (24 bytes).
    Removing stm32f10x_tim.o(i.TIM_GetPrescaler), (4 bytes).
    Removing stm32f10x_tim.o(i.TIM_ICInit), (140 bytes).
    Removing stm32f10x_tim.o(i.TIM_ICStructInit), (16 bytes).
    Removing stm32f10x_tim.o(i.TIM_ITConfig), (20 bytes).
    Removing stm32f10x_tim.o(i.TIM_ITRxExternalClockConfig), (20 bytes).
    Removing stm32f10x_tim.o(i.TIM_InternalClockConfig), (10 bytes).
    Removing stm32f10x_tim.o(i.TIM_OC1FastConfig), (12 bytes).
    Removing stm32f10x_tim.o(i.TIM_OC1Init), (136 bytes).
    Removing stm32f10x_tim.o(i.TIM_OC1NPolarityConfig), (12 bytes).
    Removing stm32f10x_tim.o(i.TIM_OC1PolarityConfig), (12 bytes).
    Removing stm32f10x_tim.o(i.TIM_OC1PreloadConfig), (12 bytes).
    Removing stm32f10x_tim.o(i.TIM_OC2FastConfig), (20 bytes).
    Removing stm32f10x_tim.o(i.TIM_OC2Init), (136 bytes).
    Removing stm32f10x_tim.o(i.TIM_OC2NPolarityConfig), (20 bytes).
    Removing stm32f10x_tim.o(i.TIM_OC2PolarityConfig), (20 bytes).
    Removing stm32f10x_tim.o(i.TIM_OC2PreloadConfig), (20 bytes).
    Removing stm32f10x_tim.o(i.TIM_OC3FastConfig), (12 bytes).
    Removing stm32f10x_tim.o(i.TIM_OC3Init), (132 bytes).
    Removing stm32f10x_tim.o(i.TIM_OC3NPolarityConfig), (20 bytes).
    Removing stm32f10x_tim.o(i.TIM_OC3PolarityConfig), (20 bytes).
    Removing stm32f10x_tim.o(i.TIM_OC3PreloadConfig), (12 bytes).
    Removing stm32f10x_tim.o(i.TIM_OC4FastConfig), (20 bytes).
    Removing stm32f10x_tim.o(i.TIM_OC4Init), (104 bytes).
    Removing stm32f10x_tim.o(i.TIM_OC4PolarityConfig), (20 bytes).
    Removing stm32f10x_tim.o(i.TIM_OC4PreloadConfig), (20 bytes).
    Removing stm32f10x_tim.o(i.TIM_OCStructInit), (20 bytes).
    Removing stm32f10x_tim.o(i.TIM_PWMIConfig), (110 bytes).
    Removing stm32f10x_tim.o(i.TIM_PrescalerConfig), (6 bytes).
    Removing stm32f10x_tim.o(i.TIM_SelectCCDMA), (24 bytes).
    Removing stm32f10x_tim.o(i.TIM_SelectCOM), (24 bytes).
    Removing stm32f10x_tim.o(i.TIM_SelectHallSensor), (24 bytes).
    Removing stm32f10x_tim.o(i.TIM_SelectInputTrigger), (12 bytes).
    Removing stm32f10x_tim.o(i.TIM_SelectMasterSlaveMode), (16 bytes).
    Removing stm32f10x_tim.o(i.TIM_SelectOCxM), (76 bytes).
    Removing stm32f10x_tim.o(i.TIM_SelectOnePulseMode), (16 bytes).
    Removing stm32f10x_tim.o(i.TIM_SelectOutputTrigger), (16 bytes).
    Removing stm32f10x_tim.o(i.TIM_SelectSlaveMode), (16 bytes).
    Removing stm32f10x_tim.o(i.TIM_SetAutoreload), (4 bytes).
    Removing stm32f10x_tim.o(i.TIM_SetClockDivision), (16 bytes).
    Removing stm32f10x_tim.o(i.TIM_SetCompare1), (4 bytes).
    Removing stm32f10x_tim.o(i.TIM_SetCompare2), (4 bytes).
    Removing stm32f10x_tim.o(i.TIM_SetCompare3), (4 bytes).
    Removing stm32f10x_tim.o(i.TIM_SetCompare4), (6 bytes).
    Removing stm32f10x_tim.o(i.TIM_SetCounter), (4 bytes).
    Removing stm32f10x_tim.o(i.TIM_SetIC1Prescaler), (16 bytes).
    Removing stm32f10x_tim.o(i.TIM_SetIC2Prescaler), (24 bytes).
    Removing stm32f10x_tim.o(i.TIM_SetIC3Prescaler), (16 bytes).
    Removing stm32f10x_tim.o(i.TIM_SetIC4Prescaler), (24 bytes).
    Removing stm32f10x_tim.o(i.TIM_TIxExternalClockConfig), (48 bytes).
    Removing stm32f10x_tim.o(i.TIM_TimeBaseInit), (156 bytes).
    Removing stm32f10x_tim.o(i.TIM_TimeBaseStructInit), (18 bytes).
    Removing stm32f10x_tim.o(i.TIM_UpdateDisableConfig), (24 bytes).
    Removing stm32f10x_tim.o(i.TIM_UpdateRequestConfig), (24 bytes).
    Removing stm32f10x_usart.o(i.USART_ClearFlag), (8 bytes).
    Removing stm32f10x_usart.o(i.USART_ClockInit), (30 bytes).
    Removing stm32f10x_usart.o(i.USART_ClockStructInit), (12 bytes).
    Removing stm32f10x_usart.o(i.USART_DMACmd), (20 bytes).
    Removing stm32f10x_usart.o(i.USART_DeInit), (164 bytes).
    Removing stm32f10x_usart.o(i.USART_HalfDuplexCmd), (24 bytes).
    Removing stm32f10x_usart.o(i.USART_IrDACmd), (24 bytes).
    Removing stm32f10x_usart.o(i.USART_IrDAConfig), (16 bytes).
    Removing stm32f10x_usart.o(i.USART_LINBreakDetectLengthConfig), (16 bytes).
    Removing stm32f10x_usart.o(i.USART_LINCmd), (24 bytes).
    Removing stm32f10x_usart.o(i.USART_OneBitMethodCmd), (24 bytes).
    Removing stm32f10x_usart.o(i.USART_OverSampling8Cmd), (24 bytes).
    Removing stm32f10x_usart.o(i.USART_ReceiverWakeUpCmd), (24 bytes).
    Removing stm32f10x_usart.o(i.USART_SendBreak), (10 bytes).
    Removing stm32f10x_usart.o(i.USART_SetAddress), (16 bytes).
    Removing stm32f10x_usart.o(i.USART_SetGuardTime), (16 bytes).
    Removing stm32f10x_usart.o(i.USART_SetPrescaler), (16 bytes).
    Removing stm32f10x_usart.o(i.USART_SmartCardCmd), (24 bytes).
    Removing stm32f10x_usart.o(i.USART_SmartCardNACKCmd), (24 bytes).
    Removing stm32f10x_usart.o(i.USART_StructInit), (22 bytes).
    Removing stm32f10x_usart.o(i.USART_WakeUpConfig), (16 bytes).
    Removing stm32f10x_wwdg.o(i.WWDG_ClearFlag), (12 bytes).
    Removing stm32f10x_wwdg.o(i.WWDG_DeInit), (24 bytes).
    Removing stm32f10x_wwdg.o(i.WWDG_Enable), (16 bytes).
    Removing stm32f10x_wwdg.o(i.WWDG_EnableIT), (12 bytes).
    Removing stm32f10x_wwdg.o(i.WWDG_GetFlagStatus), (12 bytes).
    Removing stm32f10x_wwdg.o(i.WWDG_SetCounter), (16 bytes).
    Removing stm32f10x_wwdg.o(i.WWDG_SetPrescaler), (20 bytes).
    Removing stm32f10x_wwdg.o(i.WWDG_SetWindowValue), (32 bytes).
    Removing delay.o(i.Delay_s), (24 bytes).
    Removing rtc.o(i.RTC_GetTime), (72 bytes).
    Removing rtc.o(i.RTC_Init), (108 bytes).
    Removing rtc.o(i.RTC_SetTime), (64 bytes).
    Removing rtc.o(.data), (12 bytes).
    Removing cjson.o(i.cJSON_AddItemReferenceToArray), (22 bytes).
    Removing cjson.o(i.cJSON_AddItemReferenceToObject), (26 bytes).
    Removing cjson.o(i.cJSON_AddItemToArray), (28 bytes).
    Removing cjson.o(i.cJSON_AddItemToObject), (48 bytes).
    Removing cjson.o(i.cJSON_AddItemToObjectCS), (56 bytes).
    Removing cjson.o(i.cJSON_CreateArray), (16 bytes).
    Removing cjson.o(i.cJSON_CreateBool), (24 bytes).
    Removing cjson.o(i.cJSON_CreateDoubleArray), (62 bytes).
    Removing cjson.o(i.cJSON_CreateFalse), (16 bytes).
    Removing cjson.o(i.cJSON_CreateFloatArray), (64 bytes).
    Removing cjson.o(i.cJSON_CreateIntArray), (64 bytes).
    Removing cjson.o(i.cJSON_CreateNull), (16 bytes).
    Removing cjson.o(i.cJSON_CreateNumber), (36 bytes).
    Removing cjson.o(i.cJSON_CreateObject), (16 bytes).
    Removing cjson.o(i.cJSON_CreateString), (28 bytes).
    Removing cjson.o(i.cJSON_CreateStringArray), (62 bytes).
    Removing cjson.o(i.cJSON_CreateTrue), (16 bytes).
    Removing cjson.o(i.cJSON_Delete), (72 bytes).
    Removing cjson.o(i.cJSON_DeleteItemFromArray), (14 bytes).
    Removing cjson.o(i.cJSON_DeleteItemFromObject), (14 bytes).
    Removing cjson.o(i.cJSON_DetachItemFromArray), (56 bytes).
    Removing cjson.o(i.cJSON_DetachItemFromObject), (52 bytes).
    Removing cjson.o(i.cJSON_Duplicate), (152 bytes).
    Removing cjson.o(i.cJSON_GetArrayItem), (18 bytes).
    Removing cjson.o(i.cJSON_GetArraySize), (16 bytes).
    Removing cjson.o(i.cJSON_GetErrorPtr), (12 bytes).
    Removing cjson.o(i.cJSON_GetObjectItem), (28 bytes).
    Removing cjson.o(i.cJSON_InitHooks), (48 bytes).
    Removing cjson.o(i.cJSON_InsertItemInArray), (54 bytes).
    Removing cjson.o(i.cJSON_Minify), (158 bytes).
    Removing cjson.o(i.cJSON_New_Item), (32 bytes).
    Removing cjson.o(i.cJSON_Parse), (8 bytes).
    Removing cjson.o(i.cJSON_ParseWithOpts), (100 bytes).
    Removing cjson.o(i.cJSON_Print), (10 bytes).
    Removing cjson.o(i.cJSON_PrintBuffered), (44 bytes).
    Removing cjson.o(i.cJSON_PrintUnformatted), (10 bytes).
    Removing cjson.o(i.cJSON_ReplaceItemInArray), (64 bytes).
    Removing cjson.o(i.cJSON_ReplaceItemInObject), (64 bytes).
    Removing cjson.o(i.cJSON_strcasecmp), (76 bytes).
    Removing cjson.o(i.cJSON_strdup), (48 bytes).
    Removing cjson.o(i.create_reference), (46 bytes).
    Removing cjson.o(i.ensure), (96 bytes).
    Removing cjson.o(i.parse_array), (156 bytes).
    Removing cjson.o(i.parse_hex4), (190 bytes).
    Removing cjson.o(i.parse_number), (384 bytes).
    Removing cjson.o(i.parse_object), (240 bytes).
    Removing cjson.o(i.parse_string), (380 bytes).
    Removing cjson.o(i.parse_value), (188 bytes).
    Removing cjson.o(i.pow2gt), (26 bytes).
    Removing cjson.o(i.print_array), (516 bytes).
    Removing cjson.o(i.print_number), (392 bytes).
    Removing cjson.o(i.print_object), (928 bytes).
    Removing cjson.o(i.print_string), (6 bytes).
    Removing cjson.o(i.print_string_ptr), (428 bytes).
    Removing cjson.o(i.print_value), (256 bytes).
    Removing cjson.o(i.skip), (20 bytes).
    Removing cjson.o(i.suffix_object), (6 bytes).
    Removing cjson.o(i.update), (30 bytes).
    Removing cjson.o(.constdata), (7 bytes).
    Removing cjson.o(.data), (12 bytes).
    Removing fonts.o(.constdata), (1520 bytes).
    Removing fonts.o(.data), (8 bytes).
    Removing key.o(i.Key2_GetState), (44 bytes).
    Removing led.o(i.LEDB_GetState), (28 bytes).
    Removing led.o(i.LEDG_GetState), (28 bytes).
    Removing led.o(i.LEDG_Turn), (44 bytes).
    Removing led.o(i.LEDR_GetState), (28 bytes).
    Removing led.o(i.LEDR_Turn), (44 bytes).
    Removing buzzer.o(i.Buzzer_GPIO_Init), (52 bytes).
    Removing buzzer.o(i.Buzzer_GetState), (28 bytes).
    Removing buzzer.o(i.Buzzer_Init), (4 bytes).
    Removing buzzer.o(i.Buzzer_Turn), (48 bytes).
    Removing serial.o(i.Serial_GetRxFlag), (24 bytes).
    Removing serial.o(i.Serial_Pow), (16 bytes).
    Removing serial.o(i.Serial_SendArray), (26 bytes).
    Removing serial.o(i.Serial_SendNumber), (54 bytes).
    Removing serial.o(i.fputc), (14 bytes).
    Removing serial.o(.bss), (100 bytes).
    Removing serial.o(.data), (4 bytes).
    Removing dma.o(i.DMA1_Init_Normal), (84 bytes).
    Removing dma.o(i.DMA1_Start), (60 bytes).
    Removing dma.o(.data), (2 bytes).
    Removing rd03.o(i.RD03_DMA_Init), (80 bytes).
    Removing rd03.o(i.RD03_GPIO_Init), (68 bytes).
    Removing rd03.o(i.RD03_GetRange), (120 bytes).
    Removing rd03.o(i.RD03_GetRxFlag), (24 bytes).
    Removing rd03.o(i.RD03_Init), (18 bytes).
    Removing rd03.o(i.RD03_ResetDMA), (48 bytes).
    Removing rd03.o(i.RD03_USART_Init), (120 bytes).
    Removing rd03.o(.bss), (16 bytes).
    Removing w25q64.o(i.W25Q64_GPIO_Init), (96 bytes).
    Removing w25q64.o(i.W25Q64_GetID), (76 bytes).
    Removing w25q64.o(i.W25Q64_Init), (28 bytes).
    Removing w25q64.o(i.W25Q64_PageProgram), (92 bytes).
    Removing w25q64.o(i.W25Q64_ReadData), (84 bytes).
    Removing w25q64.o(i.W25Q64_SPI_Init), (88 bytes).
    Removing w25q64.o(i.W25Q64_SectorErase), (68 bytes).
    Removing w25q64.o(i.W25Q64_Swap_Byte), (52 bytes).
    Removing w25q64.o(i.W25Q64_WaitBusy), (56 bytes).
    Removing w25q64.o(i.W25Q64_WriteEnable), (36 bytes).
    Removing esp8266.o(i.ESP8266_MQTTSUB), (64 bytes).
    Removing esp8266.o(i.ESP8266_RecvData), (4 bytes).
    Removing esp8266.o(i.ESP8266_SendData), (4 bytes).
    Removing mpu6050.o(i.MPU6050_GPIO_Init), (44 bytes).
    Removing mpu6050.o(i.MPU6050_GetData), (146 bytes).
    Removing mpu6050.o(i.MPU6050_GetID), (6 bytes).
    Removing mpu6050.o(i.MPU6050_I2C_Init), (76 bytes).
    Removing mpu6050.o(i.MPU6050_Init), (62 bytes).
    Removing mpu6050.o(i.MPU6050_ReadReg), (152 bytes).
    Removing mpu6050.o(i.MPU6050_WaitEvent), (32 bytes).
    Removing mpu6050.o(i.MPU6050_WriteReg), (104 bytes).
    Removing lcd.o(i.LCD_Backlight_Config), (28 bytes).
    Removing lcd.o(i.LCD_Clear), (52 bytes).
    Removing lcd.o(i.LCD_DisplayChar_EN), (108 bytes).
    Removing lcd.o(i.LCD_DisplayString_EN), (80 bytes).
    Removing lcd.o(i.LCD_FSMC_Init), (88 bytes).
    Removing lcd.o(i.LCD_GPIO_Init), (340 bytes).
    Removing lcd.o(i.LCD_GetBackColor), (12 bytes).
    Removing lcd.o(i.LCD_GetFont), (12 bytes).
    Removing lcd.o(i.LCD_GetTextColor), (12 bytes).
    Removing lcd.o(i.LCD_Init), (52 bytes).
    Removing lcd.o(i.LCD_OpenWindow), (64 bytes).
    Removing lcd.o(i.LCD_REG_Config), (372 bytes).
    Removing lcd.o(i.LCD_Rst), (40 bytes).
    Removing lcd.o(i.LCD_SetBackColor), (12 bytes).
    Removing lcd.o(i.LCD_SetFont), (12 bytes).
    Removing lcd.o(i.LCD_SetScanMode), (112 bytes).
    Removing lcd.o(i.LCD_SetTextColor), (12 bytes).
    Removing lcd.o(.data), (16 bytes).
    Removing event_groups.o(i.prvTestWaitCondition), (24 bytes).
    Removing event_groups.o(i.vEventGroupClearBitsCallback), (4 bytes).
    Removing event_groups.o(i.vEventGroupDelete), (44 bytes).
    Removing event_groups.o(i.vEventGroupSetBitsCallback), (4 bytes).
    Removing event_groups.o(i.xEventGroupClearBits), (26 bytes).
    Removing event_groups.o(i.xEventGroupCreate), (26 bytes).
    Removing event_groups.o(i.xEventGroupGetBitsFromISR), (26 bytes).
    Removing event_groups.o(i.xEventGroupSetBits), (118 bytes).
    Removing event_groups.o(i.xEventGroupSync), (136 bytes).
    Removing event_groups.o(i.xEventGroupWaitBits), (188 bytes).
    Removing list.o(i.uxListRemove), (36 bytes).
    Removing list.o(i.vListInitialise), (22 bytes).
    Removing list.o(i.vListInitialiseItem), (6 bytes).
    Removing list.o(i.vListInsert), (48 bytes).
    Removing list.o(i.vListInsertEnd), (24 bytes).
    Removing queue.o(i.prvCopyDataFromQueue), (40 bytes).
    Removing queue.o(i.prvCopyDataToQueue), (92 bytes).
    Removing queue.o(i.prvInitialiseNewQueue), (24 bytes).
    Removing queue.o(i.prvIsQueueEmpty), (26 bytes).
    Removing queue.o(i.prvIsQueueFull), (30 bytes).
    Removing queue.o(i.prvUnlockQueue), (106 bytes).
    Removing queue.o(i.uxQueueGetQueueItemSize), (4 bytes).
    Removing queue.o(i.uxQueueGetQueueLength), (4 bytes).
    Removing queue.o(i.uxQueueMessagesWaiting), (18 bytes).
    Removing queue.o(i.uxQueueMessagesWaitingFromISR), (4 bytes).
    Removing queue.o(i.uxQueueSpacesAvailable), (22 bytes).
    Removing queue.o(i.vQueueDelete), (4 bytes).
    Removing queue.o(i.xQueueGenericCreate), (64 bytes).
    Removing queue.o(i.xQueueGenericReset), (148 bytes).
    Removing queue.o(i.xQueueGenericSend), (248 bytes).
    Removing queue.o(i.xQueueGenericSendFromISR), (112 bytes).
    Removing queue.o(i.xQueueGiveFromISR), (102 bytes).
    Removing queue.o(i.xQueueIsQueueEmptyFromISR), (14 bytes).
    Removing queue.o(i.xQueueIsQueueFullFromISR), (16 bytes).
    Removing queue.o(i.xQueuePeek), (240 bytes).
    Removing queue.o(i.xQueuePeekFromISR), (50 bytes).
    Removing queue.o(i.xQueueReceive), (240 bytes).
    Removing queue.o(i.xQueueReceiveFromISR), (110 bytes).
    Removing queue.o(i.xQueueSemaphoreTake), (232 bytes).
    Removing stream_buffer.o(i.prvBytesInBuffer), (18 bytes).
    Removing stream_buffer.o(i.prvInitialiseNewStreamBuffer), (42 bytes).
    Removing stream_buffer.o(i.prvReadBytesFromBuffer), (64 bytes).
    Removing stream_buffer.o(i.prvReadMessageFromBuffer), (72 bytes).
    Removing stream_buffer.o(i.prvWriteBytesToBuffer), (64 bytes).
    Removing stream_buffer.o(i.prvWriteMessageToBuffer), (70 bytes).
    Removing stream_buffer.o(i.uxStreamBufferGetStreamBufferNotificationIndex), (4 bytes).
    Removing stream_buffer.o(i.vStreamBufferDelete), (16 bytes).
    Removing stream_buffer.o(i.vStreamBufferSetStreamBufferNotificationIndex), (4 bytes).
    Removing stream_buffer.o(i.xStreamBufferBytesAvailable), (4 bytes).
    Removing stream_buffer.o(i.xStreamBufferGenericCreate), (88 bytes).
    Removing stream_buffer.o(i.xStreamBufferIsEmpty), (16 bytes).
    Removing stream_buffer.o(i.xStreamBufferIsFull), (30 bytes).
    Removing stream_buffer.o(i.xStreamBufferNextMessageLengthBytes), (44 bytes).
    Removing stream_buffer.o(i.xStreamBufferReceive), (180 bytes).
    Removing stream_buffer.o(i.xStreamBufferReceiveCompletedFromISR), (60 bytes).
    Removing stream_buffer.o(i.xStreamBufferReceiveFromISR), (110 bytes).
    Removing stream_buffer.o(i.xStreamBufferReset), (50 bytes).
    Removing stream_buffer.o(i.xStreamBufferResetFromISR), (62 bytes).
    Removing stream_buffer.o(i.xStreamBufferSend), (200 bytes).
    Removing stream_buffer.o(i.xStreamBufferSendCompletedFromISR), (60 bytes).
    Removing stream_buffer.o(i.xStreamBufferSendFromISR), (116 bytes).
    Removing stream_buffer.o(i.xStreamBufferSetTriggerLevel), (22 bytes).
    Removing stream_buffer.o(i.xStreamBufferSpacesAvailable), (32 bytes).
    Removing tasks.o(i.pcTaskGetName), (16 bytes).
    Removing tasks.o(i.prvAddCurrentTaskToDelayedList), (148 bytes).
    Removing tasks.o(i.prvAddNewTaskToReadyList), (168 bytes).
    Removing tasks.o(i.prvCheckTasksWaitingTermination), (60 bytes).
    Removing tasks.o(i.prvCreateIdleTasks), (80 bytes).
    Removing tasks.o(i.prvCreateTask), (92 bytes).
    Removing tasks.o(i.prvDeleteTCB), (20 bytes).
    Removing tasks.o(i.prvIdleTask), (40 bytes).
    Removing tasks.o(i.prvInitialiseNewTask), (110 bytes).
    Removing tasks.o(i.prvInitialiseTaskLists), (88 bytes).
    Removing tasks.o(i.prvTaskIsTaskSuspended), (52 bytes).
    Removing tasks.o(i.ulTaskGenericNotifyTake), (156 bytes).
    Removing tasks.o(i.ulTaskGenericNotifyValueClear), (48 bytes).
    Removing tasks.o(i.uxTaskGetNumberOfTasks), (12 bytes).
    Removing tasks.o(i.uxTaskPriorityGet), (28 bytes).
    Removing tasks.o(i.uxTaskPriorityGetFromISR), (40 bytes).
    Removing tasks.o(i.uxTaskResetEventItemValue), (24 bytes).
    Removing tasks.o(i.vTaskDelay), (52 bytes).
    Removing tasks.o(i.vTaskDelete), (172 bytes).
    Removing tasks.o(i.vTaskEndScheduler), (60 bytes).
    Removing tasks.o(i.vTaskGenericNotifyGiveFromISR), (236 bytes).
    Removing tasks.o(i.vTaskInternalSetTimeOutState), (16 bytes).
    Removing tasks.o(i.vTaskMissedYield), (12 bytes).
    Removing tasks.o(i.vTaskPlaceOnEventList), (32 bytes).
    Removing tasks.o(i.vTaskPlaceOnUnorderedEventList), (64 bytes).
    Removing tasks.o(i.vTaskPrioritySet), (208 bytes).
    Removing tasks.o(i.vTaskRemoveFromUnorderedEventList), (168 bytes).
    Removing tasks.o(i.vTaskResetState), (48 bytes).
    Removing tasks.o(i.vTaskResume), (148 bytes).
    Removing tasks.o(i.vTaskSetTimeOutState), (32 bytes).
    Removing tasks.o(i.vTaskStartScheduler), (52 bytes).
    Removing tasks.o(i.vTaskSuspend), (176 bytes).
    Removing tasks.o(i.vTaskSuspendAll), (16 bytes).
    Removing tasks.o(i.xTaskCatchUpTicks), (36 bytes).
    Removing tasks.o(i.xTaskCheckForTimeOut), (88 bytes).
    Removing tasks.o(i.xTaskCreate), (30 bytes).
    Removing tasks.o(i.xTaskDelayUntil), (92 bytes).
    Removing tasks.o(i.xTaskGenericNotify), (248 bytes).
    Removing tasks.o(i.xTaskGenericNotifyFromISR), (340 bytes).
    Removing tasks.o(i.xTaskGenericNotifyStateClear), (56 bytes).
    Removing tasks.o(i.xTaskGenericNotifyWait), (188 bytes).
    Removing tasks.o(i.xTaskGetCurrentTaskHandle), (12 bytes).
    Removing tasks.o(i.xTaskGetCurrentTaskHandleForCore), (20 bytes).
    Removing tasks.o(i.xTaskGetTickCount), (12 bytes).
    Removing tasks.o(i.xTaskGetTickCountFromISR), (12 bytes).
    Removing tasks.o(i.xTaskRemoveFromEventList), (204 bytes).
    Removing tasks.o(i.xTaskResumeAll), (300 bytes).
    Removing tasks.o(i.xTaskResumeFromISR), (172 bytes).
    Removing port.o(i.prvTaskExitError), (16 bytes).
    Removing port.o(i.pxPortInitialiseStack), (28 bytes).
    Removing port.o(i.vPortEndScheduler), (2 bytes).
    Removing port.o(i.vPortEnterCritical), (28 bytes).
    Removing port.o(i.vPortExitCritical), (24 bytes).
    Removing port.o(i.vPortSetupTimerInterrupt), (24 bytes).
    Removing port.o(i.xPortStartScheduler), (48 bytes).
    Removing port.o(.data), (4 bytes).
    Removing heap_4.o(i.prvHeapInit), (72 bytes).
    Removing heap_4.o(i.prvInsertBlockIntoFreeList), (84 bytes).
    Removing heap_4.o(i.pvPortCalloc), (42 bytes).
    Removing heap_4.o(i.pvPortMalloc), (176 bytes).
    Removing heap_4.o(i.vPortFree), (68 bytes).
    Removing heap_4.o(i.vPortGetHeapStats), (112 bytes).
    Removing heap_4.o(i.vPortHeapResetState), (20 bytes).
    Removing heap_4.o(i.vPortInitialiseBlocks), (2 bytes).
    Removing heap_4.o(i.xPortGetFreeHeapSize), (12 bytes).
    Removing heap_4.o(i.xPortGetMinimumEverFreeHeapSize), (12 bytes).
    Removing heap_4.o(.bss), (17408 bytes).
    Removing heap_4.o(.data), (28 bytes).
    Removing dflti.o(.text), (34 bytes).
    Removing dfixi.o(.text), (62 bytes).
    Removing cdcmple.o(.text), (48 bytes).
    Removing dscalb.o(.text), (46 bytes).
    Removing dsqrt.o(.text), (162 bytes).

727 unused section(s) (total 54971 bytes) removed from the image.

==============================================================================

Image Symbol Table

    Local Symbols

    Symbol Name                              Value     Ov Type        Size  Object(Section)

    ../clib/microlib/ctype/ctype.c           0x00000000   Number         0  isxdigit_o.o ABSOLUTE
    ../clib/microlib/ctype/ctype.c           0x00000000   Number         0  isupper_o.o ABSOLUTE
    ../clib/microlib/ctype/ctype.c           0x00000000   Number         0  isspace_o.o ABSOLUTE
    ../clib/microlib/ctype/ctype.c           0x00000000   Number         0  ispunct_o.o ABSOLUTE
    ../clib/microlib/ctype/ctype.c           0x00000000   Number         0  isprint_o.o ABSOLUTE
    ../clib/microlib/ctype/ctype.c           0x00000000   Number         0  islower_o.o ABSOLUTE
    ../clib/microlib/ctype/ctype.c           0x00000000   Number         0  isgraph_o.o ABSOLUTE
    ../clib/microlib/ctype/ctype.c           0x00000000   Number         0  isdigit_o.o ABSOLUTE
    ../clib/microlib/ctype/ctype.c           0x00000000   Number         0  iscntrl_o.o ABSOLUTE
    ../clib/microlib/ctype/ctype.c           0x00000000   Number         0  isblank_o.o ABSOLUTE
    ../clib/microlib/ctype/ctype.c           0x00000000   Number         0  isalnum_o.o ABSOLUTE
    ../clib/microlib/ctype/ctype.c           0x00000000   Number         0  ctype_o.o ABSOLUTE
    ../clib/microlib/ctype/ctype.c           0x00000000   Number         0  isalpha_o.o ABSOLUTE
    ../clib/microlib/ctype/tolower.c         0x00000000   Number         0  tolower.o ABSOLUTE
    ../clib/microlib/division.c              0x00000000   Number         0  uldiv.o ABSOLUTE
    ../clib/microlib/division.c              0x00000000   Number         0  uidiv.o ABSOLUTE
    ../clib/microlib/errno.c                 0x00000000   Number         0  errno.o ABSOLUTE
    ../clib/microlib/init/entry.s            0x00000000   Number         0  entry10a.o ABSOLUTE
    ../clib/microlib/init/entry.s            0x00000000   Number         0  entry.o ABSOLUTE
    ../clib/microlib/init/entry.s            0x00000000   Number         0  entry9b.o ABSOLUTE
    ../clib/microlib/init/entry.s            0x00000000   Number         0  entry11b.o ABSOLUTE
    ../clib/microlib/init/entry.s            0x00000000   Number         0  entry11a.o ABSOLUTE
    ../clib/microlib/init/entry.s            0x00000000   Number         0  entry9a.o ABSOLUTE
    ../clib/microlib/init/entry.s            0x00000000   Number         0  entry8b.o ABSOLUTE
    ../clib/microlib/init/entry.s            0x00000000   Number         0  entry8a.o ABSOLUTE
    ../clib/microlib/init/entry.s            0x00000000   Number         0  entry10b.o ABSOLUTE
    ../clib/microlib/init/entry.s            0x00000000   Number         0  entry7b.o ABSOLUTE
    ../clib/microlib/init/entry.s            0x00000000   Number         0  entry7a.o ABSOLUTE
    ../clib/microlib/init/entry.s            0x00000000   Number         0  entry2.o ABSOLUTE
    ../clib/microlib/init/entry.s            0x00000000   Number         0  entry5.o ABSOLUTE
    ../clib/microlib/longlong.c              0x00000000   Number         0  llushr.o ABSOLUTE
    ../clib/microlib/longlong.c              0x00000000   Number         0  llsshr.o ABSOLUTE
    ../clib/microlib/longlong.c              0x00000000   Number         0  llshl.o ABSOLUTE
    ../clib/microlib/malloc/malloc.c         0x00000000   Number         0  mallocr.o ABSOLUTE
    ../clib/microlib/malloc/malloc.c         0x00000000   Number         0  malloc.o ABSOLUTE
    ../clib/microlib/malloc/malloc.c         0x00000000   Number         0  mallocra.o ABSOLUTE
    ../clib/microlib/malloc/malloc.c         0x00000000   Number         0  malloca.o ABSOLUTE
    ../clib/microlib/malloc/mvars.c          0x00000000   Number         0  mvars.o ABSOLUTE
    ../clib/microlib/printf/printf.c         0x00000000   Number         0  printfb.o ABSOLUTE
    ../clib/microlib/printf/printf.c         0x00000000   Number         0  printf6.o ABSOLUTE
    ../clib/microlib/printf/printf.c         0x00000000   Number         0  printf7.o ABSOLUTE
    ../clib/microlib/printf/printf.c         0x00000000   Number         0  printf8.o ABSOLUTE
    ../clib/microlib/printf/printf.c         0x00000000   Number         0  printfa.o ABSOLUTE
    ../clib/microlib/printf/printf.c         0x00000000   Number         0  printf3.o ABSOLUTE
    ../clib/microlib/printf/printf.c         0x00000000   Number         0  printf4.o ABSOLUTE
    ../clib/microlib/printf/printf.c         0x00000000   Number         0  printf5.o ABSOLUTE
    ../clib/microlib/printf/printf.c         0x00000000   Number         0  printf1.o ABSOLUTE
    ../clib/microlib/printf/printf.c         0x00000000   Number         0  printf2.o ABSOLUTE
    ../clib/microlib/printf/printf.c         0x00000000   Number         0  printf0.o ABSOLUTE
    ../clib/microlib/printf/stubs.s          0x00000000   Number         0  stubs.o ABSOLUTE
    ../clib/microlib/stdio/streams.c         0x00000000   Number         0  stdout.o ABSOLUTE
    ../clib/microlib/string/memcpy.c         0x00000000   Number         0  memcpyb.o ABSOLUTE
    ../clib/microlib/string/memcpy.c         0x00000000   Number         0  memcpya.o ABSOLUTE
    ../clib/microlib/string/memset.c         0x00000000   Number         0  memseta.o ABSOLUTE
    ../clib/microlib/string/strchr.c         0x00000000   Number         0  strchr.o ABSOLUTE
    ../clib/microlib/string/strcmp.c         0x00000000   Number         0  strcmp.o ABSOLUTE
    ../clib/microlib/string/strcpy.c         0x00000000   Number         0  strcpy.o ABSOLUTE
    ../clib/microlib/string/strlen.c         0x00000000   Number         0  strlen.o ABSOLUTE
    ../clib/microlib/string/strncmp.c        0x00000000   Number         0  strncmp.o ABSOLUTE
    ../clib/microlib/string/strstr.c         0x00000000   Number         0  strstr.o ABSOLUTE
    ../clib/microlib/stubs.s                 0x00000000   Number         0  iusefp.o ABSOLUTE
    ../clib/microlib/time/localtime.c        0x00000000   Number         0  localtime.o ABSOLUTE
    ../clib/microlib/time/localtime.c        0x00000000   Number         0  localtime_w.o ABSOLUTE
    ../clib/microlib/time/localtime.c        0x00000000   Number         0  localtime_i.o ABSOLUTE
    ../clib/microlib/time/mktime.c           0x00000000   Number         0  mktime.o ABSOLUTE
    ../clib/scanf.c                          0x00000000   Number         0  strtol.o ABSOLUTE
    ../clib/scanf.c                          0x00000000   Number         0  atoi.o ABSOLUTE
    ../clib/scanf.c                          0x00000000   Number         0  _chval.o ABSOLUTE
    ../clib/scanf.c                          0x00000000   Number         0  _strtoul.o ABSOLUTE
    ../fplib/microlib/f2d.c                  0x00000000   Number         0  f2d.o ABSOLUTE
    ../fplib/microlib/fpadd.c                0x00000000   Number         0  fadd.o ABSOLUTE
    ../fplib/microlib/fpadd.c                0x00000000   Number         0  dadd.o ABSOLUTE
    ../fplib/microlib/fpdiv.c                0x00000000   Number         0  ddiv.o ABSOLUTE
    ../fplib/microlib/fpdiv.c                0x00000000   Number         0  fdiv.o ABSOLUTE
    ../fplib/microlib/fpepilogue.c           0x00000000   Number         0  depilogue.o ABSOLUTE
    ../fplib/microlib/fpepilogue.c           0x00000000   Number         0  fepilogue.o ABSOLUTE
    ../fplib/microlib/fpfix.c                0x00000000   Number         0  dfixi.o ABSOLUTE
    ../fplib/microlib/fpfix.c                0x00000000   Number         0  dfixul.o ABSOLUTE
    ../fplib/microlib/fpflt.c                0x00000000   Number         0  ffltui.o ABSOLUTE
    ../fplib/microlib/fpflt.c                0x00000000   Number         0  dflti.o ABSOLUTE
    ../fplib/microlib/fpmul.c                0x00000000   Number         0  dmul.o ABSOLUTE
    ../fplib/microlib/fpscalb.c              0x00000000   Number         0  dscalb.o ABSOLUTE
    ../fplib/microlib/fpsqrt.c               0x00000000   Number         0  dsqrt.o ABSOLUTE
    ../mathlib/dunder.c                      0x00000000   Number         0  dunder.o ABSOLUTE
    ../mathlib/floor.c                       0x00000000   Number         0  floor.o ABSOLUTE
    ../mathlib/fpclassify.c                  0x00000000   Number         0  fpclassify.o ABSOLUTE
    ../mathlib/poly.c                        0x00000000   Number         0  poly.o ABSOLUTE
    ../mathlib/pow.c                         0x00000000   Number         0  pow_x.o ABSOLUTE
    ../mathlib/pow.c                         0x00000000   Number         0  pow.o ABSOLUTE
    ../mathlib/qnan.c                        0x00000000   Number         0  qnan.o ABSOLUTE
    ../mathlib/sqrt.c                        0x00000000   Number         0  sqrt.o ABSOLUTE
    ../mathlib/sqrt.c                        0x00000000   Number         0  sqrt_x.o ABSOLUTE
    FreeRTOS\\portable\\RVDS\\ARM_CM3\\port.c 0x00000000   Number         0  port.o ABSOLUTE
    FreeRTOS\portable\MemMang\heap_4.c       0x00000000   Number         0  heap_4.o ABSOLUTE
    FreeRTOS\portable\RVDS\ARM_CM3\port.c    0x00000000   Number         0  port.o ABSOLUTE
    FreeRTOS\source\croutine.c               0x00000000   Number         0  croutine.o ABSOLUTE
    FreeRTOS\source\event_groups.c           0x00000000   Number         0  event_groups.o ABSOLUTE
    FreeRTOS\source\list.c                   0x00000000   Number         0  list.o ABSOLUTE
    FreeRTOS\source\queue.c                  0x00000000   Number         0  queue.o ABSOLUTE
    FreeRTOS\source\stream_buffer.c          0x00000000   Number         0  stream_buffer.o ABSOLUTE
    FreeRTOS\source\tasks.c                  0x00000000   Number         0  tasks.o ABSOLUTE
    FreeRTOS\source\timers.c                 0x00000000   Number         0  timers.o ABSOLUTE
    Hardware\Buzzer.c                        0x00000000   Number         0  buzzer.o ABSOLUTE
    Hardware\DHT11.c                         0x00000000   Number         0  dht11.o ABSOLUTE
    Hardware\ESP8266.c                       0x00000000   Number         0  esp8266.o ABSOLUTE
    Hardware\Key.c                           0x00000000   Number         0  key.o ABSOLUTE
    Hardware\LCD.c                           0x00000000   Number         0  lcd.o ABSOLUTE
    Hardware\LED.c                           0x00000000   Number         0  led.o ABSOLUTE
    Hardware\MPU6050.c                       0x00000000   Number         0  mpu6050.o ABSOLUTE
    Hardware\RD03.c                          0x00000000   Number         0  rd03.o ABSOLUTE
    Hardware\Serial.c                        0x00000000   Number         0  serial.o ABSOLUTE
    Hardware\W25Q64.c                        0x00000000   Number         0  w25q64.o ABSOLUTE
    Library\src\misc.c                       0x00000000   Number         0  misc.o ABSOLUTE
    Library\src\stm32f10x_adc.c              0x00000000   Number         0  stm32f10x_adc.o ABSOLUTE
    Library\src\stm32f10x_bkp.c              0x00000000   Number         0  stm32f10x_bkp.o ABSOLUTE
    Library\src\stm32f10x_can.c              0x00000000   Number         0  stm32f10x_can.o ABSOLUTE
    Library\src\stm32f10x_cec.c              0x00000000   Number         0  stm32f10x_cec.o ABSOLUTE
    Library\src\stm32f10x_crc.c              0x00000000   Number         0  stm32f10x_crc.o ABSOLUTE
    Library\src\stm32f10x_dac.c              0x00000000   Number         0  stm32f10x_dac.o ABSOLUTE
    Library\src\stm32f10x_dbgmcu.c           0x00000000   Number         0  stm32f10x_dbgmcu.o ABSOLUTE
    Library\src\stm32f10x_dma.c              0x00000000   Number         0  stm32f10x_dma.o ABSOLUTE
    Library\src\stm32f10x_exti.c             0x00000000   Number         0  stm32f10x_exti.o ABSOLUTE
    Library\src\stm32f10x_flash.c            0x00000000   Number         0  stm32f10x_flash.o ABSOLUTE
    Library\src\stm32f10x_fsmc.c             0x00000000   Number         0  stm32f10x_fsmc.o ABSOLUTE
    Library\src\stm32f10x_gpio.c             0x00000000   Number         0  stm32f10x_gpio.o ABSOLUTE
    Library\src\stm32f10x_i2c.c              0x00000000   Number         0  stm32f10x_i2c.o ABSOLUTE
    Library\src\stm32f10x_iwdg.c             0x00000000   Number         0  stm32f10x_iwdg.o ABSOLUTE
    Library\src\stm32f10x_pwr.c              0x00000000   Number         0  stm32f10x_pwr.o ABSOLUTE
    Library\src\stm32f10x_rcc.c              0x00000000   Number         0  stm32f10x_rcc.o ABSOLUTE
    Library\src\stm32f10x_rtc.c              0x00000000   Number         0  stm32f10x_rtc.o ABSOLUTE
    Library\src\stm32f10x_sdio.c             0x00000000   Number         0  stm32f10x_sdio.o ABSOLUTE
    Library\src\stm32f10x_spi.c              0x00000000   Number         0  stm32f10x_spi.o ABSOLUTE
    Library\src\stm32f10x_tim.c              0x00000000   Number         0  stm32f10x_tim.o ABSOLUTE
    Library\src\stm32f10x_usart.c            0x00000000   Number         0  stm32f10x_usart.o ABSOLUTE
    Library\src\stm32f10x_wwdg.c             0x00000000   Number         0  stm32f10x_wwdg.o ABSOLUTE
    Start\\core_cm3.c                        0x00000000   Number         0  core_cm3.o ABSOLUTE
    Start\core_cm3.c                         0x00000000   Number         0  core_cm3.o ABSOLUTE
    Start\startup_stm32f10x_md.s             0x00000000   Number         0  startup_stm32f10x_md.o ABSOLUTE
    Start\system_stm32f10x.c                 0x00000000   Number         0  system_stm32f10x.o ABSOLUTE
    System\DMA.c                             0x00000000   Number         0  dma.o ABSOLUTE
    System\Delay.c                           0x00000000   Number         0  delay.o ABSOLUTE
    System\Fonts.c                           0x00000000   Number         0  fonts.o ABSOLUTE
    System\FreeRTOSTask.c                    0x00000000   Number         0  freertostask.o ABSOLUTE
    System\RTC.c                             0x00000000   Number         0  rtc.o ABSOLUTE
    System\cJSON.c                           0x00000000   Number         0  cjson.o ABSOLUTE
    User\main.c                              0x00000000   Number         0  main.o ABSOLUTE
    User\stm32f10x_it.c                      0x00000000   Number         0  stm32f10x_it.o ABSOLUTE
    cdcmple.s                                0x00000000   Number         0  cdcmple.o ABSOLUTE
    cdrcmple.s                               0x00000000   Number         0  cdrcmple.o ABSOLUTE
    dc.s                                     0x00000000   Number         0  dc.o ABSOLUTE
    handlers.s                               0x00000000   Number         0  handlers.o ABSOLUTE
    init.s                                   0x00000000   Number         0  init.o ABSOLUTE
    RESET                                    0x08000000   Section      236  startup_stm32f10x_md.o(RESET)
    .ARM.Collect$$$$00000000                 0x080000ec   Section        0  entry.o(.ARM.Collect$$$$00000000)
    .ARM.Collect$$$$00000001                 0x080000ec   Section        4  entry2.o(.ARM.Collect$$$$00000001)
    .ARM.Collect$$$$00000004                 0x080000f0   Section        4  entry5.o(.ARM.Collect$$$$00000004)
    .ARM.Collect$$$$00000008                 0x080000f4   Section        0  entry7b.o(.ARM.Collect$$$$00000008)
    .ARM.Collect$$$$0000000A                 0x080000f4   Section        0  entry8b.o(.ARM.Collect$$$$0000000A)
    .ARM.Collect$$$$0000000B                 0x080000f4   Section        8  entry9a.o(.ARM.Collect$$$$0000000B)
    .ARM.Collect$$$$0000000D                 0x080000fc   Section        0  entry10a.o(.ARM.Collect$$$$0000000D)
    .ARM.Collect$$$$0000000F                 0x080000fc   Section        0  entry11a.o(.ARM.Collect$$$$0000000F)
    .ARM.Collect$$$$00002712                 0x080000fc   Section        4  entry2.o(.ARM.Collect$$$$00002712)
    __lit__00000000                          0x080000fc   Data           4  entry2.o(.ARM.Collect$$$$00002712)
    .emb_text                                0x08000100   Section      150  port.o(.emb_text)
    .text                                    0x08000198   Section       36  startup_stm32f10x_md.o(.text)
    .text                                    0x080001bc   Section        0  strstr.o(.text)
    .text                                    0x080001e0   Section        0  fadd.o(.text)
    .text                                    0x08000290   Section        0  fdiv.o(.text)
    .text                                    0x0800030c   Section        0  dadd.o(.text)
    .text                                    0x0800045a   Section        0  dmul.o(.text)
    .text                                    0x0800053e   Section        0  ffltui.o(.text)
    .text                                    0x08000548   Section        0  f2d.o(.text)
    .text                                    0x08000570   Section       48  cdrcmple.o(.text)
    .text                                    0x080005a0   Section        0  uidiv.o(.text)
    .text                                    0x080005cc   Section        0  uldiv.o(.text)
    .text                                    0x0800062e   Section        0  llshl.o(.text)
    .text                                    0x0800064c   Section        0  llushr.o(.text)
    .text                                    0x0800066c   Section        0  llsshr.o(.text)
    .text                                    0x08000690   Section        0  iusefp.o(.text)
    .text                                    0x08000690   Section        0  fepilogue.o(.text)
    .text                                    0x080006fe   Section        0  depilogue.o(.text)
    .text                                    0x080007b8   Section        0  ddiv.o(.text)
    .text                                    0x08000896   Section        0  dfixul.o(.text)
    .text                                    0x080008c8   Section       36  init.o(.text)
    i.BusFault_Handler                       0x080008ec   Section        0  stm32f10x_it.o(i.BusFault_Handler)
    i.DHT11_GET_Byte                         0x080008f0   Section        0  dht11.o(i.DHT11_GET_Byte)
    DHT11_GET_Byte                           0x080008f1   Thumb Code    68  dht11.o(i.DHT11_GET_Byte)
    i.DHT11_GET_Data                         0x08000938   Section        0  dht11.o(i.DHT11_GET_Data)
    i.DHT11_Init_IN                          0x080009c4   Section        0  dht11.o(i.DHT11_Init_IN)
    DHT11_Init_IN                            0x080009c5   Thumb Code    38  dht11.o(i.DHT11_Init_IN)
    i.DHT11_Init_OUT                         0x080009f0   Section        0  dht11.o(i.DHT11_Init_OUT)
    DHT11_Init_OUT                           0x080009f1   Thumb Code    38  dht11.o(i.DHT11_Init_OUT)
    i.DHT11_Start                            0x08000a1c   Section        0  dht11.o(i.DHT11_Start)
    DHT11_Start                              0x08000a1d   Thumb Code    58  dht11.o(i.DHT11_Start)
    i.DMA_GetCurrDataCounter                 0x08000a5c   Section        0  stm32f10x_dma.o(i.DMA_GetCurrDataCounter)
    i.DebugMon_Handler                       0x08000a62   Section        0  stm32f10x_it.o(i.DebugMon_Handler)
    i.Delay_ms                               0x08000a64   Section        0  delay.o(i.Delay_ms)
    i.Delay_us                               0x08000a7c   Section        0  delay.o(i.Delay_us)
    i.ESP8266_ConnServer                     0x08000a9c   Section        0  esp8266.o(i.ESP8266_ConnServer)
    i.ESP8266_GPIO_Init                      0x08000b70   Section        0  esp8266.o(i.ESP8266_GPIO_Init)
    ESP8266_GPIO_Init                        0x08000b71   Thumb Code    80  esp8266.o(i.ESP8266_GPIO_Init)
    i.ESP8266_GetCIFSR                       0x08000bc4   Section        0  esp8266.o(i.ESP8266_GetCIFSR)
    i.ESP8266_Init                           0x08000c0c   Section        0  esp8266.o(i.ESP8266_Init)
    i.ESP8266_MQTTCLEAN                      0x08000c28   Section        0  esp8266.o(i.ESP8266_MQTTCLEAN)
    i.ESP8266_MQTTCONN                       0x08000c60   Section        0  esp8266.o(i.ESP8266_MQTTCONN)
    i.ESP8266_MQTTPUB                        0x08000ca4   Section        0  esp8266.o(i.ESP8266_MQTTPUB)
    i.ESP8266_MQTTUSERCFG                    0x08000cec   Section        0  esp8266.o(i.ESP8266_MQTTUSERCFG)
    i.ESP8266_PrintfLog                      0x08000d40   Section        0  esp8266.o(i.ESP8266_PrintfLog)
    i.ESP8266_RST                            0x08000d88   Section        0  esp8266.o(i.ESP8266_RST)
    i.ESP8266_SendCmd                        0x08000db0   Section        0  esp8266.o(i.ESP8266_SendCmd)
    i.ESP8266_SendString                     0x08000e34   Section        0  esp8266.o(i.ESP8266_SendString)
    ESP8266_SendString                       0x08000e35   Thumb Code    40  esp8266.o(i.ESP8266_SendString)
    i.ESP8266_SetCWJAP                       0x08000e60   Section        0  esp8266.o(i.ESP8266_SetCWJAP)
    i.ESP8266_SetCWMODE                      0x08000ea0   Section        0  esp8266.o(i.ESP8266_SetCWMODE)
    i.ESP8266_USART_Init                     0x08000f14   Section        0  esp8266.o(i.ESP8266_USART_Init)
    ESP8266_USART_Init                       0x08000f15   Thumb Code   116  esp8266.o(i.ESP8266_USART_Init)
    i.GPIO_Init                              0x08000f8c   Section        0  stm32f10x_gpio.o(i.GPIO_Init)
    i.GPIO_ReadInputDataBit                  0x08001032   Section        0  stm32f10x_gpio.o(i.GPIO_ReadInputDataBit)
    i.GPIO_ReadOutputDataBit                 0x08001040   Section        0  stm32f10x_gpio.o(i.GPIO_ReadOutputDataBit)
    i.GPIO_ResetBits                         0x0800104e   Section        0  stm32f10x_gpio.o(i.GPIO_ResetBits)
    i.GPIO_SetBits                           0x08001052   Section        0  stm32f10x_gpio.o(i.GPIO_SetBits)
    i.HardFault_Handler                      0x08001056   Section        0  stm32f10x_it.o(i.HardFault_Handler)
    i.Key1_GetState                          0x08001058   Section        0  key.o(i.Key1_GetState)
    i.Key_GPIO_Init                          0x08001080   Section        0  key.o(i.Key_GPIO_Init)
    Key_GPIO_Init                            0x08001081   Thumb Code    50  key.o(i.Key_GPIO_Init)
    i.Key_Init                               0x080010bc   Section        0  key.o(i.Key_Init)
    i.LEDB_Turn                              0x080010c0   Section        0  led.o(i.LEDB_Turn)
    i.LED_GPIO_Init                          0x080010ec   Section        0  led.o(i.LED_GPIO_Init)
    LED_GPIO_Init                            0x080010ed   Thumb Code    48  led.o(i.LED_GPIO_Init)
    i.LED_Init                               0x08001120   Section        0  led.o(i.LED_Init)
    i.MemManage_Handler                      0x08001124   Section        0  stm32f10x_it.o(i.MemManage_Handler)
    i.NMI_Handler                            0x08001126   Section        0  stm32f10x_it.o(i.NMI_Handler)
    i.NVIC_Init                              0x08001128   Section        0  misc.o(i.NVIC_Init)
    i.NVIC_PriorityGroupConfig               0x0800118c   Section        0  misc.o(i.NVIC_PriorityGroupConfig)
    i.RCC_APB1PeriphClockCmd                 0x080011a0   Section        0  stm32f10x_rcc.o(i.RCC_APB1PeriphClockCmd)
    i.RCC_APB2PeriphClockCmd                 0x080011bc   Section        0  stm32f10x_rcc.o(i.RCC_APB2PeriphClockCmd)
    i.RCC_GetClocksFreq                      0x080011d8   Section        0  stm32f10x_rcc.o(i.RCC_GetClocksFreq)
    i.Serial_GPIO_Init                       0x08001284   Section        0  serial.o(i.Serial_GPIO_Init)
    Serial_GPIO_Init                         0x08001285   Thumb Code    66  serial.o(i.Serial_GPIO_Init)
    i.Serial_Init                            0x080012cc   Section        0  serial.o(i.Serial_Init)
    i.Serial_Printf                          0x080012da   Section        0  serial.o(i.Serial_Printf)
    i.Serial_SendByte                        0x080012f8   Section        0  serial.o(i.Serial_SendByte)
    i.Serial_SendString                      0x08001318   Section        0  serial.o(i.Serial_SendString)
    i.Serial_USART_Init                      0x08001330   Section        0  serial.o(i.Serial_USART_Init)
    Serial_USART_Init                        0x08001331   Thumb Code   110  serial.o(i.Serial_USART_Init)
    i.SetSysClock                            0x080013a4   Section        0  system_stm32f10x.o(i.SetSysClock)
    SetSysClock                              0x080013a5   Thumb Code     4  system_stm32f10x.o(i.SetSysClock)
    i.SetSysClockTo72                        0x080013a8   Section        0  system_stm32f10x.o(i.SetSysClockTo72)
    SetSysClockTo72                          0x080013a9   Thumb Code   166  system_stm32f10x.o(i.SetSysClockTo72)
    i.SysTick_Handler                        0x08001458   Section        0  stm32f10x_it.o(i.SysTick_Handler)
    i.SystemInit                             0x0800146c   Section        0  system_stm32f10x.o(i.SystemInit)
    i.USART1_IRQHandler                      0x080014bc   Section        0  serial.o(i.USART1_IRQHandler)
    i.USART2_IRQHandler                      0x0800157c   Section        0  rd03.o(i.USART2_IRQHandler)
    i.USART3_IRQHandler                      0x080015b8   Section        0  esp8266.o(i.USART3_IRQHandler)
    i.USART_ClearITPendingBit                0x08001628   Section        0  stm32f10x_usart.o(i.USART_ClearITPendingBit)
    i.USART_Cmd                              0x08001638   Section        0  stm32f10x_usart.o(i.USART_Cmd)
    i.USART_GetFlagStatus                    0x08001650   Section        0  stm32f10x_usart.o(i.USART_GetFlagStatus)
    i.USART_GetITStatus                      0x0800165e   Section        0  stm32f10x_usart.o(i.USART_GetITStatus)
    i.USART_ITConfig                         0x0800169e   Section        0  stm32f10x_usart.o(i.USART_ITConfig)
    i.USART_Init                             0x080016d4   Section        0  stm32f10x_usart.o(i.USART_Init)
    i.USART_ReceiveData                      0x08001790   Section        0  stm32f10x_usart.o(i.USART_ReceiveData)
    i.USART_SendData                         0x08001798   Section        0  stm32f10x_usart.o(i.USART_SendData)
    i.UsageFault_Handler                     0x080017a0   Section        0  stm32f10x_it.o(i.UsageFault_Handler)
    i.__0sprintf                             0x080017a4   Section        0  printfa.o(i.__0sprintf)
    i.__0vsprintf                            0x080017cc   Section        0  printfa.o(i.__0vsprintf)
    i.__scatterload_copy                     0x080017f0   Section       14  handlers.o(i.__scatterload_copy)
    i.__scatterload_null                     0x080017fe   Section        2  handlers.o(i.__scatterload_null)
    i.__scatterload_zeroinit                 0x08001800   Section       14  handlers.o(i.__scatterload_zeroinit)
    i._fp_digits                             0x08001810   Section        0  printfa.o(i._fp_digits)
    _fp_digits                               0x08001811   Thumb Code   366  printfa.o(i._fp_digits)
    i._printf_core                           0x08001994   Section        0  printfa.o(i._printf_core)
    _printf_core                             0x08001995   Thumb Code  1744  printfa.o(i._printf_core)
    i._printf_post_padding                   0x08002070   Section        0  printfa.o(i._printf_post_padding)
    _printf_post_padding                     0x08002071   Thumb Code    36  printfa.o(i._printf_post_padding)
    i._printf_pre_padding                    0x08002094   Section        0  printfa.o(i._printf_pre_padding)
    _printf_pre_padding                      0x08002095   Thumb Code    46  printfa.o(i._printf_pre_padding)
    i._sputc                                 0x080020c2   Section        0  printfa.o(i._sputc)
    _sputc                                   0x080020c3   Thumb Code    10  printfa.o(i._sputc)
    i.main                                   0x080020cc   Section        0  main.o(i.main)
    i.prvResetNextTaskUnblockTime            0x0800224c   Section        0  tasks.o(i.prvResetNextTaskUnblockTime)
    prvResetNextTaskUnblockTime              0x0800224d   Thumb Code    28  tasks.o(i.prvResetNextTaskUnblockTime)
    i.vTaskSwitchContext                     0x0800226c   Section        0  tasks.o(i.vTaskSwitchContext)
    i.xPortSysTickHandler                    0x080022bc   Section        0  port.o(i.xPortSysTickHandler)
    i.xTaskGetSchedulerState                 0x080022e8   Section        0  tasks.o(i.xTaskGetSchedulerState)
    i.xTaskIncrementTick                     0x08002304   Section        0  tasks.o(i.xTaskIncrementTick)
    .conststring                             0x08002424   Section      188  main.o(.conststring)
    .data                                    0x20000000   Section       20  stm32f10x_rcc.o(.data)
    ADCPrescTable                            0x20000000   Data           4  stm32f10x_rcc.o(.data)
    APBAHBPrescTable                         0x20000004   Data          16  stm32f10x_rcc.o(.data)
    .data                                    0x20000014   Section        8  serial.o(.data)
    RxState                                  0x20000014   Data           1  serial.o(.data)
    RxPacketNum                              0x20000015   Data           1  serial.o(.data)
    .data                                    0x2000001c   Section        5  dht11.o(.data)
    .data                                    0x20000021   Section        3  rd03.o(.data)
    .data                                    0x20000024   Section       64  tasks.o(.data)
    uxDeletedTasksWaitingCleanUp             0x20000028   Data           4  tasks.o(.data)
    uxCurrentNumberOfTasks                   0x2000002c   Data           4  tasks.o(.data)
    xTickCount                               0x20000030   Data           4  tasks.o(.data)
    uxTopReadyPriority                       0x20000034   Data           4  tasks.o(.data)
    xSchedulerRunning                        0x20000038   Data           4  tasks.o(.data)
    xPendedTicks                             0x2000003c   Data           4  tasks.o(.data)
    xYieldPendings                           0x20000040   Data           4  tasks.o(.data)
    xNumOfOverflows                          0x20000044   Data           4  tasks.o(.data)
    uxTaskNumber                             0x20000048   Data           4  tasks.o(.data)
    xNextTaskUnblockTime                     0x2000004c   Data           4  tasks.o(.data)
    uxTopUsedPriority                        0x20000050   Data           4  tasks.o(.data)
    uxSchedulerSuspended                     0x20000054   Data           4  tasks.o(.data)
    pxDelayedTaskList                        0x20000058   Data           4  tasks.o(.data)
    pxOverflowDelayedTaskList                0x2000005c   Data           4  tasks.o(.data)
    xIdleTaskHandles                         0x20000060   Data           4  tasks.o(.data)
    .bss                                     0x20000064   Section      100  serial.o(.bss)
    .bss                                     0x200000c8   Section     1026  esp8266.o(.bss)
    .bss                                     0x200004cc   Section      200  tasks.o(.bss)
    pxReadyTasksLists                        0x200004cc   Data         100  tasks.o(.bss)
    xDelayedTaskList1                        0x20000530   Data          20  tasks.o(.bss)
    xDelayedTaskList2                        0x20000544   Data          20  tasks.o(.bss)
    xPendingReadyList                        0x20000558   Data          20  tasks.o(.bss)
    xTasksWaitingTermination                 0x2000056c   Data          20  tasks.o(.bss)
    xSuspendedTaskList                       0x20000580   Data          20  tasks.o(.bss)
    STACK                                    0x20000598   Section     1024  startup_stm32f10x_md.o(STACK)

    Global Symbols

    Symbol Name                              Value     Ov Type        Size  Object(Section)

    BuildAttributes$$THM_ISAv4$P$D$K$B$S$PE$A:L22UL41UL21$X:L11$S22US41US21$IEEE1$IW$USESV6$~STKCKD$USESV7$~SHL$OTIME$ROPI$IEEEX$EBA8$MICROLIB$REQ8$PRES8$EABIv2 0x00000000   Number         0  anon$$obj.o ABSOLUTE
    __ARM_use_no_argv                        0x00000000   Number         0  main.o ABSOLUTE
    _printf_a                                0x00000000   Number         0  stubs.o ABSOLUTE
    _printf_c                                0x00000000   Number         0  stubs.o ABSOLUTE
    _printf_charcount                        0x00000000   Number         0  stubs.o ABSOLUTE
    _printf_d                                0x00000000   Number         0  stubs.o ABSOLUTE
    _printf_e                                0x00000000   Number         0  stubs.o ABSOLUTE
    _printf_f                                0x00000000   Number         0  stubs.o ABSOLUTE
    _printf_flags                            0x00000000   Number         0  stubs.o ABSOLUTE
    _printf_fp_dec                           0x00000000   Number         0  stubs.o ABSOLUTE
    _printf_fp_hex                           0x00000000   Number         0  stubs.o ABSOLUTE
    _printf_g                                0x00000000   Number         0  stubs.o ABSOLUTE
    _printf_i                                0x00000000   Number         0  stubs.o ABSOLUTE
    _printf_int_dec                          0x00000000   Number         0  stubs.o ABSOLUTE
    _printf_l                                0x00000000   Number         0  stubs.o ABSOLUTE
    _printf_lc                               0x00000000   Number         0  stubs.o ABSOLUTE
    _printf_ll                               0x00000000   Number         0  stubs.o ABSOLUTE
    _printf_lld                              0x00000000   Number         0  stubs.o ABSOLUTE
    _printf_lli                              0x00000000   Number         0  stubs.o ABSOLUTE
    _printf_llo                              0x00000000   Number         0  stubs.o ABSOLUTE
    _printf_llu                              0x00000000   Number         0  stubs.o ABSOLUTE
    _printf_llx                              0x00000000   Number         0  stubs.o ABSOLUTE
    _printf_longlong_dec                     0x00000000   Number         0  stubs.o ABSOLUTE
    _printf_longlong_hex                     0x00000000   Number         0  stubs.o ABSOLUTE
    _printf_longlong_oct                     0x00000000   Number         0  stubs.o ABSOLUTE
    _printf_ls                               0x00000000   Number         0  stubs.o ABSOLUTE
    _printf_mbtowc                           0x00000000   Number         0  stubs.o ABSOLUTE
    _printf_n                                0x00000000   Number         0  stubs.o ABSOLUTE
    _printf_o                                0x00000000   Number         0  stubs.o ABSOLUTE
    _printf_p                                0x00000000   Number         0  stubs.o ABSOLUTE
    _printf_percent                          0x00000000   Number         0  stubs.o ABSOLUTE
    _printf_pre_padding                      0x00000000   Number         0  stubs.o ABSOLUTE
    _printf_return_value                     0x00000000   Number         0  stubs.o ABSOLUTE
    _printf_s                                0x00000000   Number         0  stubs.o ABSOLUTE
    _printf_sizespec                         0x00000000   Number         0  stubs.o ABSOLUTE
    _printf_str                              0x00000000   Number         0  stubs.o ABSOLUTE
    _printf_truncate_signed                  0x00000000   Number         0  stubs.o ABSOLUTE
    _printf_truncate_unsigned                0x00000000   Number         0  stubs.o ABSOLUTE
    _printf_u                                0x00000000   Number         0  stubs.o ABSOLUTE
    _printf_wc                               0x00000000   Number         0  stubs.o ABSOLUTE
    _printf_wctomb                           0x00000000   Number         0  stubs.o ABSOLUTE
    _printf_widthprec                        0x00000000   Number         0  stubs.o ABSOLUTE
    _printf_x                                0x00000000   Number         0  stubs.o ABSOLUTE
    __cpp_initialize__aeabi_                  - Undefined Weak Reference
    __cxa_finalize                            - Undefined Weak Reference
    __decompress                              - Undefined Weak Reference
    _clock_init                               - Undefined Weak Reference
    _microlib_exit                            - Undefined Weak Reference
    __Vectors_Size                           0x000000ec   Number         0  startup_stm32f10x_md.o ABSOLUTE
    __Vectors                                0x08000000   Data           4  startup_stm32f10x_md.o(RESET)
    __Vectors_End                            0x080000ec   Data           0  startup_stm32f10x_md.o(RESET)
    __main                                   0x080000ed   Thumb Code     0  entry.o(.ARM.Collect$$$$00000000)
    _main_stk                                0x080000ed   Thumb Code     0  entry2.o(.ARM.Collect$$$$00000001)
    _main_scatterload                        0x080000f1   Thumb Code     0  entry5.o(.ARM.Collect$$$$00000004)
    __main_after_scatterload                 0x080000f5   Thumb Code     0  entry5.o(.ARM.Collect$$$$00000004)
    _main_clock                              0x080000f5   Thumb Code     0  entry7b.o(.ARM.Collect$$$$00000008)
    _main_cpp_init                           0x080000f5   Thumb Code     0  entry8b.o(.ARM.Collect$$$$0000000A)
    _main_init                               0x080000f5   Thumb Code     0  entry9a.o(.ARM.Collect$$$$0000000B)
    __rt_final_cpp                           0x080000fd   Thumb Code     0  entry10a.o(.ARM.Collect$$$$0000000D)
    __rt_final_exit                          0x080000fd   Thumb Code     0  entry11a.o(.ARM.Collect$$$$0000000F)
    SVC_Handler                              0x08000101   Thumb Code    32  port.o(.emb_text)
    __asm___6_port_c_39a90d8d__prvStartFirstTask 0x08000125   Thumb Code    28  port.o(.emb_text)
    PendSV_Handler                           0x08000145   Thumb Code    72  port.o(.emb_text)
    vPortGetIPSR                             0x08000191   Thumb Code     6  port.o(.emb_text)
    Reset_Handler                            0x08000199   Thumb Code     8  startup_stm32f10x_md.o(.text)
    ADC1_2_IRQHandler                        0x080001b3   Thumb Code     0  startup_stm32f10x_md.o(.text)
    CAN1_RX1_IRQHandler                      0x080001b3   Thumb Code     0  startup_stm32f10x_md.o(.text)
    CAN1_SCE_IRQHandler                      0x080001b3   Thumb Code     0  startup_stm32f10x_md.o(.text)
    DMA1_Channel1_IRQHandler                 0x080001b3   Thumb Code     0  startup_stm32f10x_md.o(.text)
    DMA1_Channel2_IRQHandler                 0x080001b3   Thumb Code     0  startup_stm32f10x_md.o(.text)
    DMA1_Channel3_IRQHandler                 0x080001b3   Thumb Code     0  startup_stm32f10x_md.o(.text)
    DMA1_Channel4_IRQHandler                 0x080001b3   Thumb Code     0  startup_stm32f10x_md.o(.text)
    DMA1_Channel5_IRQHandler                 0x080001b3   Thumb Code     0  startup_stm32f10x_md.o(.text)
    DMA1_Channel6_IRQHandler                 0x080001b3   Thumb Code     0  startup_stm32f10x_md.o(.text)
    DMA1_Channel7_IRQHandler                 0x080001b3   Thumb Code     0  startup_stm32f10x_md.o(.text)
    EXTI0_IRQHandler                         0x080001b3   Thumb Code     0  startup_stm32f10x_md.o(.text)
    EXTI15_10_IRQHandler                     0x080001b3   Thumb Code     0  startup_stm32f10x_md.o(.text)
    EXTI1_IRQHandler                         0x080001b3   Thumb Code     0  startup_stm32f10x_md.o(.text)
    EXTI2_IRQHandler                         0x080001b3   Thumb Code     0  startup_stm32f10x_md.o(.text)
    EXTI3_IRQHandler                         0x080001b3   Thumb Code     0  startup_stm32f10x_md.o(.text)
    EXTI4_IRQHandler                         0x080001b3   Thumb Code     0  startup_stm32f10x_md.o(.text)
    EXTI9_5_IRQHandler                       0x080001b3   Thumb Code     0  startup_stm32f10x_md.o(.text)
    FLASH_IRQHandler                         0x080001b3   Thumb Code     0  startup_stm32f10x_md.o(.text)
    I2C1_ER_IRQHandler                       0x080001b3   Thumb Code     0  startup_stm32f10x_md.o(.text)
    I2C1_EV_IRQHandler                       0x080001b3   Thumb Code     0  startup_stm32f10x_md.o(.text)
    I2C2_ER_IRQHandler                       0x080001b3   Thumb Code     0  startup_stm32f10x_md.o(.text)
    I2C2_EV_IRQHandler                       0x080001b3   Thumb Code     0  startup_stm32f10x_md.o(.text)
    PVD_IRQHandler                           0x080001b3   Thumb Code     0  startup_stm32f10x_md.o(.text)
    RCC_IRQHandler                           0x080001b3   Thumb Code     0  startup_stm32f10x_md.o(.text)
    RTCAlarm_IRQHandler                      0x080001b3   Thumb Code     0  startup_stm32f10x_md.o(.text)
    RTC_IRQHandler                           0x080001b3   Thumb Code     0  startup_stm32f10x_md.o(.text)
    SPI1_IRQHandler                          0x080001b3   Thumb Code     0  startup_stm32f10x_md.o(.text)
    SPI2_IRQHandler                          0x080001b3   Thumb Code     0  startup_stm32f10x_md.o(.text)
    TAMPER_IRQHandler                        0x080001b3   Thumb Code     0  startup_stm32f10x_md.o(.text)
    TIM1_BRK_IRQHandler                      0x080001b3   Thumb Code     0  startup_stm32f10x_md.o(.text)
    TIM1_CC_IRQHandler                       0x080001b3   Thumb Code     0  startup_stm32f10x_md.o(.text)
    TIM1_TRG_COM_IRQHandler                  0x080001b3   Thumb Code     0  startup_stm32f10x_md.o(.text)
    TIM1_UP_IRQHandler                       0x080001b3   Thumb Code     0  startup_stm32f10x_md.o(.text)
    TIM2_IRQHandler                          0x080001b3   Thumb Code     0  startup_stm32f10x_md.o(.text)
    TIM3_IRQHandler                          0x080001b3   Thumb Code     0  startup_stm32f10x_md.o(.text)
    TIM4_IRQHandler                          0x080001b3   Thumb Code     0  startup_stm32f10x_md.o(.text)
    USBWakeUp_IRQHandler                     0x080001b3   Thumb Code     0  startup_stm32f10x_md.o(.text)
    USB_HP_CAN1_TX_IRQHandler                0x080001b3   Thumb Code     0  startup_stm32f10x_md.o(.text)
    USB_LP_CAN1_RX0_IRQHandler               0x080001b3   Thumb Code     0  startup_stm32f10x_md.o(.text)
    WWDG_IRQHandler                          0x080001b3   Thumb Code     0  startup_stm32f10x_md.o(.text)
    strstr                                   0x080001bd   Thumb Code    36  strstr.o(.text)
    __aeabi_fadd                             0x080001e1   Thumb Code   164  fadd.o(.text)
    __aeabi_fsub                             0x08000285   Thumb Code     6  fadd.o(.text)
    __aeabi_frsub                            0x0800028b   Thumb Code     6  fadd.o(.text)
    __aeabi_fdiv                             0x08000291   Thumb Code   124  fdiv.o(.text)
    __aeabi_dadd                             0x0800030d   Thumb Code   322  dadd.o(.text)
    __aeabi_dsub                             0x0800044f   Thumb Code     6  dadd.o(.text)
    __aeabi_drsub                            0x08000455   Thumb Code     6  dadd.o(.text)
    __aeabi_dmul                             0x0800045b   Thumb Code   228  dmul.o(.text)
    __aeabi_ui2f                             0x0800053f   Thumb Code    10  ffltui.o(.text)
    __aeabi_f2d                              0x08000549   Thumb Code    38  f2d.o(.text)
    __aeabi_cdrcmple                         0x08000571   Thumb Code    48  cdrcmple.o(.text)
    __aeabi_uidiv                            0x080005a1   Thumb Code     0  uidiv.o(.text)
    __aeabi_uidivmod                         0x080005a1   Thumb Code    44  uidiv.o(.text)
    __aeabi_uldivmod                         0x080005cd   Thumb Code    98  uldiv.o(.text)
    __aeabi_llsl                             0x0800062f   Thumb Code    30  llshl.o(.text)
    _ll_shift_l                              0x0800062f   Thumb Code     0  llshl.o(.text)
    __aeabi_llsr                             0x0800064d   Thumb Code    32  llushr.o(.text)
    _ll_ushift_r                             0x0800064d   Thumb Code     0  llushr.o(.text)
    __aeabi_lasr                             0x0800066d   Thumb Code    36  llsshr.o(.text)
    _ll_sshift_r                             0x0800066d   Thumb Code     0  llsshr.o(.text)
    __I$use$fp                               0x08000691   Thumb Code     0  iusefp.o(.text)
    _float_round                             0x08000691   Thumb Code    18  fepilogue.o(.text)
    _float_epilogue                          0x080006a3   Thumb Code    92  fepilogue.o(.text)
    _double_round                            0x080006ff   Thumb Code    30  depilogue.o(.text)
    _double_epilogue                         0x0800071d   Thumb Code   156  depilogue.o(.text)
    __aeabi_ddiv                             0x080007b9   Thumb Code   222  ddiv.o(.text)
    __aeabi_d2ulz                            0x08000897   Thumb Code    48  dfixul.o(.text)
    __scatterload                            0x080008c9   Thumb Code    28  init.o(.text)
    __scatterload_rt2                        0x080008c9   Thumb Code     0  init.o(.text)
    BusFault_Handler                         0x080008ed   Thumb Code     2  stm32f10x_it.o(i.BusFault_Handler)
    DHT11_GET_Data                           0x08000939   Thumb Code   130  dht11.o(i.DHT11_GET_Data)
    DMA_GetCurrDataCounter                   0x08000a5d   Thumb Code     6  stm32f10x_dma.o(i.DMA_GetCurrDataCounter)
    DebugMon_Handler                         0x08000a63   Thumb Code     2  stm32f10x_it.o(i.DebugMon_Handler)
    Delay_ms                                 0x08000a65   Thumb Code    24  delay.o(i.Delay_ms)
    Delay_us                                 0x08000a7d   Thumb Code    32  delay.o(i.Delay_us)
    ESP8266_ConnServer                       0x08000a9d   Thumb Code   114  esp8266.o(i.ESP8266_ConnServer)
    ESP8266_GetCIFSR                         0x08000bc5   Thumb Code    36  esp8266.o(i.ESP8266_GetCIFSR)
    ESP8266_Init                             0x08000c0d   Thumb Code    26  esp8266.o(i.ESP8266_Init)
    ESP8266_MQTTCLEAN                        0x08000c29   Thumb Code    30  esp8266.o(i.ESP8266_MQTTCLEAN)
    ESP8266_MQTTCONN                         0x08000c61   Thumb Code    34  esp8266.o(i.ESP8266_MQTTCONN)
    ESP8266_MQTTPUB                          0x08000ca5   Thumb Code    36  esp8266.o(i.ESP8266_MQTTPUB)
    ESP8266_MQTTUSERCFG                      0x08000ced   Thumb Code    36  esp8266.o(i.ESP8266_MQTTUSERCFG)
    ESP8266_PrintfLog                        0x08000d41   Thumb Code    60  esp8266.o(i.ESP8266_PrintfLog)
    ESP8266_RST                              0x08000d89   Thumb Code    36  esp8266.o(i.ESP8266_RST)
    ESP8266_SendCmd                          0x08000db1   Thumb Code   128  esp8266.o(i.ESP8266_SendCmd)
    ESP8266_SetCWJAP                         0x08000e61   Thumb Code    34  esp8266.o(i.ESP8266_SetCWJAP)
    ESP8266_SetCWMODE                        0x08000ea1   Thumb Code    50  esp8266.o(i.ESP8266_SetCWMODE)
    GPIO_Init                                0x08000f8d   Thumb Code   166  stm32f10x_gpio.o(i.GPIO_Init)
    GPIO_ReadInputDataBit                    0x08001033   Thumb Code    14  stm32f10x_gpio.o(i.GPIO_ReadInputDataBit)
    GPIO_ReadOutputDataBit                   0x08001041   Thumb Code    14  stm32f10x_gpio.o(i.GPIO_ReadOutputDataBit)
    GPIO_ResetBits                           0x0800104f   Thumb Code     4  stm32f10x_gpio.o(i.GPIO_ResetBits)
    GPIO_SetBits                             0x08001053   Thumb Code     4  stm32f10x_gpio.o(i.GPIO_SetBits)
    HardFault_Handler                        0x08001057   Thumb Code     2  stm32f10x_it.o(i.HardFault_Handler)
    Key1_GetState                            0x08001059   Thumb Code    36  key.o(i.Key1_GetState)
    Key_Init                                 0x080010bd   Thumb Code     4  key.o(i.Key_Init)
    LEDB_Turn                                0x080010c1   Thumb Code    40  led.o(i.LEDB_Turn)
    LED_Init                                 0x08001121   Thumb Code     4  led.o(i.LED_Init)
    MemManage_Handler                        0x08001125   Thumb Code     2  stm32f10x_it.o(i.MemManage_Handler)
    NMI_Handler                              0x08001127   Thumb Code     2  stm32f10x_it.o(i.NMI_Handler)
    NVIC_Init                                0x08001129   Thumb Code    96  misc.o(i.NVIC_Init)
    NVIC_PriorityGroupConfig                 0x0800118d   Thumb Code    10  misc.o(i.NVIC_PriorityGroupConfig)
    RCC_APB1PeriphClockCmd                   0x080011a1   Thumb Code    22  stm32f10x_rcc.o(i.RCC_APB1PeriphClockCmd)
    RCC_APB2PeriphClockCmd                   0x080011bd   Thumb Code    22  stm32f10x_rcc.o(i.RCC_APB2PeriphClockCmd)
    RCC_GetClocksFreq                        0x080011d9   Thumb Code   154  stm32f10x_rcc.o(i.RCC_GetClocksFreq)
    Serial_Init                              0x080012cd   Thumb Code    14  serial.o(i.Serial_Init)
    Serial_Printf                            0x080012db   Thumb Code    28  serial.o(i.Serial_Printf)
    Serial_SendByte                          0x080012f9   Thumb Code    26  serial.o(i.Serial_SendByte)
    Serial_SendString                        0x08001319   Thumb Code    24  serial.o(i.Serial_SendString)
    SysTick_Handler                          0x08001459   Thumb Code    20  stm32f10x_it.o(i.SysTick_Handler)
    SystemInit                               0x0800146d   Thumb Code    64  system_stm32f10x.o(i.SystemInit)
    USART1_IRQHandler                        0x080014bd   Thumb Code   178  serial.o(i.USART1_IRQHandler)
    USART2_IRQHandler                        0x0800157d   Thumb Code    48  rd03.o(i.USART2_IRQHandler)
    USART3_IRQHandler                        0x080015b9   Thumb Code   104  esp8266.o(i.USART3_IRQHandler)
    USART_ClearITPendingBit                  0x08001629   Thumb Code    16  stm32f10x_usart.o(i.USART_ClearITPendingBit)
    USART_Cmd                                0x08001639   Thumb Code    24  stm32f10x_usart.o(i.USART_Cmd)
    USART_GetFlagStatus                      0x08001651   Thumb Code    14  stm32f10x_usart.o(i.USART_GetFlagStatus)
    USART_GetITStatus                        0x0800165f   Thumb Code    64  stm32f10x_usart.o(i.USART_GetITStatus)
    USART_ITConfig                           0x0800169f   Thumb Code    54  stm32f10x_usart.o(i.USART_ITConfig)
    USART_Init                               0x080016d5   Thumb Code   182  stm32f10x_usart.o(i.USART_Init)
    USART_ReceiveData                        0x08001791   Thumb Code     8  stm32f10x_usart.o(i.USART_ReceiveData)
    USART_SendData                           0x08001799   Thumb Code     8  stm32f10x_usart.o(i.USART_SendData)
    UsageFault_Handler                       0x080017a1   Thumb Code     2  stm32f10x_it.o(i.UsageFault_Handler)
    __0sprintf                               0x080017a5   Thumb Code    34  printfa.o(i.__0sprintf)
    __1sprintf                               0x080017a5   Thumb Code     0  printfa.o(i.__0sprintf)
    __2sprintf                               0x080017a5   Thumb Code     0  printfa.o(i.__0sprintf)
    __c89sprintf                             0x080017a5   Thumb Code     0  printfa.o(i.__0sprintf)
    sprintf                                  0x080017a5   Thumb Code     0  printfa.o(i.__0sprintf)
    __0vsprintf                              0x080017cd   Thumb Code    30  printfa.o(i.__0vsprintf)
    __1vsprintf                              0x080017cd   Thumb Code     0  printfa.o(i.__0vsprintf)
    __2vsprintf                              0x080017cd   Thumb Code     0  printfa.o(i.__0vsprintf)
    __c89vsprintf                            0x080017cd   Thumb Code     0  printfa.o(i.__0vsprintf)
    vsprintf                                 0x080017cd   Thumb Code     0  printfa.o(i.__0vsprintf)
    __scatterload_copy                       0x080017f1   Thumb Code    14  handlers.o(i.__scatterload_copy)
    __scatterload_null                       0x080017ff   Thumb Code     2  handlers.o(i.__scatterload_null)
    __scatterload_zeroinit                   0x08001801   Thumb Code    14  handlers.o(i.__scatterload_zeroinit)
    main                                     0x080020cd   Thumb Code   224  main.o(i.main)
    vTaskSwitchContext                       0x0800226d   Thumb Code    70  tasks.o(i.vTaskSwitchContext)
    xPortSysTickHandler                      0x080022bd   Thumb Code    38  port.o(i.xPortSysTickHandler)
    xTaskGetSchedulerState                   0x080022e9   Thumb Code    24  tasks.o(i.xTaskGetSchedulerState)
    xTaskIncrementTick                       0x08002305   Thumb Code   278  tasks.o(i.xTaskIncrementTick)
    Region$$Table$$Base                      0x080024e0   Number         0  anon$$obj.o(Region$$Table)
    Region$$Table$$Limit                     0x08002500   Number         0  anon$$obj.o(Region$$Table)
    Serial_RxFlag                            0x20000016   Data           1  serial.o(.data)
    Serial_Mode_Flag                         0x20000017   Data           1  serial.o(.data)
    Serial_RxHexPacket                       0x20000018   Data           4  serial.o(.data)
    DHT11_Data                               0x2000001c   Data           5  dht11.o(.data)
    RD03_RxFlag                              0x20000021   Data           1  rd03.o(.data)
    RD03_RxIndex                             0x20000022   Data           1  rd03.o(.data)
    RD03_Range                               0x20000023   Data           1  rd03.o(.data)
    pxCurrentTCB                             0x20000024   Data           4  tasks.o(.data)
    Serial_RxTextPacket                      0x20000064   Data         100  serial.o(.bss)
    ESP8266_Data                             0x200000c8   Data        1026  esp8266.o(.bss)
    __initial_sp                             0x20000998   Data           0  startup_stm32f10x_md.o(STACK)



==============================================================================

Memory Map of the image

  Image Entry point : 0x080000ed

  Load Region LR_IROM1 (Base: 0x08000000, Size: 0x00002564, Max: 0x00080000, ABSOLUTE)

    Execution Region ER_IROM1 (Exec base: 0x08000000, Load base: 0x08000000, Size: 0x00002500, Max: 0x00080000, ABSOLUTE)

    Exec Addr    Load Addr    Size         Type   Attr      Idx    E Section Name        Object

    0x08000000   0x08000000   0x000000ec   Data   RO            3    RESET               startup_stm32f10x_md.o
    0x080000ec   0x080000ec   0x00000000   Code   RO         5344  * .ARM.Collect$$$$00000000  mc_w.l(entry.o)
    0x080000ec   0x080000ec   0x00000004   Code   RO         5712    .ARM.Collect$$$$00000001  mc_w.l(entry2.o)
    0x080000f0   0x080000f0   0x00000004   Code   RO         5715    .ARM.Collect$$$$00000004  mc_w.l(entry5.o)
    0x080000f4   0x080000f4   0x00000000   Code   RO         5717    .ARM.Collect$$$$00000008  mc_w.l(entry7b.o)
    0x080000f4   0x080000f4   0x00000000   Code   RO         5719    .ARM.Collect$$$$0000000A  mc_w.l(entry8b.o)
    0x080000f4   0x080000f4   0x00000008   Code   RO         5720    .ARM.Collect$$$$0000000B  mc_w.l(entry9a.o)
    0x080000fc   0x080000fc   0x00000000   Code   RO         5722    .ARM.Collect$$$$0000000D  mc_w.l(entry10a.o)
    0x080000fc   0x080000fc   0x00000000   Code   RO         5724    .ARM.Collect$$$$0000000F  mc_w.l(entry11a.o)
    0x080000fc   0x080000fc   0x00000004   Code   RO         5713    .ARM.Collect$$$$00002712  mc_w.l(entry2.o)
    0x08000100   0x08000100   0x00000096   Code   RO         5192    .emb_text           port.o
    0x08000196   0x08000196   0x00000002   PAD
    0x08000198   0x08000198   0x00000024   Code   RO            4    .text               startup_stm32f10x_md.o
    0x080001bc   0x080001bc   0x00000024   Code   RO         5360    .text               mc_w.l(strstr.o)
    0x080001e0   0x080001e0   0x000000b0   Code   RO         5665    .text               mf_w.l(fadd.o)
    0x08000290   0x08000290   0x0000007c   Code   RO         5667    .text               mf_w.l(fdiv.o)
    0x0800030c   0x0800030c   0x0000014e   Code   RO         5669    .text               mf_w.l(dadd.o)
    0x0800045a   0x0800045a   0x000000e4   Code   RO         5671    .text               mf_w.l(dmul.o)
    0x0800053e   0x0800053e   0x0000000a   Code   RO         5673    .text               mf_w.l(ffltui.o)
    0x08000548   0x08000548   0x00000026   Code   RO         5679    .text               mf_w.l(f2d.o)
    0x0800056e   0x0800056e   0x00000002   PAD
    0x08000570   0x08000570   0x00000030   Code   RO         5683    .text               mf_w.l(cdrcmple.o)
    0x080005a0   0x080005a0   0x0000002c   Code   RO         5727    .text               mc_w.l(uidiv.o)
    0x080005cc   0x080005cc   0x00000062   Code   RO         5729    .text               mc_w.l(uldiv.o)
    0x0800062e   0x0800062e   0x0000001e   Code   RO         5731    .text               mc_w.l(llshl.o)
    0x0800064c   0x0800064c   0x00000020   Code   RO         5733    .text               mc_w.l(llushr.o)
    0x0800066c   0x0800066c   0x00000024   Code   RO         5735    .text               mc_w.l(llsshr.o)
    0x08000690   0x08000690   0x00000000   Code   RO         5754    .text               mc_w.l(iusefp.o)
    0x08000690   0x08000690   0x0000006e   Code   RO         5755    .text               mf_w.l(fepilogue.o)
    0x080006fe   0x080006fe   0x000000ba   Code   RO         5757    .text               mf_w.l(depilogue.o)
    0x080007b8   0x080007b8   0x000000de   Code   RO         5759    .text               mf_w.l(ddiv.o)
    0x08000896   0x08000896   0x00000030   Code   RO         5763    .text               mf_w.l(dfixul.o)
    0x080008c6   0x080008c6   0x00000002   PAD
    0x080008c8   0x080008c8   0x00000024   Code   RO         5765    .text               mc_w.l(init.o)
    0x080008ec   0x080008ec   0x00000002   Code   RO         4360    i.BusFault_Handler  stm32f10x_it.o
    0x080008ee   0x080008ee   0x00000002   PAD
    0x080008f0   0x080008f0   0x00000048   Code   RO         3837    i.DHT11_GET_Byte    dht11.o
    0x08000938   0x08000938   0x0000008c   Code   RO         3838    i.DHT11_GET_Data    dht11.o
    0x080009c4   0x080009c4   0x0000002c   Code   RO         3839    i.DHT11_Init_IN     dht11.o
    0x080009f0   0x080009f0   0x0000002c   Code   RO         3840    i.DHT11_Init_OUT    dht11.o
    0x08000a1c   0x08000a1c   0x00000040   Code   RO         3841    i.DHT11_Start       dht11.o
    0x08000a5c   0x08000a5c   0x00000006   Code   RO          889    i.DMA_GetCurrDataCounter  stm32f10x_dma.o
    0x08000a62   0x08000a62   0x00000002   Code   RO         4361    i.DebugMon_Handler  stm32f10x_it.o
    0x08000a64   0x08000a64   0x00000018   Code   RO         3193    i.Delay_ms          delay.o
    0x08000a7c   0x08000a7c   0x00000020   Code   RO         3195    i.Delay_us          delay.o
    0x08000a9c   0x08000a9c   0x000000d4   Code   RO         4023    i.ESP8266_ConnServer  esp8266.o
    0x08000b70   0x08000b70   0x00000054   Code   RO         4024    i.ESP8266_GPIO_Init  esp8266.o
    0x08000bc4   0x08000bc4   0x00000048   Code   RO         4025    i.ESP8266_GetCIFSR  esp8266.o
    0x08000c0c   0x08000c0c   0x0000001a   Code   RO         4026    i.ESP8266_Init      esp8266.o
    0x08000c26   0x08000c26   0x00000002   PAD
    0x08000c28   0x08000c28   0x00000038   Code   RO         4027    i.ESP8266_MQTTCLEAN  esp8266.o
    0x08000c60   0x08000c60   0x00000044   Code   RO         4028    i.ESP8266_MQTTCONN  esp8266.o
    0x08000ca4   0x08000ca4   0x00000048   Code   RO         4029    i.ESP8266_MQTTPUB   esp8266.o
    0x08000cec   0x08000cec   0x00000054   Code   RO         4031    i.ESP8266_MQTTUSERCFG  esp8266.o
    0x08000d40   0x08000d40   0x00000048   Code   RO         4032    i.ESP8266_PrintfLog  esp8266.o
    0x08000d88   0x08000d88   0x00000028   Code   RO         4033    i.ESP8266_RST       esp8266.o
    0x08000db0   0x08000db0   0x00000084   Code   RO         4035    i.ESP8266_SendCmd   esp8266.o
    0x08000e34   0x08000e34   0x0000002c   Code   RO         4037    i.ESP8266_SendString  esp8266.o
    0x08000e60   0x08000e60   0x00000040   Code   RO         4038    i.ESP8266_SetCWJAP  esp8266.o
    0x08000ea0   0x08000ea0   0x00000074   Code   RO         4039    i.ESP8266_SetCWMODE  esp8266.o
    0x08000f14   0x08000f14   0x00000078   Code   RO         4040    i.ESP8266_USART_Init  esp8266.o
    0x08000f8c   0x08000f8c   0x000000a6   Code   RO         1311    i.GPIO_Init         stm32f10x_gpio.o
    0x08001032   0x08001032   0x0000000e   Code   RO         1315    i.GPIO_ReadInputDataBit  stm32f10x_gpio.o
    0x08001040   0x08001040   0x0000000e   Code   RO         1317    i.GPIO_ReadOutputDataBit  stm32f10x_gpio.o
    0x0800104e   0x0800104e   0x00000004   Code   RO         1318    i.GPIO_ResetBits    stm32f10x_gpio.o
    0x08001052   0x08001052   0x00000004   Code   RO         1319    i.GPIO_SetBits      stm32f10x_gpio.o
    0x08001056   0x08001056   0x00000002   Code   RO         4362    i.HardFault_Handler  stm32f10x_it.o
    0x08001058   0x08001058   0x00000028   Code   RO         3625    i.Key1_GetState     key.o
    0x08001080   0x08001080   0x0000003c   Code   RO         3627    i.Key_GPIO_Init     key.o
    0x080010bc   0x080010bc   0x00000004   Code   RO         3628    i.Key_Init          key.o
    0x080010c0   0x080010c0   0x0000002c   Code   RO         3658    i.LEDB_Turn         led.o
    0x080010ec   0x080010ec   0x00000034   Code   RO         3663    i.LED_GPIO_Init     led.o
    0x08001120   0x08001120   0x00000004   Code   RO         3664    i.LED_Init          led.o
    0x08001124   0x08001124   0x00000002   Code   RO         4363    i.MemManage_Handler  stm32f10x_it.o
    0x08001126   0x08001126   0x00000002   Code   RO         4364    i.NMI_Handler       stm32f10x_it.o
    0x08001128   0x08001128   0x00000064   Code   RO          137    i.NVIC_Init         misc.o
    0x0800118c   0x0800118c   0x00000014   Code   RO          138    i.NVIC_PriorityGroupConfig  misc.o
    0x080011a0   0x080011a0   0x0000001c   Code   RO         1727    i.RCC_APB1PeriphClockCmd  stm32f10x_rcc.o
    0x080011bc   0x080011bc   0x0000001c   Code   RO         1729    i.RCC_APB2PeriphClockCmd  stm32f10x_rcc.o
    0x080011d8   0x080011d8   0x000000ac   Code   RO         1737    i.RCC_GetClocksFreq  stm32f10x_rcc.o
    0x08001284   0x08001284   0x00000048   Code   RO         3745    i.Serial_GPIO_Init  serial.o
    0x080012cc   0x080012cc   0x0000000e   Code   RO         3747    i.Serial_Init       serial.o
    0x080012da   0x080012da   0x0000001c   Code   RO         3749    i.Serial_Printf     serial.o
    0x080012f6   0x080012f6   0x00000002   PAD
    0x080012f8   0x080012f8   0x00000020   Code   RO         3751    i.Serial_SendByte   serial.o
    0x08001318   0x08001318   0x00000018   Code   RO         3753    i.Serial_SendString  serial.o
    0x08001330   0x08001330   0x00000074   Code   RO         3754    i.Serial_USART_Init  serial.o
    0x080013a4   0x080013a4   0x00000004   Code   RO           24    i.SetSysClock       system_stm32f10x.o
    0x080013a8   0x080013a8   0x000000b0   Code   RO           25    i.SetSysClockTo72   system_stm32f10x.o
    0x08001458   0x08001458   0x00000014   Code   RO         4365    i.SysTick_Handler   stm32f10x_it.o
    0x0800146c   0x0800146c   0x00000050   Code   RO           27    i.SystemInit        system_stm32f10x.o
    0x080014bc   0x080014bc   0x000000c0   Code   RO         3755    i.USART1_IRQHandler  serial.o
    0x0800157c   0x0800157c   0x0000003c   Code   RO         3909    i.USART2_IRQHandler  rd03.o
    0x080015b8   0x080015b8   0x00000070   Code   RO         4041    i.USART3_IRQHandler  esp8266.o
    0x08001628   0x08001628   0x00000010   Code   RO         2894    i.USART_ClearITPendingBit  stm32f10x_usart.o
    0x08001638   0x08001638   0x00000018   Code   RO         2897    i.USART_Cmd         stm32f10x_usart.o
    0x08001650   0x08001650   0x0000000e   Code   RO         2900    i.USART_GetFlagStatus  stm32f10x_usart.o
    0x0800165e   0x0800165e   0x00000040   Code   RO         2901    i.USART_GetITStatus  stm32f10x_usart.o
    0x0800169e   0x0800169e   0x00000036   Code   RO         2903    i.USART_ITConfig    stm32f10x_usart.o
    0x080016d4   0x080016d4   0x000000bc   Code   RO         2904    i.USART_Init        stm32f10x_usart.o
    0x08001790   0x08001790   0x00000008   Code   RO         2911    i.USART_ReceiveData  stm32f10x_usart.o
    0x08001798   0x08001798   0x00000008   Code   RO         2914    i.USART_SendData    stm32f10x_usart.o
    0x080017a0   0x080017a0   0x00000002   Code   RO         4366    i.UsageFault_Handler  stm32f10x_it.o
    0x080017a2   0x080017a2   0x00000002   PAD
    0x080017a4   0x080017a4   0x00000028   Code   RO         5609    i.__0sprintf        mc_w.l(printfa.o)
    0x080017cc   0x080017cc   0x00000024   Code   RO         5613    i.__0vsprintf       mc_w.l(printfa.o)
    0x080017f0   0x080017f0   0x0000000e   Code   RO         5803    i.__scatterload_copy  mc_w.l(handlers.o)
    0x080017fe   0x080017fe   0x00000002   Code   RO         5804    i.__scatterload_null  mc_w.l(handlers.o)
    0x08001800   0x08001800   0x0000000e   Code   RO         5805    i.__scatterload_zeroinit  mc_w.l(handlers.o)
    0x0800180e   0x0800180e   0x00000002   PAD
    0x08001810   0x08001810   0x00000184   Code   RO         5614    i._fp_digits        mc_w.l(printfa.o)
    0x08001994   0x08001994   0x000006dc   Code   RO         5615    i._printf_core      mc_w.l(printfa.o)
    0x08002070   0x08002070   0x00000024   Code   RO         5616    i._printf_post_padding  mc_w.l(printfa.o)
    0x08002094   0x08002094   0x0000002e   Code   RO         5617    i._printf_pre_padding  mc_w.l(printfa.o)
    0x080020c2   0x080020c2   0x0000000a   Code   RO         5619    i._sputc            mc_w.l(printfa.o)
    0x080020cc   0x080020cc   0x00000180   Code   RO         4333    i.main              main.o
    0x0800224c   0x0800224c   0x00000020   Code   RO         4867    i.prvResetNextTaskUnblockTime  tasks.o
    0x0800226c   0x0800226c   0x00000050   Code   RO         4891    i.vTaskSwitchContext  tasks.o
    0x080022bc   0x080022bc   0x0000002c   Code   RO         5200    i.xPortSysTickHandler  port.o
    0x080022e8   0x080022e8   0x0000001c   Code   RO         4902    i.xTaskGetSchedulerState  tasks.o
    0x08002304   0x08002304   0x00000120   Code   RO         4905    i.xTaskIncrementTick  tasks.o
    0x08002424   0x08002424   0x000000bc   Data   RO         4334    .conststring        main.o
    0x080024e0   0x080024e0   0x00000020   Data   RO         5801    Region$$Table       anon$$obj.o


    Execution Region RW_IRAM1 (Exec base: 0x20000000, Load base: 0x08002500, Size: 0x00000998, Max: 0x00010000, ABSOLUTE)

    Exec Addr    Load Addr    Size         Type   Attr      Idx    E Section Name        Object

    0x20000000   0x08002500   0x00000014   Data   RW         1757    .data               stm32f10x_rcc.o
    0x20000014   0x08002514   0x00000008   Data   RW         3759    .data               serial.o
    0x2000001c   0x0800251c   0x00000005   Data   RW         3842    .data               dht11.o
    0x20000021   0x08002521   0x00000003   Data   RW         3911    .data               rd03.o
    0x20000024   0x08002524   0x00000040   Data   RW         4910    .data               tasks.o
    0x20000064        -       0x00000064   Zero   RW         3758    .bss                serial.o
    0x200000c8        -       0x00000402   Zero   RW         4042    .bss                esp8266.o
    0x200004ca   0x08002564   0x00000002   PAD
    0x200004cc        -       0x000000c8   Zero   RW         4909    .bss                tasks.o
    0x20000594   0x08002564   0x00000004   PAD
    0x20000598        -       0x00000400   Zero   RW            1    STACK               startup_stm32f10x_md.o


==============================================================================

Image component sizes


      Code (inc. data)   RO Data    RW Data    ZI Data      Debug   Object Name

         0          0          0          0          0       4500   core_cm3.o
        56          0          0          0          0        914   delay.o
       364         32          0          5          0       3438   dht11.o
      1374        414          0          0       1026      11116   esp8266.o
         0          0          0          0          0       2488   freertostask.o
       104         14          0          0          0       1383   key.o
       100          8          0          0          0       1299   led.o
       384        160        188          0          0        683   main.o
       120         14          0          0          0     207767   misc.o
       194         18          0          0          0       3766   port.o
        60         12          0          3          0       1193   rd03.o
       478         32          0          8        100       5215   serial.o
        36          8        236          0       1024        808   startup_stm32f10x_md.o
         6          0          0          0          0       2093   stm32f10x_dma.o
       202          0          0          0          0       4169   stm32f10x_gpio.o
        32          0          0          0          0       2915   stm32f10x_it.o
       228         30          0         20          0       4450   stm32f10x_rcc.o
       376          6          0          0          0       6783   stm32f10x_usart.o
       260         26          0          0          0      34601   system_stm32f10x.o
       428         28          0         64        200      20046   tasks.o

    ----------------------------------------------------------------------
      4812        802        456        100       2356     319627   Object Totals
         0          0         32          0          0          0   (incl. Generated)
        10          0          0          0          6          0   (incl. Padding)

    ----------------------------------------------------------------------

      Code (inc. data)   RO Data    RW Data    ZI Data      Debug   Library Member Name

         0          0          0          0          0          0   entry.o
         0          0          0          0          0          0   entry10a.o
         0          0          0          0          0          0   entry11a.o
         8          4          0          0          0          0   entry2.o
         4          0          0          0          0          0   entry5.o
         0          0          0          0          0          0   entry7b.o
         0          0          0          0          0          0   entry8b.o
         8          4          0          0          0          0   entry9a.o
        30          0          0          0          0          0   handlers.o
        36          8          0          0          0         68   init.o
         0          0          0          0          0          0   iusefp.o
        30          0          0          0          0         68   llshl.o
        36          0          0          0          0         68   llsshr.o
        32          0          0          0          0         68   llushr.o
      2312         92          0          0          0        600   printfa.o
        36          0          0          0          0         80   strstr.o
        44          0          0          0          0         80   uidiv.o
        98          0          0          0          0         92   uldiv.o
        48          0          0          0          0         68   cdrcmple.o
       334          0          0          0          0        148   dadd.o
       222          0          0          0          0        100   ddiv.o
       186          0          0          0          0        176   depilogue.o
        48          0          0          0          0         68   dfixul.o
       228          0          0          0          0         96   dmul.o
        38          0          0          0          0         68   f2d.o
       176          0          0          0          0        140   fadd.o
       124          0          0          0          0         88   fdiv.o
       110          0          0          0          0        168   fepilogue.o
        10          0          0          0          0         68   ffltui.o

    ----------------------------------------------------------------------
      4204        108          0          0          0       2312   Library Totals
         6          0          0          0          0          0   (incl. Padding)

    ----------------------------------------------------------------------

      Code (inc. data)   RO Data    RW Data    ZI Data      Debug   Library Name

      2674        108          0          0          0       1124   mc_w.l
      1524          0          0          0          0       1188   mf_w.l

    ----------------------------------------------------------------------
      4204        108          0          0          0       2312   Library Totals

    ----------------------------------------------------------------------

==============================================================================


      Code (inc. data)   RO Data    RW Data    ZI Data      Debug   

      9016        910        456        100       2356     317359   Grand Totals
      9016        910        456        100       2356     317359   ELF Image Totals
      9016        910        456        100          0          0   ROM Totals

==============================================================================

    Total RO  Size (Code + RO Data)                 9472 (   9.25kB)
    Total RW  Size (RW Data + ZI Data)              2456 (   2.40kB)
    Total ROM Size (Code + RO Data + RW Data)       9572 (   9.35kB)

==============================================================================

